<?xml version="1.0"?>
<link_info>
   <banner>TI ARM Linker PC v5.1.6</banner>
   <copyright>Copyright (c) 1996-2014 Texas Instruments Incorporated</copyright>
   <link_time>0x56f80d0f</link_time>
   <link_errors>0x0</link_errors>
   <output_file>enet_io.out</output_file>
   <entry_point>
      <name>_c_int00</name>
      <address>0xe7779</address>
   </entry_point>
   <input_file_list>
      <input_file id="fl-2">
         <path>.\</path>
         <kind>object</kind>
         <file>cgifuncs.obj</file>
         <name>cgifuncs.obj</name>
      </input_file>
      <input_file id="fl-3">
         <path>.\</path>
         <kind>object</kind>
         <file>enet_io.obj</file>
         <name>enet_io.obj</name>
      </input_file>
      <input_file id="fl-4">
         <path>.\</path>
         <kind>object</kind>
         <file>io.obj</file>
         <name>io.obj</name>
      </input_file>
      <input_file id="fl-5">
         <path>.\</path>
         <kind>object</kind>
         <file>io_fs.obj</file>
         <name>io_fs.obj</name>
      </input_file>
      <input_file id="fl-6">
         <path>.\</path>
         <kind>object</kind>
         <file>startup_ccs.obj</file>
         <name>startup_ccs.obj</name>
      </input_file>
      <input_file id="fl-7">
         <path>.\utils\</path>
         <kind>object</kind>
         <file>locator.obj</file>
         <name>locator.obj</name>
      </input_file>
      <input_file id="fl-8">
         <path>.\utils\</path>
         <kind>object</kind>
         <file>lwiplib.obj</file>
         <name>lwiplib.obj</name>
      </input_file>
      <input_file id="fl-9">
         <path>.\utils\</path>
         <kind>object</kind>
         <file>uartstdio.obj</file>
         <name>uartstdio.obj</name>
      </input_file>
      <input_file id="fl-a">
         <path>.\utils\</path>
         <kind>object</kind>
         <file>ustdlib.obj</file>
         <name>ustdlib.obj</name>
      </input_file>
      <input_file id="fl-b">
         <path>.\third_party\lwip-1.4.1\apps\httpserver_raw\</path>
         <kind>object</kind>
         <file>httpd.obj</file>
         <name>httpd.obj</name>
      </input_file>
      <input_file id="fl-c">
         <path>.\drivers\</path>
         <kind>object</kind>
         <file>pinout.obj</file>
         <name>pinout.obj</name>
      </input_file>
      <input_file id="fl-13a">
         <path>c:\ti\ccsv6\tools\compiler\arm_5.1.6\lib\</path>
         <kind>archive</kind>
         <file>rtsv7M4_T_le_v4SPD16_eabi.lib</file>
         <name>boot.obj</name>
      </input_file>
      <input_file id="fl-13b">
         <path>c:\ti\ccsv6\tools\compiler\arm_5.1.6\lib\</path>
         <kind>archive</kind>
         <file>rtsv7M4_T_le_v4SPD16_eabi.lib</file>
         <name>copy_decompress_none.obj</name>
      </input_file>
      <input_file id="fl-13c">
         <path>c:\ti\ccsv6\tools\compiler\arm_5.1.6\lib\</path>
         <kind>archive</kind>
         <file>rtsv7M4_T_le_v4SPD16_eabi.lib</file>
         <name>copy_decompress_rle.obj</name>
      </input_file>
      <input_file id="fl-13d">
         <path>c:\ti\ccsv6\tools\compiler\arm_5.1.6\lib\</path>
         <kind>archive</kind>
         <file>rtsv7M4_T_le_v4SPD16_eabi.lib</file>
         <name>copy_zero_init.obj</name>
      </input_file>
      <input_file id="fl-13e">
         <path>c:\ti\ccsv6\tools\compiler\arm_5.1.6\lib\</path>
         <kind>archive</kind>
         <file>rtsv7M4_T_le_v4SPD16_eabi.lib</file>
         <name>exit.obj</name>
      </input_file>
      <input_file id="fl-13f">
         <path>c:\ti\ccsv6\tools\compiler\arm_5.1.6\lib\</path>
         <kind>archive</kind>
         <file>rtsv7M4_T_le_v4SPD16_eabi.lib</file>
         <name>memcmp.obj</name>
      </input_file>
      <input_file id="fl-140">
         <path>c:\ti\ccsv6\tools\compiler\arm_5.1.6\lib\</path>
         <kind>archive</kind>
         <file>rtsv7M4_T_le_v4SPD16_eabi.lib</file>
         <name>memcpy_t2.obj</name>
      </input_file>
      <input_file id="fl-141">
         <path>c:\ti\ccsv6\tools\compiler\arm_5.1.6\lib\</path>
         <kind>archive</kind>
         <file>rtsv7M4_T_le_v4SPD16_eabi.lib</file>
         <name>memset_t2.obj</name>
      </input_file>
      <input_file id="fl-142">
         <path>c:\ti\ccsv6\tools\compiler\arm_5.1.6\lib\</path>
         <kind>archive</kind>
         <file>rtsv7M4_T_le_v4SPD16_eabi.lib</file>
         <name>stkdepth_vars.obj</name>
      </input_file>
      <input_file id="fl-143">
         <path>c:\ti\ccsv6\tools\compiler\arm_5.1.6\lib\</path>
         <kind>archive</kind>
         <file>rtsv7M4_T_le_v4SPD16_eabi.lib</file>
         <name>strchr.obj</name>
      </input_file>
      <input_file id="fl-144">
         <path>c:\ti\ccsv6\tools\compiler\arm_5.1.6\lib\</path>
         <kind>archive</kind>
         <file>rtsv7M4_T_le_v4SPD16_eabi.lib</file>
         <name>strcmp.obj</name>
      </input_file>
      <input_file id="fl-145">
         <path>c:\ti\ccsv6\tools\compiler\arm_5.1.6\lib\</path>
         <kind>archive</kind>
         <file>rtsv7M4_T_le_v4SPD16_eabi.lib</file>
         <name>strlen.obj</name>
      </input_file>
      <input_file id="fl-146">
         <path>c:\ti\ccsv6\tools\compiler\arm_5.1.6\lib\</path>
         <kind>archive</kind>
         <file>rtsv7M4_T_le_v4SPD16_eabi.lib</file>
         <name>strncmp.obj</name>
      </input_file>
      <input_file id="fl-147">
         <path>c:\ti\ccsv6\tools\compiler\arm_5.1.6\lib\</path>
         <kind>archive</kind>
         <file>rtsv7M4_T_le_v4SPD16_eabi.lib</file>
         <name>strstr.obj</name>
      </input_file>
      <input_file id="fl-148">
         <path>c:\ti\ccsv6\tools\compiler\arm_5.1.6\lib\</path>
         <kind>archive</kind>
         <file>rtsv7M4_T_le_v4SPD16_eabi.lib</file>
         <name>u_divt2.obj</name>
      </input_file>
      <input_file id="fl-149">
         <path>c:\ti\ccsv6\tools\compiler\arm_5.1.6\lib\</path>
         <kind>archive</kind>
         <file>rtsv7M4_T_le_v4SPD16_eabi.lib</file>
         <name>_lock.obj</name>
      </input_file>
      <input_file id="fl-14a">
         <path>c:\ti\ccsv6\tools\compiler\arm_5.1.6\lib\</path>
         <kind>archive</kind>
         <file>rtsv7M4_T_le_v4SPD16_eabi.lib</file>
         <name>args_main.obj</name>
      </input_file>
      <input_file id="fl-14b">
         <path>c:\ti\ccsv6\tools\compiler\arm_5.1.6\lib\</path>
         <kind>archive</kind>
         <file>rtsv7M4_T_le_v4SPD16_eabi.lib</file>
         <name>auto_init.obj</name>
      </input_file>
      <input_file id="fl-14c">
         <path>c:\ti\ccsv6\tools\compiler\arm_5.1.6\lib\</path>
         <kind>archive</kind>
         <file>rtsv7M4_T_le_v4SPD16_eabi.lib</file>
         <name>cpy_tbl.obj</name>
      </input_file>
      <input_file id="fl-14d">
         <path>C:\ti\TivaWare_C_Series-2.1.0.12573\examples\boards\ek-tm4c1294xl\enet_io\ccs\..\..\..\..\..\driverlib\ccs\Debug\</path>
         <kind>archive</kind>
         <file>driverlib.lib</file>
         <name>uart.obj</name>
      </input_file>
      <input_file id="fl-14e">
         <path>C:\ti\TivaWare_C_Series-2.1.0.12573\examples\boards\ek-tm4c1294xl\enet_io\ccs\..\..\..\..\..\driverlib\ccs\Debug\</path>
         <kind>archive</kind>
         <file>driverlib.lib</file>
         <name>timer.obj</name>
      </input_file>
      <input_file id="fl-14f">
         <path>C:\ti\TivaWare_C_Series-2.1.0.12573\examples\boards\ek-tm4c1294xl\enet_io\ccs\..\..\..\..\..\driverlib\ccs\Debug\</path>
         <kind>archive</kind>
         <file>driverlib.lib</file>
         <name>systick.obj</name>
      </input_file>
      <input_file id="fl-150">
         <path>C:\ti\TivaWare_C_Series-2.1.0.12573\examples\boards\ek-tm4c1294xl\enet_io\ccs\..\..\..\..\..\driverlib\ccs\Debug\</path>
         <kind>archive</kind>
         <file>driverlib.lib</file>
         <name>sysctl.obj</name>
      </input_file>
      <input_file id="fl-151">
         <path>C:\ti\TivaWare_C_Series-2.1.0.12573\examples\boards\ek-tm4c1294xl\enet_io\ccs\..\..\..\..\..\driverlib\ccs\Debug\</path>
         <kind>archive</kind>
         <file>driverlib.lib</file>
         <name>interrupt.obj</name>
      </input_file>
      <input_file id="fl-152">
         <path>C:\ti\TivaWare_C_Series-2.1.0.12573\examples\boards\ek-tm4c1294xl\enet_io\ccs\..\..\..\..\..\driverlib\ccs\Debug\</path>
         <kind>archive</kind>
         <file>driverlib.lib</file>
         <name>gpio.obj</name>
      </input_file>
      <input_file id="fl-153">
         <path>C:\ti\TivaWare_C_Series-2.1.0.12573\examples\boards\ek-tm4c1294xl\enet_io\ccs\..\..\..\..\..\driverlib\ccs\Debug\</path>
         <kind>archive</kind>
         <file>driverlib.lib</file>
         <name>flash.obj</name>
      </input_file>
      <input_file id="fl-154">
         <path>C:\ti\TivaWare_C_Series-2.1.0.12573\examples\boards\ek-tm4c1294xl\enet_io\ccs\..\..\..\..\..\driverlib\ccs\Debug\</path>
         <kind>archive</kind>
         <file>driverlib.lib</file>
         <name>emac.obj</name>
      </input_file>
      <input_file id="fl-155">
         <path>C:\ti\TivaWare_C_Series-2.1.0.12573\examples\boards\ek-tm4c1294xl\enet_io\ccs\..\..\..\..\..\driverlib\ccs\Debug\</path>
         <kind>archive</kind>
         <file>driverlib.lib</file>
         <name>cpu.obj</name>
      </input_file>
      <input_file id="fl-156">
         <path>C:\ti\TivaWare_C_Series-2.1.0.12573\examples\boards\ek-tm4c1294xl\enet_io\ccs\..\..\..\..\..\driverlib\ccs\Debug\</path>
         <kind>archive</kind>
         <file>driverlib.lib</file>
         <name>sw_crc.obj</name>
      </input_file>
   </input_file_list>
   <object_component_list>
      <object_component id="oc-e">
         <name>.intvecs</name>
         <load_address>0x0</load_address>
         <run_address>0x0</run_address>
         <size>0x200</size>
         <input_file_ref idref="fl-6"/>
      </object_component>
      <object_component id="oc-7ce">
         <name>.text:tcp_receive</name>
         <load_address>0xe1248</load_address>
         <run_address>0xe1248</run_address>
         <size>0x76c</size>
         <input_file_ref idref="fl-8"/>
      </object_component>
      <object_component id="oc-8c8">
         <name>.text:fs_open</name>
         <load_address>0xe19b4</load_address>
         <run_address>0xe19b4</run_address>
         <size>0x540</size>
         <input_file_ref idref="fl-5"/>
      </object_component>
      <object_component id="oc-78b">
         <name>.text:http_send_data</name>
         <load_address>0xe1ef4</load_address>
         <run_address>0xe1ef4</run_address>
         <size>0x49e</size>
         <input_file_ref idref="fl-b"/>
      </object_component>
      <object_component id="oc-35">
         <name>.text:FaultISR</name>
         <load_address>0xe2392</load_address>
         <run_address>0xe2392</run_address>
         <size>0x2</size>
         <input_file_ref idref="fl-6"/>
      </object_component>
      <object_component id="oc-518">
         <name>.text:tcp_input</name>
         <load_address>0xe2394</load_address>
         <run_address>0xe2394</run_address>
         <size>0x3d0</size>
         <input_file_ref idref="fl-8"/>
      </object_component>
      <object_component id="oc-666">
         <name>.text:tcp_process</name>
         <load_address>0xe2764</load_address>
         <run_address>0xe2764</run_address>
         <size>0x3b0</size>
         <input_file_ref idref="fl-8"/>
      </object_component>
      <object_component id="oc-8eb">
         <name>.text:tcp_write</name>
         <load_address>0xe2b14</load_address>
         <run_address>0xe2b14</run_address>
         <size>0x2dc</size>
         <input_file_ref idref="fl-8"/>
      </object_component>
      <object_component id="oc-2d7">
         <name>.text:tcp_slowtmr</name>
         <load_address>0xe2df0</load_address>
         <run_address>0xe2df0</run_address>
         <size>0x2bc</size>
         <input_file_ref idref="fl-8"/>
      </object_component>
      <object_component id="oc-532">
         <name>.text:uvsnprintf</name>
         <load_address>0xe30ac</load_address>
         <run_address>0xe30ac</run_address>
         <size>0x245</size>
         <input_file_ref idref="fl-a"/>
      </object_component>
      <object_component id="oc-3b">
         <name>.text:IntDefaultHandler</name>
         <load_address>0xe32f2</load_address>
         <run_address>0xe32f2</run_address>
         <size>0x2</size>
         <input_file_ref idref="fl-6"/>
      </object_component>
      <object_component id="oc-1db">
         <name>.text:PinoutSet</name>
         <load_address>0xe32f4</load_address>
         <run_address>0xe32f4</run_address>
         <size>0x214</size>
         <input_file_ref idref="fl-c"/>
      </object_component>
      <object_component id="oc-1d5">
         <name>.text:SysCtlClockFreqSet</name>
         <load_address>0xe3508</load_address>
         <run_address>0xe3508</run_address>
         <size>0x1fc</size>
         <input_file_ref idref="fl-150"/>
      </object_component>
      <object_component id="oc-373">
         <name>.text:UARTvprintf</name>
         <load_address>0xe3704</load_address>
         <run_address>0xe3704</run_address>
         <size>0x1ea</size>
         <input_file_ref idref="fl-9"/>
      </object_component>
      <object_component id="oc-2f">
         <name>.text:NmiSR</name>
         <load_address>0xe38ee</load_address>
         <run_address>0xe38ee</run_address>
         <size>0x2</size>
         <input_file_ref idref="fl-6"/>
      </object_component>
      <object_component id="oc-ee">
         <name>.text:main</name>
         <load_address>0xe38f0</load_address>
         <run_address>0xe38f0</run_address>
         <size>0x1d0</size>
         <input_file_ref idref="fl-3"/>
      </object_component>
      <object_component id="oc-3bd">
         <name>.text:ip_input</name>
         <load_address>0xe3ac0</load_address>
         <run_address>0xe3ac0</run_address>
         <size>0x1c0</size>
         <input_file_ref idref="fl-8"/>
      </object_component>
      <object_component id="oc-512">
         <name>.text:udp_input</name>
         <load_address>0xe3c80</load_address>
         <run_address>0xe3c80</run_address>
         <size>0x1c0</size>
         <input_file_ref idref="fl-8"/>
      </object_component>
      <object_component id="oc-51e">
         <name>.text:icmp_input</name>
         <load_address>0xe3e40</load_address>
         <run_address>0xe3e40</run_address>
         <size>0x1ac</size>
         <input_file_ref idref="fl-8"/>
      </object_component>
      <object_component id="oc-3e4">
         <name>.text:tcp_output</name>
         <load_address>0xe3fec</load_address>
         <run_address>0xe3fec</run_address>
         <size>0x190</size>
         <input_file_ref idref="fl-8"/>
      </object_component>
      <object_component id="oc-7f4">
         <name>.text:tcp_close_shutdown</name>
         <load_address>0xe417c</load_address>
         <run_address>0xe417c</run_address>
         <size>0x144</size>
         <input_file_ref idref="fl-8"/>
      </object_component>
      <object_component id="oc-2ae">
         <name>.text:pbuf_alloc</name>
         <load_address>0xe42c0</load_address>
         <run_address>0xe42c0</run_address>
         <size>0x138</size>
         <input_file_ref idref="fl-8"/>
      </object_component>
      <object_component id="oc-30b">
         <name>.text:GPIOPadConfigSet</name>
         <load_address>0xe43f8</load_address>
         <run_address>0xe43f8</run_address>
         <size>0x130</size>
         <input_file_ref idref="fl-152"/>
      </object_component>
      <object_component id="oc-163">
         <name>.text:tivaif_receive</name>
         <load_address>0xe4528</load_address>
         <run_address>0xe4528</run_address>
         <size>0x130</size>
         <input_file_ref idref="fl-8"/>
      </object_component>
      <object_component id="oc-3b1">
         <name>.text:etharp_arp_input</name>
         <load_address>0xe4658</load_address>
         <run_address>0xe4658</run_address>
         <size>0x128</size>
         <input_file_ref idref="fl-8"/>
      </object_component>
      <object_component id="oc-d0">
         <name>.text:SysCtlClockGet</name>
         <load_address>0xe4780</load_address>
         <run_address>0xe4780</run_address>
         <size>0x118</size>
         <input_file_ref idref="fl-150"/>
      </object_component>
      <object_component id="oc-84a">
         <name>.text:http_find_file</name>
         <load_address>0xe4898</load_address>
         <run_address>0xe4898</run_address>
         <size>0x118</size>
         <input_file_ref idref="fl-b"/>
      </object_component>
      <object_component id="oc-5a0">
         <name>.text:etharp_output</name>
         <load_address>0xe49b0</load_address>
         <run_address>0xe49b0</run_address>
         <size>0x114</size>
         <input_file_ref idref="fl-8"/>
      </object_component>
      <object_component id="oc-73d">
         <name>.text:etharp_query</name>
         <load_address>0xe4ac4</load_address>
         <run_address>0xe4ac4</run_address>
         <size>0x114</size>
         <input_file_ref idref="fl-8"/>
      </object_component>
      <object_component id="oc-65a">
         <name>.text:tcp_listen_input</name>
         <load_address>0xe4bd8</load_address>
         <run_address>0xe4bd8</run_address>
         <size>0x114</size>
         <input_file_ref idref="fl-8"/>
      </object_component>
      <object_component id="oc-3d0">
         <name>.text:mem_malloc</name>
         <load_address>0xe4cec</load_address>
         <run_address>0xe4cec</run_address>
         <size>0xfc</size>
         <input_file_ref idref="fl-8"/>
      </object_component>
      <object_component id="oc-5a6">
         <name>.text:tivaif_transmit</name>
         <load_address>0xe4de8</load_address>
         <run_address>0xe4de8</run_address>
         <size>0xf8</size>
         <input_file_ref idref="fl-8"/>
      </object_component>
      <object_component id="oc-16c">
         <name>.text:lwIPHostTimerHandler</name>
         <load_address>0xe4ee0</load_address>
         <run_address>0xe4ee0</run_address>
         <size>0xf4</size>
         <input_file_ref idref="fl-3"/>
      </object_component>
      <object_component id="oc-643">
         <name>.text:mem_trim</name>
         <load_address>0xe4fd4</load_address>
         <run_address>0xe4fd4</run_address>
         <size>0xf4</size>
         <input_file_ref idref="fl-8"/>
      </object_component>
      <object_component id="oc-939">
         <name>.text:get_http_headers</name>
         <load_address>0xe50c8</load_address>
         <run_address>0xe50c8</run_address>
         <size>0xf0</size>
         <input_file_ref idref="fl-b"/>
      </object_component>
      <object_component id="oc-694">
         <name>.text:ip_output_if</name>
         <load_address>0xe51b8</load_address>
         <run_address>0xe51b8</run_address>
         <size>0xf0</size>
         <input_file_ref idref="fl-8"/>
      </object_component>
      <object_component id="oc-217">
         <name>.text:lwIPInit</name>
         <load_address>0xe52a8</load_address>
         <run_address>0xe52a8</run_address>
         <size>0xec</size>
         <input_file_ref idref="fl-8"/>
      </object_component>
      <object_component id="oc-62e">
         <name>.text:etharp_find_entry</name>
         <load_address>0xe5394</load_address>
         <run_address>0xe5394</run_address>
         <size>0xe0</size>
         <input_file_ref idref="fl-8"/>
      </object_component>
      <object_component id="oc-540">
         <name>.text:tcp_output_segment</name>
         <load_address>0xe5474</load_address>
         <run_address>0xe5474</run_address>
         <size>0xd8</size>
         <input_file_ref idref="fl-8"/>
      </object_component>
      <object_component id="oc-5ad">
         <name>.text:tcp_alloc</name>
         <load_address>0xe554c</load_address>
         <run_address>0xe554c</run_address>
         <size>0xd4</size>
         <input_file_ref idref="fl-8"/>
      </object_component>
      <object_component id="oc-869">
         <name>.text:get_tag_insert</name>
         <load_address>0xe5620</load_address>
         <run_address>0xe5620</run_address>
         <size>0xcc</size>
         <input_file_ref idref="fl-b"/>
      </object_component>
      <object_component id="oc-700">
         <name>.text:InitDMADescriptors</name>
         <load_address>0xe56ec</load_address>
         <run_address>0xe56ec</run_address>
         <size>0xc4</size>
         <input_file_ref idref="fl-8"/>
      </object_component>
      <object_component id="oc-4cf">
         <name>.text:etharp_raw</name>
         <load_address>0xe57b0</load_address>
         <run_address>0xe57b0</run_address>
         <size>0xc4</size>
         <input_file_ref idref="fl-8"/>
      </object_component>
      <object_component id="oc-87a">
         <name>.text:tcp_create_segment</name>
         <load_address>0xe5874</load_address>
         <run_address>0xe5874</run_address>
         <size>0xc0</size>
         <input_file_ref idref="fl-8"/>
      </object_component>
      <object_component id="oc-59a">
         <name>.text:tivaif_hwinit</name>
         <load_address>0xe5934</load_address>
         <run_address>0xe5934</run_address>
         <size>0xbc</size>
         <input_file_ref idref="fl-8"/>
      </object_component>
      <object_component id="oc-3fa">
         <name>.text:tcp_zero_window_probe</name>
         <load_address>0xe59f0</load_address>
         <run_address>0xe59f0</run_address>
         <size>0xac</size>
         <input_file_ref idref="fl-8"/>
      </object_component>
      <object_component id="oc-7af">
         <name>.text:tcp_enqueue_flags</name>
         <load_address>0xe5a9c</load_address>
         <run_address>0xe5a9c</run_address>
         <size>0xa8</size>
         <input_file_ref idref="fl-8"/>
      </object_component>
      <object_component id="oc-91e">
         <name>.text:CheckResponeNEC</name>
         <load_address>0xe5b44</load_address>
         <run_address>0xe5b44</run_address>
         <size>0xa6</size>
         <input_file_ref idref="fl-5"/>
      </object_component>
      <object_component id="oc-562">
         <name>.text:inet_chksum_pseudo</name>
         <load_address>0xe5bea</load_address>
         <run_address>0xe5bea</run_address>
         <size>0xa6</size>
         <input_file_ref idref="fl-8"/>
      </object_component>
      <object_component id="oc-2a8">
         <name>.text:ethernet_input</name>
         <load_address>0xe5c90</load_address>
         <run_address>0xe5c90</run_address>
         <size>0xa4</size>
         <input_file_ref idref="fl-8"/>
      </object_component>
      <object_component id="oc-785">
         <name>.text:http_parse_request</name>
         <load_address>0xe5d34</load_address>
         <run_address>0xe5d34</run_address>
         <size>0x9e</size>
         <input_file_ref idref="fl-b"/>
      </object_component>
      <object_component id="oc-71">
         <name>.text</name>
         <load_address>0xe5dd2</load_address>
         <run_address>0xe5dd2</run_address>
         <size>0x9c</size>
         <input_file_ref idref="fl-140"/>
      </object_component>
      <object_component id="oc-496">
         <name>.text:tcp_listen_with_backlog</name>
         <load_address>0xe5e70</load_address>
         <run_address>0xe5e70</run_address>
         <size>0x9c</size>
         <input_file_ref idref="fl-8"/>
      </object_component>
      <object_component id="oc-5c">
         <name>.text</name>
         <load_address>0xe5f0c</load_address>
         <run_address>0xe5f0c</run_address>
         <size>0x94</size>
         <input_file_ref idref="fl-14b"/>
      </object_component>
      <object_component id="oc-68e">
         <name>.text:pbuf_copy</name>
         <load_address>0xe5fa0</load_address>
         <run_address>0xe5fa0</run_address>
         <size>0x92</size>
         <input_file_ref idref="fl-8"/>
      </object_component>
      <object_component id="oc-7b5">
         <name>.text:tcp_abandon</name>
         <load_address>0xe6034</load_address>
         <run_address>0xe6034</run_address>
         <size>0x90</size>
         <input_file_ref idref="fl-8"/>
      </object_component>
      <object_component id="oc-412">
         <name>.text:tcp_rst</name>
         <load_address>0xe60c4</load_address>
         <run_address>0xe60c4</run_address>
         <size>0x90</size>
         <input_file_ref idref="fl-8"/>
      </object_component>
      <object_component id="oc-229">
         <name>.text:io_init</name>
         <load_address>0xe6154</load_address>
         <run_address>0xe6154</run_address>
         <size>0x84</size>
         <input_file_ref idref="fl-4"/>
      </object_component>
      <object_component id="oc-34a">
         <name>.text:lwIPPrivateInit</name>
         <load_address>0xe61d8</load_address>
         <run_address>0xe61d8</run_address>
         <size>0x84</size>
         <input_file_ref idref="fl-8"/>
      </object_component>
      <object_component id="oc-660">
         <name>.text:tcp_timewait_input</name>
         <load_address>0xe625c</load_address>
         <run_address>0xe625c</run_address>
         <size>0x84</size>
         <input_file_ref idref="fl-8"/>
      </object_component>
      <object_component id="oc-53">
         <name>.text:UARTIntHandler4</name>
         <load_address>0xe62e0</load_address>
         <run_address>0xe62e0</run_address>
         <size>0x80</size>
         <input_file_ref idref="fl-5"/>
      </object_component>
      <object_component id="oc-7a9">
         <name>.text:tcp_parseopt</name>
         <load_address>0xe6360</load_address>
         <run_address>0xe6360</run_address>
         <size>0x80</size>
         <input_file_ref idref="fl-8"/>
      </object_component>
      <object_component id="oc-490">
         <name>.text:tcp_bind</name>
         <load_address>0xe63e0</load_address>
         <run_address>0xe63e0</run_address>
         <size>0x7c</size>
         <input_file_ref idref="fl-8"/>
      </object_component>
      <object_component id="oc-157">
         <name>.text:tivaif_process_phy_interrupt</name>
         <load_address>0xe645c</load_address>
         <run_address>0xe645c</run_address>
         <size>0x7c</size>
         <input_file_ref idref="fl-8"/>
      </object_component>
      <object_component id="oc-76a">
         <name>.text</name>
         <load_address>0xe64d8</load_address>
         <run_address>0xe64d8</run_address>
         <size>0x78</size>
         <input_file_ref idref="fl-141"/>
      </object_component>
      <object_component id="oc-896">
         <name>.text:tcp_oos_insert_segment</name>
         <load_address>0xe6550</load_address>
         <run_address>0xe6550</run_address>
         <size>0x78</size>
         <input_file_ref idref="fl-8"/>
      </object_component>
      <object_component id="oc-4e6">
         <name>.text:etharp_update_arp_entry</name>
         <load_address>0xe65c8</load_address>
         <run_address>0xe65c8</run_address>
         <size>0x74</size>
         <input_file_ref idref="fl-8"/>
      </object_component>
      <object_component id="oc-506">
         <name>.text:raw_input</name>
         <load_address>0xe663c</load_address>
         <run_address>0xe663c</run_address>
         <size>0x74</size>
         <input_file_ref idref="fl-8"/>
      </object_component>
      <object_component id="oc-8c2">
         <name>.text:extract_uri_parameters</name>
         <load_address>0xe66b0</load_address>
         <run_address>0xe66b0</run_address>
         <size>0x72</size>
         <input_file_ref idref="fl-b"/>
      </object_component>
      <object_component id="oc-8da">
         <name>.text:http_init_file</name>
         <load_address>0xe6724</load_address>
         <run_address>0xe6724</run_address>
         <size>0x71</size>
         <input_file_ref idref="fl-b"/>
      </object_component>
      <object_component id="oc-2d1">
         <name>.text:tcp_fasttmr</name>
         <load_address>0xe6798</load_address>
         <run_address>0xe6798</run_address>
         <size>0x70</size>
         <input_file_ref idref="fl-8"/>
      </object_component>
      <object_component id="oc-64f">
         <name>.text:icmp_send_response</name>
         <load_address>0xe6808</load_address>
         <run_address>0xe6808</run_address>
         <size>0x6c</size>
         <input_file_ref idref="fl-8"/>
      </object_component>
      <object_component id="oc-55c">
         <name>.text:pbuf_copy_partial</name>
         <load_address>0xe6874</load_address>
         <run_address>0xe6874</run_address>
         <size>0x6a</size>
         <input_file_ref idref="fl-8"/>
      </object_component>
      <object_component id="oc-580">
         <name>.text:memp_init</name>
         <load_address>0xe68e0</load_address>
         <run_address>0xe68e0</run_address>
         <size>0x68</size>
         <input_file_ref idref="fl-8"/>
      </object_component>
      <object_component id="oc-556">
         <name>.text:tcp_output_alloc_header</name>
         <load_address>0xe6948</load_address>
         <run_address>0xe6948</run_address>
         <size>0x68</size>
         <input_file_ref idref="fl-8"/>
      </object_component>
      <object_component id="oc-3ea">
         <name>.text:tcp_process_refused_data</name>
         <load_address>0xe69b0</load_address>
         <run_address>0xe69b0</run_address>
         <size>0x68</size>
         <input_file_ref idref="fl-8"/>
      </object_component>
      <object_component id="oc-63c">
         <name>.text:lwip_standard_chksum</name>
         <load_address>0xe6a18</load_address>
         <run_address>0xe6a18</run_address>
         <size>0x64</size>
         <input_file_ref idref="fl-8"/>
      </object_component>
      <object_component id="oc-39d">
         <name>.text:mem_free</name>
         <load_address>0xe6a7c</load_address>
         <run_address>0xe6a7c</run_address>
         <size>0x64</size>
         <input_file_ref idref="fl-8"/>
      </object_component>
      <object_component id="oc-4d8">
         <name>.text:plug_holes</name>
         <load_address>0xe6ae0</load_address>
         <run_address>0xe6ae0</run_address>
         <size>0x64</size>
         <input_file_ref idref="fl-8"/>
      </object_component>
      <object_component id="oc-5ed">
         <name>.text:http_recv</name>
         <load_address>0xe6b44</load_address>
         <run_address>0xe6b44</run_address>
         <size>0x62</size>
         <input_file_ref idref="fl-b"/>
      </object_component>
      <object_component id="oc-3b7">
         <name>.text:pbuf_header</name>
         <load_address>0xe6ba6</load_address>
         <run_address>0xe6ba6</run_address>
         <size>0x62</size>
         <input_file_ref idref="fl-8"/>
      </object_component>
      <object_component id="oc-22f">
         <name>.text:IntEnable</name>
         <load_address>0xe6c08</load_address>
         <run_address>0xe6c08</run_address>
         <size>0x60</size>
         <input_file_ref idref="fl-151"/>
      </object_component>
      <object_component id="oc-1e1">
         <name>.text:UARTStdioConfig</name>
         <load_address>0xe6c68</load_address>
         <run_address>0xe6c68</run_address>
         <size>0x60</size>
         <input_file_ref idref="fl-9"/>
      </object_component>
      <object_component id="oc-6d3">
         <name>.text:sys_timeout</name>
         <load_address>0xe6cc8</load_address>
         <run_address>0xe6cc8</run_address>
         <size>0x60</size>
         <input_file_ref idref="fl-8"/>
      </object_component>
      <object_component id="oc-84">
         <name>.text</name>
         <load_address>0xe6d28</load_address>
         <run_address>0xe6d28</run_address>
         <size>0x5e</size>
         <input_file_ref idref="fl-13c"/>
      </object_component>
      <object_component id="oc-4d">
         <name>.text:lwIPEthernetIntHandler</name>
         <load_address>0xe6d88</load_address>
         <run_address>0xe6d88</run_address>
         <size>0x5c</size>
         <input_file_ref idref="fl-8"/>
      </object_component>
      <object_component id="oc-57a">
         <name>.text:mem_init</name>
         <load_address>0xe6de4</load_address>
         <run_address>0xe6de4</run_address>
         <size>0x5c</size>
         <input_file_ref idref="fl-8"/>
      </object_component>
      <object_component id="oc-6e7">
         <name>.text:netif_set_ipaddr</name>
         <load_address>0xe6e40</load_address>
         <run_address>0xe6e40</run_address>
         <size>0x5c</size>
         <input_file_ref idref="fl-8"/>
      </object_component>
      <object_component id="oc-400">
         <name>.text:tcp_keepalive</name>
         <load_address>0xe6e9c</load_address>
         <run_address>0xe6e9c</run_address>
         <size>0x5c</size>
         <input_file_ref idref="fl-8"/>
      </object_component>
      <object_component id="oc-675">
         <name>.text:tcp_pcb_remove</name>
         <load_address>0xe6ef8</load_address>
         <run_address>0xe6ef8</run_address>
         <size>0x5c</size>
         <input_file_ref idref="fl-8"/>
      </object_component>
      <object_component id="oc-53a">
         <name>.text:tcp_send_empty_ack</name>
         <load_address>0xe6f54</load_address>
         <run_address>0xe6f54</run_address>
         <size>0x5c</size>
         <input_file_ref idref="fl-8"/>
      </object_component>
      <object_component id="oc-4fa">
         <name>.text:pbuf_realloc</name>
         <load_address>0xe6fb0</load_address>
         <run_address>0xe6fb0</run_address>
         <size>0x5a</size>
         <input_file_ref idref="fl-8"/>
      </object_component>
      <object_component id="oc-344">
         <name>.text:EMACPHYConfigSet</name>
         <load_address>0xe700c</load_address>
         <run_address>0xe700c</run_address>
         <size>0x58</size>
         <input_file_ref idref="fl-154"/>
      </object_component>
      <object_component id="oc-4a8">
         <name>.text:http_accept</name>
         <load_address>0xe7064</load_address>
         <run_address>0xe7064</run_address>
         <size>0x58</size>
         <input_file_ref idref="fl-b"/>
      </object_component>
      <object_component id="oc-3c4">
         <name>.text:memp_malloc</name>
         <load_address>0xe70bc</load_address>
         <run_address>0xe70bc</run_address>
         <size>0x58</size>
         <input_file_ref idref="fl-8"/>
      </object_component>
      <object_component id="oc-688">
         <name>.text:inet_chksum_pbuf</name>
         <load_address>0xe7114</load_address>
         <run_address>0xe7114</run_address>
         <size>0x56</size>
         <input_file_ref idref="fl-8"/>
      </object_component>
      <object_component id="oc-7d4">
         <name>.text:tcp_rexmit</name>
         <load_address>0xe716a</load_address>
         <run_address>0xe716a</run_address>
         <size>0x54</size>
         <input_file_ref idref="fl-8"/>
      </object_component>
      <object_component id="oc-29b">
         <name>.text:pbuf_free</name>
         <load_address>0xe71be</load_address>
         <run_address>0xe71be</run_address>
         <size>0x52</size>
         <input_file_ref idref="fl-8"/>
      </object_component>
      <object_component id="oc-15d">
         <name>.text:tivaif_process_transmit</name>
         <load_address>0xe7210</load_address>
         <run_address>0xe7210</run_address>
         <size>0x52</size>
         <input_file_ref idref="fl-8"/>
      </object_component>
      <object_component id="oc-449">
         <name>.text:SysCtlPeripheralReset</name>
         <load_address>0xe7264</load_address>
         <run_address>0xe7264</run_address>
         <size>0x50</size>
         <input_file_ref idref="fl-150"/>
      </object_component>
      <object_component id="oc-791">
         <name>.text:http_close_conn</name>
         <load_address>0xe72b4</load_address>
         <run_address>0xe72b4</run_address>
         <size>0x50</size>
         <input_file_ref idref="fl-b"/>
      </object_component>
      <object_component id="oc-363">
         <name>.text:io_set_timer</name>
         <load_address>0xe7304</load_address>
         <run_address>0xe7304</run_address>
         <size>0x50</size>
         <input_file_ref idref="fl-4"/>
      </object_component>
      <object_component id="oc-b2">
         <name>.text:lwIPServiceTimers</name>
         <load_address>0xe7354</load_address>
         <run_address>0xe7354</run_address>
         <size>0x50</size>
         <input_file_ref idref="fl-8"/>
      </object_component>
      <object_component id="oc-468">
         <name>.text:netif_add</name>
         <load_address>0xe73a4</load_address>
         <run_address>0xe73a4</run_address>
         <size>0x50</size>
         <input_file_ref idref="fl-8"/>
      </object_component>
      <object_component id="oc-5b5">
         <name>.text:tcp_new_port</name>
         <load_address>0xe73f4</load_address>
         <run_address>0xe73f4</run_address>
         <size>0x50</size>
         <input_file_ref idref="fl-8"/>
      </object_component>
      <object_component id="oc-83e">
         <name>.text:strnstr</name>
         <load_address>0xe7444</load_address>
         <run_address>0xe7444</run_address>
         <size>0x4e</size>
         <input_file_ref idref="fl-b"/>
      </object_component>
      <object_component id="oc-94d">
         <name>.text:tcp_pbuf_prealloc</name>
         <load_address>0xe7492</load_address>
         <run_address>0xe7492</run_address>
         <size>0x4e</size>
         <input_file_ref idref="fl-8"/>
      </object_component>
      <object_component id="oc-6ad">
         <name>.text:ip_route</name>
         <load_address>0xe74e0</load_address>
         <run_address>0xe74e0</run_address>
         <size>0x4c</size>
         <input_file_ref idref="fl-8"/>
      </object_component>
      <object_component id="oc-947">
         <name>.text:tcp_write_checks</name>
         <load_address>0xe752c</load_address>
         <run_address>0xe752c</run_address>
         <size>0x4c</size>
         <input_file_ref idref="fl-8"/>
      </object_component>
      <object_component id="oc-ac">
         <name>.text:tivaif_interrupt</name>
         <load_address>0xe7578</load_address>
         <run_address>0xe7578</run_address>
         <size>0x4c</size>
         <input_file_ref idref="fl-8"/>
      </object_component>
      <object_component id="oc-8ce">
         <name>.text:http_get_404_file</name>
         <load_address>0xe75c4</load_address>
         <run_address>0xe75c4</run_address>
         <size>0x4b</size>
         <input_file_ref idref="fl-b"/>
      </object_component>
      <object_component id="oc-1ed">
         <name>.text:GPIOPinConfigure</name>
         <load_address>0xe7610</load_address>
         <run_address>0xe7610</run_address>
         <size>0x48</size>
         <input_file_ref idref="fl-152"/>
      </object_component>
      <object_component id="oc-4c2">
         <name>.text:UARTwrite</name>
         <load_address>0xe7658</load_address>
         <run_address>0xe7658</run_address>
         <size>0x48</size>
         <input_file_ref idref="fl-9"/>
      </object_component>
      <object_component id="oc-2fe">
         <name>.text:_SysCtlFrequencyGet</name>
         <load_address>0xe76a0</load_address>
         <run_address>0xe76a0</run_address>
         <size>0x48</size>
         <input_file_ref idref="fl-150"/>
      </object_component>
      <object_component id="oc-737">
         <name>.text:etharp_output_to_arp_index</name>
         <load_address>0xe76e8</load_address>
         <run_address>0xe76e8</run_address>
         <size>0x48</size>
         <input_file_ref idref="fl-8"/>
      </object_component>
      <object_component id="oc-568">
         <name>.text:ip_output</name>
         <load_address>0xe7730</load_address>
         <run_address>0xe7730</run_address>
         <size>0x48</size>
         <input_file_ref idref="fl-8"/>
      </object_component>
      <object_component id="oc-11">
         <name>.text</name>
         <load_address>0xe7778</load_address>
         <run_address>0xe7778</run_address>
         <size>0x48</size>
         <input_file_ref idref="fl-13a"/>
      </object_component>
      <object_component id="oc-764">
         <name>.text:tcp_kill_prio</name>
         <load_address>0xe77c0</load_address>
         <run_address>0xe77c0</run_address>
         <size>0x48</size>
         <input_file_ref idref="fl-8"/>
      </object_component>
      <object_component id="oc-885">
         <name>.text:tcp_rexmit_fast</name>
         <load_address>0xe7808</load_address>
         <run_address>0xe7808</run_address>
         <size>0x48</size>
         <input_file_ref idref="fl-8"/>
      </object_component>
      <object_component id="oc-857">
         <name>.text:http_write</name>
         <load_address>0xe7850</load_address>
         <run_address>0xe7850</run_address>
         <size>0x44</size>
         <input_file_ref idref="fl-b"/>
      </object_component>
      <object_component id="oc-e7">
         <name>.text</name>
         <load_address>0xe7894</load_address>
         <run_address>0xe7894</run_address>
         <size>0x44</size>
         <input_file_ref idref="fl-14c"/>
      </object_component>
      <object_component id="oc-67">
         <name>.text</name>
         <load_address>0xe78d8</load_address>
         <run_address>0xe78d8</run_address>
         <size>0x44</size>
         <input_file_ref idref="fl-13e"/>
      </object_component>
      <object_component id="oc-8a2">
         <name>.text:tcp_send_fin</name>
         <load_address>0xe791c</load_address>
         <run_address>0xe791c</run_address>
         <size>0x44</size>
         <input_file_ref idref="fl-8"/>
      </object_component>
      <object_component id="oc-74b">
         <name>.text:tivaif_check_pbuf</name>
         <load_address>0xe7960</load_address>
         <run_address>0xe7960</run_address>
         <size>0x44</size>
         <input_file_ref idref="fl-8"/>
      </object_component>
      <object_component id="oc-4c8">
         <name>.text</name>
         <load_address>0xe79a4</load_address>
         <run_address>0xe79a4</run_address>
         <size>0x42</size>
         <input_file_ref idref="fl-148"/>
      </object_component>
      <object_component id="oc-40c">
         <name>.text:tcp_pcb_purge</name>
         <load_address>0xe79e6</load_address>
         <run_address>0xe79e6</run_address>
         <size>0x42</size>
         <input_file_ref idref="fl-8"/>
      </object_component>
      <object_component id="oc-1f9">
         <name>.text:UARTConfigSetExpClk</name>
         <load_address>0xe7a28</load_address>
         <run_address>0xe7a28</run_address>
         <size>0x40</size>
         <input_file_ref idref="fl-14d"/>
      </object_component>
      <object_component id="oc-172">
         <name>.text:etharp_tmr</name>
         <load_address>0xe7a68</load_address>
         <run_address>0xe7a68</run_address>
         <size>0x40</size>
         <input_file_ref idref="fl-8"/>
      </object_component>
      <object_component id="oc-72a">
         <name>.text:EMACIntEnable</name>
         <load_address>0xe7aa8</load_address>
         <run_address>0xe7aa8</run_address>
         <size>0x3a</size>
         <input_file_ref idref="fl-154"/>
      </object_component>
      <object_component id="oc-863">
         <name>.text:fs_read</name>
         <load_address>0xe7ae2</load_address>
         <run_address>0xe7ae2</run_address>
         <size>0x3a</size>
         <input_file_ref idref="fl-5"/>
      </object_component>
      <object_component id="oc-2be">
         <name>.text:DisplayIPAddress</name>
         <load_address>0xe7b1c</load_address>
         <run_address>0xe7b1c</run_address>
         <size>0x38</size>
         <input_file_ref idref="fl-3"/>
      </object_component>
      <object_component id="oc-961">
         <name>.text:GetFifo</name>
         <load_address>0xe7b54</load_address>
         <run_address>0xe7b54</run_address>
         <size>0x38</size>
         <input_file_ref idref="fl-5"/>
      </object_component>
      <object_component id="oc-354">
         <name>.text:httpd_init_addr</name>
         <load_address>0xe7b8c</load_address>
         <run_address>0xe7b8c</run_address>
         <size>0x38</size>
         <input_file_ref idref="fl-b"/>
      </object_component>
      <object_component id="oc-3a3">
         <name>.text:memp_free</name>
         <load_address>0xe7bc4</load_address>
         <run_address>0xe7bc4</run_address>
         <size>0x38</size>
         <input_file_ref idref="fl-8"/>
      </object_component>
      <object_component id="oc-778">
         <name>.text:tcpip_tcp_timer</name>
         <load_address>0xe7bfc</load_address>
         <run_address>0xe7bfc</run_address>
         <size>0x38</size>
         <input_file_ref idref="fl-8"/>
      </object_component>
      <object_component id="oc-28e">
         <name>.text:EMACConfigGet</name>
         <load_address>0xe7c34</load_address>
         <run_address>0xe7c34</run_address>
         <size>0x34</size>
         <input_file_ref idref="fl-154"/>
      </object_component>
      <object_component id="oc-294">
         <name>.text:EMACConfigSet</name>
         <load_address>0xe7c68</load_address>
         <run_address>0xe7c68</run_address>
         <size>0x34</size>
         <input_file_ref idref="fl-154"/>
      </object_component>
      <object_component id="oc-718">
         <name>.text:EMACIntClear</name>
         <load_address>0xe7c9c</load_address>
         <run_address>0xe7c9c</run_address>
         <size>0x34</size>
         <input_file_ref idref="fl-154"/>
      </object_component>
      <object_component id="oc-c4">
         <name>.text:PutFifo</name>
         <load_address>0xe7cd0</load_address>
         <run_address>0xe7cd0</run_address>
         <size>0x34</size>
         <input_file_ref idref="fl-5"/>
      </object_component>
      <object_component id="oc-1e7">
         <name>.text:SysCtlPeripheralEnable</name>
         <load_address>0xe7d04</load_address>
         <run_address>0xe7d04</run_address>
         <size>0x34</size>
         <input_file_ref idref="fl-150"/>
      </object_component>
      <object_component id="oc-44f">
         <name>.text:SysCtlPeripheralReady</name>
         <load_address>0xe7d38</load_address>
         <run_address>0xe7d38</run_address>
         <size>0x34</size>
         <input_file_ref idref="fl-150"/>
      </object_component>
      <object_component id="oc-5ff">
         <name>.text:http_poll</name>
         <load_address>0xe7d6c</load_address>
         <run_address>0xe7d6c</run_address>
         <size>0x34</size>
         <input_file_ref idref="fl-b"/>
      </object_component>
      <object_component id="oc-8d4">
         <name>.text</name>
         <load_address>0xe7da0</load_address>
         <run_address>0xe7da0</run_address>
         <size>0x34</size>
         <input_file_ref idref="fl-147"/>
      </object_component>
      <object_component id="oc-75e">
         <name>.text:tcp_kill_timewait</name>
         <load_address>0xe7dd4</load_address>
         <run_address>0xe7dd4</run_address>
         <size>0x34</size>
         <input_file_ref idref="fl-8"/>
      </object_component>
      <object_component id="oc-5bb">
         <name>.text:tcp_timer_needed</name>
         <load_address>0xe7e08</load_address>
         <run_address>0xe7e08</run_address>
         <size>0x34</size>
         <input_file_ref idref="fl-8"/>
      </object_component>
      <object_component id="oc-47a">
         <name>.text:tivaif_init</name>
         <load_address>0xe7e3c</load_address>
         <run_address>0xe7e3c</run_address>
         <size>0x34</size>
         <input_file_ref idref="fl-8"/>
      </object_component>
      <object_component id="oc-500">
         <name>.text:ip4_addr_isbroadcast</name>
         <load_address>0xe7e70</load_address>
         <run_address>0xe7e70</run_address>
         <size>0x32</size>
         <input_file_ref idref="fl-8"/>
      </object_component>
      <object_component id="oc-6bc">
         <name>.text:tcp_recved</name>
         <load_address>0xe7ea2</load_address>
         <run_address>0xe7ea2</run_address>
         <size>0x32</size>
         <input_file_ref idref="fl-8"/>
      </object_component>
      <object_component id="oc-7fb">
         <name>.text:tcp_update_rcv_ann_wnd</name>
         <load_address>0xe7ed4</load_address>
         <run_address>0xe7ed4</run_address>
         <size>0x30</size>
         <input_file_ref idref="fl-8"/>
      </object_component>
      <object_component id="oc-906">
         <name>.text:ustrncmp</name>
         <load_address>0xe7f04</load_address>
         <run_address>0xe7f04</run_address>
         <size>0x30</size>
         <input_file_ref idref="fl-a"/>
      </object_component>
      <object_component id="oc-712">
         <name>.text:EMACIntStatus</name>
         <load_address>0xe7f34</load_address>
         <run_address>0xe7f34</run_address>
         <size>0x2c</size>
         <input_file_ref idref="fl-154"/>
      </object_component>
      <object_component id="oc-388">
         <name>.text:etharp_request</name>
         <load_address>0xe7f60</load_address>
         <run_address>0xe7f60</run_address>
         <size>0x2c</size>
         <input_file_ref idref="fl-8"/>
      </object_component>
      <object_component id="oc-3f4">
         <name>.text:tcp_rexmit_rto</name>
         <load_address>0xe7f8c</load_address>
         <run_address>0xe7f8c</run_address>
         <size>0x2c</size>
         <input_file_ref idref="fl-8"/>
      </object_component>
      <object_component id="oc-329">
         <name>.text:GPIODirModeSet</name>
         <load_address>0xe7fb8</load_address>
         <run_address>0xe7fb8</run_address>
         <size>0x2a</size>
         <input_file_ref idref="fl-152"/>
      </object_component>
      <object_component id="oc-47">
         <name>.text:AnimTimerIntHandler</name>
         <load_address>0xe7fe4</load_address>
         <run_address>0xe7fe4</run_address>
         <size>0x28</size>
         <input_file_ref idref="fl-3"/>
      </object_component>
      <object_component id="oc-27c">
         <name>.text:EMACPHYRead</name>
         <load_address>0xe800c</load_address>
         <run_address>0xe800c</run_address>
         <size>0x26</size>
         <input_file_ref idref="fl-154"/>
      </object_component>
      <object_component id="oc-706">
         <name>.text:EMACPHYWrite</name>
         <load_address>0xe8032</load_address>
         <run_address>0xe8032</run_address>
         <size>0x26</size>
         <input_file_ref idref="fl-154"/>
      </object_component>
      <object_component id="oc-798">
         <name>.text:http_state_free</name>
         <load_address>0xe8058</load_address>
         <run_address>0xe8058</run_address>
         <size>0x26</size>
         <input_file_ref idref="fl-b"/>
      </object_component>
      <object_component id="oc-844">
         <name>.text</name>
         <load_address>0xe807e</load_address>
         <run_address>0xe807e</run_address>
         <size>0x26</size>
         <input_file_ref idref="fl-146"/>
      </object_component>
      <object_component id="oc-223">
         <name>.text:IntPrioritySet</name>
         <load_address>0xe80a4</load_address>
         <run_address>0xe80a4</run_address>
         <size>0x24</size>
         <input_file_ref idref="fl-151"/>
      </object_component>
      <object_component id="oc-2c7">
         <name>.text:etharp_free_entry</name>
         <load_address>0xe80c8</load_address>
         <run_address>0xe80c8</run_address>
         <size>0x24</size>
         <input_file_ref idref="fl-8"/>
      </object_component>
      <object_component id="oc-288">
         <name>.text:netif_set_link_up</name>
         <load_address>0xe80ec</load_address>
         <run_address>0xe80ec</run_address>
         <size>0x24</size>
         <input_file_ref idref="fl-8"/>
      </object_component>
      <object_component id="oc-474">
         <name>.text:netif_set_up</name>
         <load_address>0xe8110</load_address>
         <run_address>0xe8110</run_address>
         <size>0x24</size>
         <input_file_ref idref="fl-8"/>
      </object_component>
      <object_component id="oc-2a2">
         <name>.text:pbuf_cat</name>
         <load_address>0xe8134</load_address>
         <run_address>0xe8134</run_address>
         <size>0x24</size>
         <input_file_ref idref="fl-8"/>
      </object_component>
      <object_component id="oc-890">
         <name>.text:tcp_seg_copy</name>
         <load_address>0xe8158</load_address>
         <run_address>0xe8158</run_address>
         <size>0x24</size>
         <input_file_ref idref="fl-8"/>
      </object_component>
      <object_component id="oc-5cf">
         <name>.text:http_state_alloc</name>
         <load_address>0xe817c</load_address>
         <run_address>0xe817c</run_address>
         <size>0x22</size>
         <input_file_ref idref="fl-b"/>
      </object_component>
      <object_component id="oc-3ab">
         <name>.text</name>
         <load_address>0xe819e</load_address>
         <run_address>0xe819e</run_address>
         <size>0x22</size>
         <input_file_ref idref="fl-13f"/>
      </object_component>
      <object_component id="oc-69d">
         <name>.text:ustrncpy</name>
         <load_address>0xe81c0</load_address>
         <run_address>0xe81c0</run_address>
         <size>0x22</size>
         <input_file_ref idref="fl-a"/>
      </object_component>
      <object_component id="oc-634">
         <name>.text:etharp_send_ip</name>
         <load_address>0xe81e2</load_address>
         <run_address>0xe81e2</run_address>
         <size>0x20</size>
         <input_file_ref idref="fl-8"/>
      </object_component>
      <object_component id="oc-95">
         <name>.text:lwIPTimer</name>
         <load_address>0xe8204</load_address>
         <run_address>0xe8204</run_address>
         <size>0x20</size>
         <input_file_ref idref="fl-8"/>
      </object_component>
      <object_component id="oc-586">
         <name>.text:sys_timeouts_init</name>
         <load_address>0xe8224</load_address>
         <run_address>0xe8224</run_address>
         <size>0x20</size>
         <input_file_ref idref="fl-8"/>
      </object_component>
      <object_component id="oc-6a7">
         <name>.text:tcp_eff_send_mss</name>
         <load_address>0xe8244</load_address>
         <run_address>0xe8244</run_address>
         <size>0x20</size>
         <input_file_ref idref="fl-8"/>
      </object_component>
      <object_component id="oc-54e">
         <name>.text:tcp_recv_null</name>
         <load_address>0xe8264</load_address>
         <run_address>0xe8264</run_address>
         <size>0x20</size>
         <input_file_ref idref="fl-8"/>
      </object_component>
      <object_component id="oc-178">
         <name>.text:tcp_tmr</name>
         <load_address>0xe8284</load_address>
         <run_address>0xe8284</run_address>
         <size>0x20</size>
         <input_file_ref idref="fl-8"/>
      </object_component>
      <object_component id="oc-3da">
         <name>.text:usprintf</name>
         <load_address>0xe82a4</load_address>
         <run_address>0xe82a4</run_address>
         <size>0x20</size>
         <input_file_ref idref="fl-a"/>
      </object_component>
      <object_component id="oc-6fa">
         <name>.text:EMACAddrGet</name>
         <load_address>0xe82c4</load_address>
         <run_address>0xe82c4</run_address>
         <size>0x1e</size>
         <input_file_ref idref="fl-154"/>
      </object_component>
      <object_component id="oc-330">
         <name>.text:UARTDisable</name>
         <load_address>0xe82e4</load_address>
         <run_address>0xe82e4</run_address>
         <size>0x1c</size>
         <input_file_ref idref="fl-14d"/>
      </object_component>
      <object_component id="oc-2f8">
         <name>.text:_SysCtlMemTimingGet</name>
         <load_address>0xe8300</load_address>
         <run_address>0xe8300</run_address>
         <size>0x1c</size>
         <input_file_ref idref="fl-150"/>
      </object_component>
      <object_component id="oc-58e">
         <name>.text:netif_set_addr</name>
         <load_address>0xe831c</load_address>
         <run_address>0xe831c</run_address>
         <size>0x1c</size>
         <input_file_ref idref="fl-8"/>
      </object_component>
      <object_component id="oc-241">
         <name>.text:UARTprintf</name>
         <load_address>0xe8338</load_address>
         <run_address>0xe8338</run_address>
         <size>0x1a</size>
         <input_file_ref idref="fl-9"/>
      </object_component>
      <object_component id="oc-462">
         <name>.text:lwip_htonl</name>
         <load_address>0xe8352</load_address>
         <run_address>0xe8352</run_address>
         <size>0x1a</size>
         <input_file_ref idref="fl-8"/>
      </object_component>
      <object_component id="oc-6df">
         <name>.text:arp_timer</name>
         <load_address>0xe836c</load_address>
         <run_address>0xe836c</run_address>
         <size>0x18</size>
         <input_file_ref idref="fl-8"/>
      </object_component>
      <object_component id="oc-918">
         <name>.text:initFifo</name>
         <load_address>0xe8384</load_address>
         <run_address>0xe8384</run_address>
         <size>0x18</size>
         <input_file_ref idref="fl-5"/>
      </object_component>
      <object_component id="oc-3ca">
         <name>.text:pbuf_pool_is_empty</name>
         <load_address>0xe839c</load_address>
         <run_address>0xe839c</run_address>
         <size>0x18</size>
         <input_file_ref idref="fl-8"/>
      </object_component>
      <object_component id="oc-61">
         <name>.text</name>
         <load_address>0xe83b4</load_address>
         <run_address>0xe83b4</run_address>
         <size>0x18</size>
         <input_file_ref idref="fl-14a"/>
      </object_component>
      <object_component id="oc-8bc">
         <name>.text</name>
         <load_address>0xe83cc</load_address>
         <run_address>0xe83cc</run_address>
         <size>0x18</size>
         <input_file_ref idref="fl-144"/>
      </object_component>
      <object_component id="oc-76f">
         <name>.text:tcp_next_iss</name>
         <load_address>0xe83e4</load_address>
         <run_address>0xe83e4</run_address>
         <size>0x18</size>
         <input_file_ref idref="fl-8"/>
      </object_component>
      <object_component id="oc-546">
         <name>.text:tcp_seg_free</name>
         <load_address>0xe83fc</load_address>
         <run_address>0xe83fc</run_address>
         <size>0x18</size>
         <input_file_ref idref="fl-8"/>
      </object_component>
      <object_component id="oc-455">
         <name>.text:EMACReset</name>
         <load_address>0xe8414</load_address>
         <run_address>0xe8414</run_address>
         <size>0x16</size>
         <input_file_ref idref="fl-154"/>
      </object_component>
      <object_component id="oc-724">
         <name>.text:EMACRxEnable</name>
         <load_address>0xe842a</load_address>
         <run_address>0xe842a</run_address>
         <size>0x16</size>
         <input_file_ref idref="fl-154"/>
      </object_component>
      <object_component id="oc-71e">
         <name>.text:EMACTxEnable</name>
         <load_address>0xe8440</load_address>
         <run_address>0xe8440</run_address>
         <size>0x16</size>
         <input_file_ref idref="fl-154"/>
      </object_component>
      <object_component id="oc-5f9">
         <name>.text:http_sent</name>
         <load_address>0xe8456</load_address>
         <run_address>0xe8456</run_address>
         <size>0x16</size>
         <input_file_ref idref="fl-b"/>
      </object_component>
      <object_component id="oc-745">
         <name>.text:pbuf_ref</name>
         <load_address>0xe846c</load_address>
         <run_address>0xe846c</run_address>
         <size>0x16</size>
         <input_file_ref idref="fl-8"/>
      </object_component>
      <object_component id="oc-8b6">
         <name>.text</name>
         <load_address>0xe8482</load_address>
         <run_address>0xe8482</run_address>
         <size>0x16</size>
         <input_file_ref idref="fl-143"/>
      </object_component>
      <object_component id="oc-211">
         <name>.text:FlashUserGet</name>
         <load_address>0xe8498</load_address>
         <run_address>0xe8498</run_address>
         <size>0x14</size>
         <input_file_ref idref="fl-153"/>
      </object_component>
      <object_component id="oc-205">
         <name>.text:SysTickEnable</name>
         <load_address>0xe84ac</load_address>
         <run_address>0xe84ac</run_address>
         <size>0x14</size>
         <input_file_ref idref="fl-14f"/>
      </object_component>
      <object_component id="oc-20b">
         <name>.text:SysTickIntEnable</name>
         <load_address>0xe84c0</load_address>
         <run_address>0xe84c0</run_address>
         <size>0x14</size>
         <input_file_ref idref="fl-14f"/>
      </object_component>
      <object_component id="oc-336">
         <name>.text:UARTEnable</name>
         <load_address>0xe84d4</load_address>
         <run_address>0xe84d4</run_address>
         <size>0x14</size>
         <input_file_ref idref="fl-14d"/>
      </object_component>
      <object_component id="oc-251">
         <name>.text</name>
         <load_address>0xe84e8</load_address>
         <run_address>0xe84e8</run_address>
         <size>0x14</size>
         <input_file_ref idref="fl-149"/>
      </object_component>
      <object_component id="oc-851">
         <name>.text</name>
         <load_address>0xe84fc</load_address>
         <run_address>0xe84fc</run_address>
         <size>0x14</size>
         <input_file_ref idref="fl-145"/>
      </object_component>
      <object_component id="oc-397">
         <name>.text:sys_arch_unprotect</name>
         <load_address>0xe8510</load_address>
         <run_address>0xe8510</run_address>
         <size>0x14</size>
         <input_file_ref idref="fl-8"/>
      </object_component>
      <object_component id="oc-6b6">
         <name>.text:tcp_close</name>
         <load_address>0xe8524</load_address>
         <run_address>0xe8524</run_address>
         <size>0x14</size>
         <input_file_ref idref="fl-8"/>
      </object_component>
      <object_component id="oc-311">
         <name>.text:GPIOPinTypeEthernetLED</name>
         <load_address>0xe8538</load_address>
         <run_address>0xe8538</run_address>
         <size>0x12</size>
         <input_file_ref idref="fl-152"/>
      </object_component>
      <object_component id="oc-1f3">
         <name>.text:GPIOPinTypeUART</name>
         <load_address>0xe854a</load_address>
         <run_address>0xe854a</run_address>
         <size>0x12</size>
         <input_file_ref idref="fl-152"/>
      </object_component>
      <object_component id="oc-1c">
         <name>.text:decompress:ZI</name>
         <load_address>0xe855c</load_address>
         <run_address>0xe855c</run_address>
         <size>0x12</size>
         <input_file_ref idref="fl-13d"/>
      </object_component>
      <object_component id="oc-282">
         <name>.text:netif_set_link_down</name>
         <load_address>0xe856e</load_address>
         <run_address>0xe856e</run_address>
         <size>0x12</size>
         <input_file_ref idref="fl-8"/>
      </object_component>
      <object_component id="oc-751">
         <name>.text:pbuf_clen</name>
         <load_address>0xe8580</load_address>
         <run_address>0xe8580</run_address>
         <size>0x12</size>
         <input_file_ref idref="fl-8"/>
      </object_component>
      <object_component id="oc-406">
         <name>.text:tcp_segs_free</name>
         <load_address>0xe8592</load_address>
         <run_address>0xe8592</run_address>
         <size>0x12</size>
         <input_file_ref idref="fl-8"/>
      </object_component>
      <object_component id="oc-70c">
         <name>.text:EMACFrameFilterSet</name>
         <load_address>0xe85a4</load_address>
         <run_address>0xe85a4</run_address>
         <size>0x10</size>
         <input_file_ref idref="fl-154"/>
      </object_component>
      <object_component id="oc-1ff">
         <name>.text:SysTickPeriodSet</name>
         <load_address>0xe85b4</load_address>
         <run_address>0xe85b4</run_address>
         <size>0x10</size>
         <input_file_ref idref="fl-14f"/>
      </object_component>
      <object_component id="oc-45c">
         <name>.text:lwip_init</name>
         <load_address>0xe85c4</load_address>
         <run_address>0xe85c4</run_address>
         <size>0x10</size>
         <input_file_ref idref="fl-8"/>
      </object_component>
      <object_component id="oc-391">
         <name>.text:sys_arch_protect</name>
         <load_address>0xe85d4</load_address>
         <run_address>0xe85d4</run_address>
         <size>0x10</size>
         <input_file_ref idref="fl-8"/>
      </object_component>
      <object_component id="oc-16">
         <name>.text:decompress:none</name>
         <load_address>0xe85e4</load_address>
         <run_address>0xe85e4</run_address>
         <size>0xe</size>
         <input_file_ref idref="fl-13b"/>
      </object_component>
      <object_component id="oc-824">
         <name>.text:CPUcpsie</name>
         <load_address>0xe85f2</load_address>
         <run_address>0xe85f2</run_address>
         <size>0xc</size>
         <input_file_ref idref="fl-155"/>
      </object_component>
      <object_component id="oc-1cf">
         <name>.text:SysCtlMOSCConfigSet</name>
         <load_address>0xe8600</load_address>
         <run_address>0xe8600</run_address>
         <size>0xc</size>
         <input_file_ref idref="fl-150"/>
      </object_component>
      <object_component id="oc-21d">
         <name>.text:httpd_init</name>
         <load_address>0xe860c</load_address>
         <run_address>0xe860c</run_address>
         <size>0xc</size>
         <input_file_ref idref="fl-b"/>
      </object_component>
      <object_component id="oc-4f4">
         <name>.text:inet_chksum</name>
         <load_address>0xe8618</load_address>
         <run_address>0xe8618</run_address>
         <size>0xc</size>
         <input_file_ref idref="fl-8"/>
      </object_component>
      <object_component id="oc-2b8">
         <name>.text:lwIPLocalIPAddrGet</name>
         <load_address>0xe8624</load_address>
         <run_address>0xe8624</run_address>
         <size>0xc</size>
         <input_file_ref idref="fl-8"/>
      </object_component>
      <object_component id="oc-4ec">
         <name>.text:lwip_htons</name>
         <load_address>0xe8630</load_address>
         <run_address>0xe8630</run_address>
         <size>0xc</size>
         <input_file_ref idref="fl-8"/>
      </object_component>
      <object_component id="oc-46e">
         <name>.text:netif_set_default</name>
         <load_address>0xe863c</load_address>
         <run_address>0xe863c</run_address>
         <size>0xc</size>
         <input_file_ref idref="fl-8"/>
      </object_component>
      <object_component id="oc-6f3">
         <name>.text:netif_set_gw</name>
         <load_address>0xe8648</load_address>
         <run_address>0xe8648</run_address>
         <size>0xc</size>
         <input_file_ref idref="fl-8"/>
      </object_component>
      <object_component id="oc-6ed">
         <name>.text:netif_set_netmask</name>
         <load_address>0xe8654</load_address>
         <run_address>0xe8654</run_address>
         <size>0xc</size>
         <input_file_ref idref="fl-8"/>
      </object_component>
      <object_component id="oc-6d9">
         <name>.text:sys_now</name>
         <load_address>0xe8660</load_address>
         <run_address>0xe8660</run_address>
         <size>0xc</size>
         <input_file_ref idref="fl-8"/>
      </object_component>
      <object_component id="oc-730">
         <name>.text:IntMasterEnable</name>
         <load_address>0xe866c</load_address>
         <run_address>0xe866c</run_address>
         <size>0xa</size>
         <input_file_ref idref="fl-151"/>
      </object_component>
      <object_component id="oc-90c">
         <name>.text:UARTCharPut</name>
         <load_address>0xe8676</load_address>
         <run_address>0xe8676</run_address>
         <size>0xa</size>
         <input_file_ref idref="fl-14d"/>
      </object_component>
      <object_component id="oc-92b">
         <name>.text:UARTIntDisable</name>
         <load_address>0xe8680</load_address>
         <run_address>0xe8680</run_address>
         <size>0xa</size>
         <input_file_ref idref="fl-14d"/>
      </object_component>
      <object_component id="oc-5e1">
         <name>.text:tcp_poll</name>
         <load_address>0xe868a</load_address>
         <run_address>0xe868a</run_address>
         <size>0xa</size>
         <input_file_ref idref="fl-8"/>
      </object_component>
      <object_component id="oc-757">
         <name>.text:EMACTxDMAPollDemand</name>
         <load_address>0xe8694</load_address>
         <run_address>0xe8694</run_address>
         <size>0x8</size>
         <input_file_ref idref="fl-154"/>
      </object_component>
      <object_component id="oc-912">
         <name>.text:UARTIntEnable</name>
         <load_address>0xe869c</load_address>
         <run_address>0xe869c</run_address>
         <size>0x8</size>
         <input_file_ref idref="fl-14d"/>
      </object_component>
      <object_component id="oc-85d">
         <name>.text:fs_bytes_left</name>
         <load_address>0xe86a4</load_address>
         <run_address>0xe86a4</run_address>
         <size>0x8</size>
         <input_file_ref idref="fl-5"/>
      </object_component>
      <object_component id="oc-5f3">
         <name>.text:http_err</name>
         <load_address>0xe86ac</load_address>
         <run_address>0xe86ac</run_address>
         <size>0x8</size>
         <input_file_ref idref="fl-b"/>
      </object_component>
      <object_component id="oc-50c">
         <name>.text:icmp_dest_unreach</name>
         <load_address>0xe86b4</load_address>
         <run_address>0xe86b4</run_address>
         <size>0x8</size>
         <input_file_ref idref="fl-8"/>
      </object_component>
      <object_component id="oc-810">
         <name>.text:EMACRxDMADescriptorListSet</name>
         <load_address>0xe86bc</load_address>
         <run_address>0xe86bc</run_address>
         <size>0x6</size>
         <input_file_ref idref="fl-154"/>
      </object_component>
      <object_component id="oc-a6">
         <name>.text:EMACTimestampIntStatus</name>
         <load_address>0xe86c2</load_address>
         <run_address>0xe86c2</run_address>
         <size>0x6</size>
         <input_file_ref idref="fl-154"/>
      </object_component>
      <object_component id="oc-816">
         <name>.text:EMACTxDMADescriptorListSet</name>
         <load_address>0xe86c8</load_address>
         <run_address>0xe86c8</run_address>
         <size>0x6</size>
         <input_file_ref idref="fl-154"/>
      </object_component>
      <object_component id="oc-23b">
         <name>.text:GPIOPinRead</name>
         <load_address>0xe86ce</load_address>
         <run_address>0xe86ce</run_address>
         <size>0x6</size>
         <input_file_ref idref="fl-152"/>
      </object_component>
      <object_component id="oc-ca">
         <name>.text:GPIOPinWrite</name>
         <load_address>0xe86d4</load_address>
         <run_address>0xe86d4</run_address>
         <size>0x6</size>
         <input_file_ref idref="fl-152"/>
      </object_component>
      <object_component id="oc-29">
         <name>.text:ResetISR</name>
         <load_address>0xe86da</load_address>
         <run_address>0xe86da</run_address>
         <size>0x6</size>
         <input_file_ref idref="fl-6"/>
      </object_component>
      <object_component id="oc-d6">
         <name>.text:SysCtlDelay</name>
         <load_address>0xe86e0</load_address>
         <run_address>0xe86e0</run_address>
         <size>0x6</size>
         <input_file_ref idref="fl-150"/>
      </object_component>
      <object_component id="oc-41">
         <name>.text:SysTickIntHandler</name>
         <load_address>0xe86e6</load_address>
         <run_address>0xe86e6</run_address>
         <size>0x6</size>
         <input_file_ref idref="fl-3"/>
      </object_component>
      <object_component id="oc-235">
         <name>.text:UARTFIFOLevelSet</name>
         <load_address>0xe86ec</load_address>
         <run_address>0xe86ec</run_address>
         <size>0x6</size>
         <input_file_ref idref="fl-14d"/>
      </object_component>
      <object_component id="oc-22">
         <name>.text:decompress:rle24</name>
         <load_address>0xe86f2</load_address>
         <run_address>0xe86f2</run_address>
         <size>0x6</size>
         <input_file_ref idref="fl-13c"/>
      </object_component>
      <object_component id="oc-66c">
         <name>.text:tcp_abort</name>
         <load_address>0xe86f8</load_address>
         <run_address>0xe86f8</run_address>
         <size>0x6</size>
         <input_file_ref idref="fl-8"/>
      </object_component>
      <object_component id="oc-5c5">
         <name>.text:tcp_accept_null</name>
         <load_address>0xe86fe</load_address>
         <run_address>0xe86fe</run_address>
         <size>0x6</size>
         <input_file_ref idref="fl-8"/>
      </object_component>
      <object_component id="oc-5db">
         <name>.text:tcp_err</name>
         <load_address>0xe8704</load_address>
         <run_address>0xe8704</run_address>
         <size>0x6</size>
         <input_file_ref idref="fl-8"/>
      </object_component>
      <object_component id="oc-484">
         <name>.text:tcp_new</name>
         <load_address>0xe870a</load_address>
         <run_address>0xe870a</run_address>
         <size>0x6</size>
         <input_file_ref idref="fl-8"/>
      </object_component>
      <object_component id="oc-5d5">
         <name>.text:tcp_recv</name>
         <load_address>0xe8710</load_address>
         <run_address>0xe8710</run_address>
         <size>0x6</size>
         <input_file_ref idref="fl-8"/>
      </object_component>
      <object_component id="oc-9c">
         <name>.text:TimerIntClear</name>
         <load_address>0xe8716</load_address>
         <run_address>0xe8716</run_address>
         <size>0x4</size>
         <input_file_ref idref="fl-14e"/>
      </object_component>
      <object_component id="oc-871">
         <name>.text:fs_close</name>
         <load_address>0xe871a</load_address>
         <run_address>0xe871a</run_address>
         <size>0x4</size>
         <input_file_ref idref="fl-5"/>
      </object_component>
      <object_component id="oc-4a2">
         <name>.text:tcp_accept</name>
         <load_address>0xe871e</load_address>
         <run_address>0xe871e</run_address>
         <size>0x4</size>
         <input_file_ref idref="fl-8"/>
      </object_component>
      <object_component id="oc-49c">
         <name>.text:tcp_arg</name>
         <load_address>0xe8722</load_address>
         <run_address>0xe8722</run_address>
         <size>0x4</size>
         <input_file_ref idref="fl-8"/>
      </object_component>
      <object_component id="oc-5e7">
         <name>.text:tcp_sent</name>
         <load_address>0xe8726</load_address>
         <run_address>0xe8726</run_address>
         <size>0x4</size>
         <input_file_ref idref="fl-8"/>
      </object_component>
      <object_component id="oc-48a">
         <name>.text:tcp_setprio</name>
         <load_address>0xe872a</load_address>
         <run_address>0xe872a</run_address>
         <size>0x4</size>
         <input_file_ref idref="fl-8"/>
      </object_component>
      <object_component id="oc-97a">
         <name>.const:.string:data_jquery_mobile_1_4_5_js</name>
         <load_address>0x200</load_address>
         <run_address>0x200</run_address>
         <size>0x71b4c</size>
         <input_file_ref idref="fl-5"/>
      </object_component>
      <object_component id="oc-97d">
         <name>.const:.string:data_jquery_mobile_1_4_5_css</name>
         <load_address>0x71d4c</load_address>
         <run_address>0x71d4c</run_address>
         <size>0x3a7e1</size>
         <input_file_ref idref="fl-5"/>
      </object_component>
      <object_component id="oc-983">
         <name>.const:.string:data_jquery_1_11_3_min_js</name>
         <load_address>0xac52d</load_address>
         <run_address>0xac52d</run_address>
         <size>0x176eb</size>
         <input_file_ref idref="fl-5"/>
      </object_component>
      <object_component id="oc-968">
         <name>.const:.string:data_Vsonic_ON_png</name>
         <load_address>0xc3c18</load_address>
         <run_address>0xc3c18</run_address>
         <size>0x9f65</size>
         <input_file_ref idref="fl-5"/>
      </object_component>
      <object_component id="oc-96b">
         <name>.const:.string:data_Vsonic_OFF_png</name>
         <load_address>0xcdb7d</load_address>
         <run_address>0xcdb7d</run_address>
         <size>0x925b</size>
         <input_file_ref idref="fl-5"/>
      </object_component>
      <object_component id="oc-980">
         <name>.const:.string:data_jquery_easing_1_3_js</name>
         <load_address>0xd6dd8</load_address>
         <run_address>0xd6dd8</run_address>
         <size>0x1fb7</size>
         <input_file_ref idref="fl-5"/>
      </object_component>
      <object_component id="oc-974">
         <name>.const:.string:data_NEC_MID_png</name>
         <load_address>0xd8d8f</load_address>
         <run_address>0xd8d8f</run_address>
         <size>0x1c61</size>
         <input_file_ref idref="fl-5"/>
      </object_component>
      <object_component id="oc-971">
[...]
         <value>0xe73a5</value>
         <object_component_ref idref="oc-468"/>
      </symbol>
      <symbol id="sm-bfb">
         <name>tcp_seg_copy</name>
         <value>0xe8159</value>
         <object_component_ref idref="oc-890"/>
      </symbol>
      <symbol id="sm-bfc">
         <name>netif_set_default</name>
         <value>0xe863d</value>
         <object_component_ref idref="oc-46e"/>
      </symbol>
      <symbol id="sm-bfd">
         <name>tcp_accept</name>
         <value>0xe871f</value>
         <object_component_ref idref="oc-4a2"/>
      </symbol>
      <symbol id="sm-bfe">
         <name>sys_now</name>
         <value>0xe8661</value>
         <object_component_ref idref="oc-6d9"/>
      </symbol>
      <symbol id="sm-bff">
         <name>ip_route</name>
         <value>0xe74e1</value>
         <object_component_ref idref="oc-6ad"/>
      </symbol>
      <symbol id="sm-c00">
         <name>tcp_pcb_remove</name>
         <value>0xe6ef9</value>
         <object_component_ref idref="oc-675"/>
      </symbol>
      <symbol id="sm-c01">
         <name>g_RxDescList</name>
         <value>0x20017fc4</value>
         <object_component_ref idref="oc-113"/>
      </symbol>
      <symbol id="sm-c02">
         <name>g_TxDescList</name>
         <value>0x20017fb4</value>
         <object_component_ref idref="oc-113"/>
      </symbol>
      <symbol id="sm-c03">
         <name>sys_timeout</name>
         <value>0xe6cc9</value>
         <object_component_ref idref="oc-6d3"/>
      </symbol>
      <symbol id="sm-c04">
         <name>etharp_tmr</name>
         <value>0xe7a69</value>
         <object_component_ref idref="oc-172"/>
      </symbol>
      <symbol id="sm-c05">
         <name>tcp_abort</name>
         <value>0xe86f9</value>
         <object_component_ref idref="oc-66c"/>
      </symbol>
      <symbol id="sm-c06">
         <name>mem_trim</name>
         <value>0xe4fd5</value>
         <object_component_ref idref="oc-643"/>
      </symbol>
      <symbol id="sm-c07">
         <name>tcp_setprio</name>
         <value>0xe872b</value>
         <object_component_ref idref="oc-48a"/>
      </symbol>
      <symbol id="sm-c08">
         <name>lwip_stats</name>
         <value>0x20017870</value>
         <object_component_ref idref="oc-2b4"/>
      </symbol>
      <symbol id="sm-c76">
         <name>UARTStdioConfig</name>
         <value>0xe6c69</value>
         <object_component_ref idref="oc-1e1"/>
      </symbol>
      <symbol id="sm-c77">
         <name>UARTwrite</name>
         <value>0xe7659</value>
         <object_component_ref idref="oc-4c2"/>
      </symbol>
      <symbol id="sm-c78">
         <name>UARTprintf</name>
         <value>0xe8339</value>
         <object_component_ref idref="oc-241"/>
      </symbol>
      <symbol id="sm-c79">
         <name>UARTvprintf</name>
         <value>0xe3705</value>
         <object_component_ref idref="oc-373"/>
      </symbol>
      <symbol id="sm-cce">
         <name>uvsnprintf</name>
         <value>0xe30ad</value>
         <object_component_ref idref="oc-532"/>
      </symbol>
      <symbol id="sm-ccf">
         <name>ustrncpy</name>
         <value>0xe81c1</value>
         <object_component_ref idref="oc-69d"/>
      </symbol>
      <symbol id="sm-cd0">
         <name>usprintf</name>
         <value>0xe82a5</value>
         <object_component_ref idref="oc-3da"/>
      </symbol>
      <symbol id="sm-cd1">
         <name>ustrncmp</name>
         <value>0xe7f05</value>
         <object_component_ref idref="oc-906"/>
      </symbol>
      <symbol id="sm-ea1">
         <name>g_pCGIs</name>
         <value>0x20017b28</value>
      </symbol>
      <symbol id="sm-ea2">
         <name>g_iNumCGIs</name>
         <value>0x20017b24</value>
      </symbol>
      <symbol id="sm-ea3">
         <name>g_iNumTags</name>
         <value>0x20017ffc</value>
         <object_component_ref idref="oc-8f4"/>
      </symbol>
      <symbol id="sm-ea4">
         <name>g_pcSSIExtensions</name>
         <value>0xe1214</value>
         <object_component_ref idref="oc-8e2"/>
      </symbol>
      <symbol id="sm-ea5">
         <name>httpd_init</name>
         <value>0xe860d</value>
         <object_component_ref idref="oc-21d"/>
      </symbol>
      <symbol id="sm-ea6">
         <name>g_ppcTags</name>
         <value>0x20018000</value>
         <object_component_ref idref="oc-8f4"/>
      </symbol>
      <symbol id="sm-ea7">
         <name>g_pcTagLeadIn</name>
         <value>0xe1224</value>
         <object_component_ref idref="oc-8e2"/>
      </symbol>
      <symbol id="sm-ea8">
         <name>g_pfnSSIHandler</name>
         <value>0x20017ff8</value>
         <object_component_ref idref="oc-8f4"/>
      </symbol>
      <symbol id="sm-ea9">
         <name>g_psDefaultFilenames</name>
         <value>0xe11d0</value>
         <object_component_ref idref="oc-8e5"/>
      </symbol>
      <symbol id="sm-eaa">
         <name>g_pcTagLeadOut</name>
         <value>0xe1228</value>
         <object_component_ref idref="oc-8e2"/>
      </symbol>
      <symbol id="sm-ec8">
         <name>PinoutSet</name>
         <value>0xe32f5</value>
         <object_component_ref idref="oc-1db"/>
      </symbol>
      <symbol id="sm-ed8">
         <name>_c_int00</name>
         <value>0xe7779</value>
         <object_component_ref idref="oc-11"/>
      </symbol>
      <symbol id="sm-ed9">
         <name>__stack</name>
         <value>0x20017bb0</value>
         <object_component_ref idref="oc-28"/>
      </symbol>
      <symbol id="sm-ef0">
         <name>__TI_decompress_none</name>
         <value>0xe85e5</value>
         <object_component_ref idref="oc-16"/>
      </symbol>
      <symbol id="sm-f14">
         <name>__TI_decompress_rle24</name>
         <value>0xe86f3</value>
         <object_component_ref idref="oc-22"/>
      </symbol>
      <symbol id="sm-f28">
         <name>__TI_zero_init</name>
         <value>0xe855d</value>
         <object_component_ref idref="oc-1c"/>
      </symbol>
      <symbol id="sm-f47">
         <name>C$$EXIT</name>
         <value>0xe78d9</value>
         <object_component_ref idref="oc-67"/>
      </symbol>
      <symbol id="sm-f48">
         <name>abort</name>
         <value>0xe78dd</value>
         <object_component_ref idref="oc-67"/>
      </symbol>
      <symbol id="sm-f49">
         <name>exit</name>
         <value>0xe78e5</value>
         <object_component_ref idref="oc-67"/>
      </symbol>
      <symbol id="sm-f4a">
         <name>__TI_dtors_ptr</name>
         <value>0x20018010</value>
         <object_component_ref idref="oc-f9"/>
      </symbol>
      <symbol id="sm-f4b">
         <name>__TI_cleanup_ptr</name>
         <value>0x2001800c</value>
         <object_component_ref idref="oc-f9"/>
      </symbol>
      <symbol id="sm-f5b">
         <name>memcmp</name>
         <value>0xe819f</value>
         <object_component_ref idref="oc-3ab"/>
      </symbol>
      <symbol id="sm-f76">
         <name>memcpy</name>
         <value>0xe5dd3</value>
         <object_component_ref idref="oc-71"/>
      </symbol>
      <symbol id="sm-f77">
         <name>__aeabi_memcpy</name>
         <value>0xe5dd3</value>
         <object_component_ref idref="oc-71"/>
      </symbol>
      <symbol id="sm-f78">
         <name>__aeabi_memcpy8</name>
         <value>0xe5dd3</value>
         <object_component_ref idref="oc-71"/>
      </symbol>
      <symbol id="sm-f79">
         <name>__aeabi_memcpy4</name>
         <value>0xe5dd3</value>
         <object_component_ref idref="oc-71"/>
      </symbol>
      <symbol id="sm-f88">
         <name>__aeabi_memset</name>
         <value>0xe64db</value>
         <object_component_ref idref="oc-76a"/>
      </symbol>
      <symbol id="sm-f89">
         <name>memset</name>
         <value>0xe64e1</value>
         <object_component_ref idref="oc-76a"/>
      </symbol>
      <symbol id="sm-f8a">
         <name>__aeabi_memset8</name>
         <value>0xe64db</value>
         <object_component_ref idref="oc-76a"/>
      </symbol>
      <symbol id="sm-f8b">
         <name>__aeabi_memset4</name>
         <value>0xe64db</value>
         <object_component_ref idref="oc-76a"/>
      </symbol>
      <symbol id="sm-f8c">
         <name>__aeabi_memclr8</name>
         <value>0xe64d9</value>
         <object_component_ref idref="oc-76a"/>
      </symbol>
      <symbol id="sm-f8d">
         <name>__aeabi_memclr4</name>
         <value>0xe64d9</value>
         <object_component_ref idref="oc-76a"/>
      </symbol>
      <symbol id="sm-f8e">
         <name>__aeabi_memclr</name>
         <value>0xe64d9</value>
         <object_component_ref idref="oc-76a"/>
      </symbol>
      <symbol id="sm-f96">
         <name>main_func_sp</name>
         <value>0x20018024</value>
         <object_component_ref idref="oc-6d"/>
      </symbol>
      <symbol id="sm-fa6">
         <name>strchr</name>
         <value>0xe8483</value>
         <object_component_ref idref="oc-8b6"/>
      </symbol>
      <symbol id="sm-fb5">
         <name>strcmp</name>
         <value>0xe83cd</value>
         <object_component_ref idref="oc-8bc"/>
      </symbol>
      <symbol id="sm-fc3">
         <name>strlen</name>
         <value>0xe84fd</value>
         <object_component_ref idref="oc-851"/>
      </symbol>
      <symbol id="sm-fd3">
         <name>strncmp</name>
         <value>0xe807f</value>
         <object_component_ref idref="oc-844"/>
      </symbol>
      <symbol id="sm-fe6">
         <name>strstr</name>
         <value>0xe7da1</value>
         <object_component_ref idref="oc-8d4"/>
      </symbol>
      <symbol id="sm-ff6">
         <name>__aeabi_uidivmod</name>
         <value>0xe79a5</value>
         <object_component_ref idref="oc-4c8"/>
      </symbol>
      <symbol id="sm-100f">
         <name>_nop</name>
         <value>0xe84f7</value>
         <object_component_ref idref="oc-251"/>
      </symbol>
      <symbol id="sm-1010">
         <name>_lock</name>
         <value>0x20018004</value>
         <object_component_ref idref="oc-f6"/>
      </symbol>
      <symbol id="sm-1011">
         <name>_unlock</name>
         <value>0x20018008</value>
         <object_component_ref idref="oc-f6"/>
      </symbol>
      <symbol id="sm-1012">
         <name>_register_lock</name>
         <value>0xe84ef</value>
         <object_component_ref idref="oc-251"/>
      </symbol>
      <symbol id="sm-1013">
         <name>_register_unlock</name>
         <value>0xe84e9</value>
         <object_component_ref idref="oc-251"/>
      </symbol>
      <symbol id="sm-1027">
         <name>_args_main</name>
         <value>0xe83b5</value>
         <object_component_ref idref="oc-61"/>
      </symbol>
      <symbol id="sm-1044">
         <name>__TI_auto_init</name>
         <value>0xe5f0d</value>
         <object_component_ref idref="oc-5c"/>
      </symbol>
      <symbol id="sm-105d">
         <name>copy_in</name>
         <value>0xe7895</value>
         <object_component_ref idref="oc-e7"/>
      </symbol>
      <symbol id="sm-10ad">
         <name>UARTConfigSetExpClk</name>
         <value>0xe7a29</value>
         <object_component_ref idref="oc-1f9"/>
      </symbol>
      <symbol id="sm-10ae">
         <name>UARTDisable</name>
         <value>0xe82e5</value>
         <object_component_ref idref="oc-330"/>
      </symbol>
      <symbol id="sm-10af">
         <name>UARTIntEnable</name>
         <value>0xe869d</value>
         <object_component_ref idref="oc-912"/>
      </symbol>
      <symbol id="sm-10b0">
         <name>UARTIntDisable</name>
         <value>0xe8681</value>
         <object_component_ref idref="oc-92b"/>
      </symbol>
      <symbol id="sm-10b1">
         <name>UARTCharPut</name>
         <value>0xe8677</value>
         <object_component_ref idref="oc-90c"/>
      </symbol>
      <symbol id="sm-10b2">
         <name>UARTEnable</name>
         <value>0xe84d5</value>
         <object_component_ref idref="oc-336"/>
      </symbol>
      <symbol id="sm-10b3">
         <name>UARTFIFOLevelSet</name>
         <value>0xe86ed</value>
         <object_component_ref idref="oc-235"/>
      </symbol>
      <symbol id="sm-10c0">
         <name>TimerIntClear</name>
         <value>0xe8717</value>
         <object_component_ref idref="oc-9c"/>
      </symbol>
      <symbol id="sm-10e3">
         <name>SysTickEnable</name>
         <value>0xe84ad</value>
         <object_component_ref idref="oc-205"/>
      </symbol>
      <symbol id="sm-10e4">
         <name>SysTickIntEnable</name>
         <value>0xe84c1</value>
         <object_component_ref idref="oc-20b"/>
      </symbol>
      <symbol id="sm-10e5">
         <name>SysTickPeriodSet</name>
         <value>0xe85b5</value>
         <object_component_ref idref="oc-1ff"/>
      </symbol>
      <symbol id="sm-119f">
         <name>SysCtlDelay</name>
         <value>0xe86e1</value>
         <object_component_ref idref="oc-d6"/>
      </symbol>
      <symbol id="sm-11a0">
         <name>SysCtlMOSCConfigSet</name>
         <value>0xe8601</value>
         <object_component_ref idref="oc-1cf"/>
      </symbol>
      <symbol id="sm-11a1">
         <name>SysCtlPeripheralEnable</name>
         <value>0xe7d05</value>
         <object_component_ref idref="oc-1e7"/>
      </symbol>
      <symbol id="sm-11a2">
         <name>SysCtlClockGet</name>
         <value>0xe4781</value>
         <object_component_ref idref="oc-d0"/>
      </symbol>
      <symbol id="sm-11a3">
         <name>SysCtlPeripheralReady</name>
         <value>0xe7d39</value>
         <object_component_ref idref="oc-44f"/>
      </symbol>
      <symbol id="sm-11a4">
         <name>SysCtlClockFreqSet</name>
         <value>0xe3509</value>
         <object_component_ref idref="oc-1d5"/>
      </symbol>
      <symbol id="sm-11a5">
         <name>SysCtlPeripheralReset</name>
         <value>0xe7265</value>
         <object_component_ref idref="oc-449"/>
      </symbol>
      <symbol id="sm-11e4">
         <name>IntPrioritySet</name>
         <value>0xe80a5</value>
         <object_component_ref idref="oc-223"/>
      </symbol>
      <symbol id="sm-11e5">
         <name>IntEnable</name>
         <value>0xe6c09</value>
         <object_component_ref idref="oc-22f"/>
      </symbol>
      <symbol id="sm-11e6">
         <name>IntMasterEnable</name>
         <value>0xe866d</value>
         <object_component_ref idref="oc-730"/>
      </symbol>
      <symbol id="sm-1236">
         <name>GPIOPinConfigure</name>
         <value>0xe7611</value>
         <object_component_ref idref="oc-1ed"/>
      </symbol>
      <symbol id="sm-1237">
         <name>GPIOPinTypeUART</name>
         <value>0xe854b</value>
         <object_component_ref idref="oc-1f3"/>
      </symbol>
      <symbol id="sm-1238">
         <name>GPIOPinRead</name>
         <value>0xe86cf</value>
         <object_component_ref idref="oc-23b"/>
      </symbol>
      <symbol id="sm-1239">
         <name>GPIODirModeSet</name>
         <value>0xe7fb9</value>
         <object_component_ref idref="oc-329"/>
      </symbol>
      <symbol id="sm-123a">
         <name>GPIOPinWrite</name>
         <value>0xe86d5</value>
         <object_component_ref idref="oc-ca"/>
      </symbol>
      <symbol id="sm-123b">
         <name>GPIOPadConfigSet</name>
         <value>0xe43f9</value>
         <object_component_ref idref="oc-30b"/>
      </symbol>
      <symbol id="sm-123c">
         <name>GPIOPinTypeEthernetLED</name>
         <value>0xe8539</value>
         <object_component_ref idref="oc-311"/>
      </symbol>
      <symbol id="sm-124b">
         <name>FlashUserGet</name>
         <value>0xe8499</value>
         <object_component_ref idref="oc-211"/>
      </symbol>
      <symbol id="sm-1305">
         <name>EMACConfigSet</name>
         <value>0xe7c69</value>
         <object_component_ref idref="oc-294"/>
      </symbol>
      <symbol id="sm-1306">
         <name>EMACTxEnable</name>
         <value>0xe8441</value>
         <object_component_ref idref="oc-71e"/>
      </symbol>
      <symbol id="sm-1307">
         <name>EMACRxDMADescriptorListSet</name>
         <value>0xe86bd</value>
         <object_component_ref idref="oc-810"/>
      </symbol>
      <symbol id="sm-1308">
         <name>EMACPHYConfigSet</name>
         <value>0xe700d</value>
         <object_component_ref idref="oc-344"/>
      </symbol>
      <symbol id="sm-1309">
         <name>EMACPHYRead</name>
         <value>0xe800d</value>
         <object_component_ref idref="oc-27c"/>
      </symbol>
      <symbol id="sm-130a">
         <name>EMACTimestampIntStatus</name>
         <value>0xe86c3</value>
         <object_component_ref idref="oc-a6"/>
      </symbol>
      <symbol id="sm-130b">
         <name>EMACRxEnable</name>
         <value>0xe842b</value>
         <object_component_ref idref="oc-724"/>
      </symbol>
      <symbol id="sm-130c">
         <name>EMACIntClear</name>
         <value>0xe7c9d</value>
         <object_component_ref idref="oc-718"/>
      </symbol>
      <symbol id="sm-130d">
         <name>EMACConfigGet</name>
         <value>0xe7c35</value>
         <object_component_ref idref="oc-28e"/>
      </symbol>
      <symbol id="sm-130e">
         <name>EMACIntEnable</name>
         <value>0xe7aa9</value>
         <object_component_ref idref="oc-72a"/>
      </symbol>
      <symbol id="sm-130f">
         <name>EMACPHYWrite</name>
         <value>0xe8033</value>
         <object_component_ref idref="oc-706"/>
      </symbol>
      <symbol id="sm-1310">
         <name>EMACReset</name>
         <value>0xe8415</value>
         <object_component_ref idref="oc-455"/>
      </symbol>
      <symbol id="sm-1311">
         <name>EMACFrameFilterSet</name>
         <value>0xe85a5</value>
         <object_component_ref idref="oc-70c"/>
      </symbol>
      <symbol id="sm-1312">
         <name>EMACTxDMAPollDemand</name>
         <value>0xe8695</value>
         <object_component_ref idref="oc-757"/>
      </symbol>
      <symbol id="sm-1313">
         <name>EMACAddrGet</name>
         <value>0xe82c5</value>
         <object_component_ref idref="oc-6fa"/>
      </symbol>
      <symbol id="sm-1314">
         <name>EMACTxDMADescriptorListSet</name>
         <value>0xe86c9</value>
         <object_component_ref idref="oc-816"/>
      </symbol>
      <symbol id="sm-1315">
         <name>EMACIntStatus</name>
         <value>0xe7f35</value>
         <object_component_ref idref="oc-712"/>
      </symbol>
      <symbol id="sm-131f">
         <name>CPUcpsie</name>
         <value>0xe85f3</value>
         <object_component_ref idref="oc-824"/>
      </symbol>
      <symbol id="sm-1321">
         <name>__TI_static_base__</name>
         <value>0x0</value>
      </symbol>
      <symbol id="sm-1322">
         <name>__TI_args_main</name>
         <value>0x1</value>
      </symbol>
      <symbol id="sm-1323">
         <name>SHT$$INIT_ARRAY$$Limit</name>
         <value>0x0</value>
      </symbol>
      <symbol id="sm-1324">
         <name>SHT$$INIT_ARRAY$$Base</name>
         <value>0x0</value>
      </symbol>
      <symbol id="sm-1328">
         <name>lwip_ntohs</name>
         <value>0xe8631</value>
      </symbol>
      <symbol id="sm-1329">
         <name>lwip_ntohl</name>
         <value>0xe8353</value>
      </symbol>
   </symbol_table>
   <title>Link successful</title>
</link_info>
