******************************************************************************
                  TI ARM Linker PC v5.1.6                      
******************************************************************************
>> Linked Mon Jun 06 10:25:37 2016

OUTPUT FILE NAME:   <enet_io_FIFO.out>
ENTRY POINT SYMBOL: "_c_int00"  address: 000761ed


MEMORY CONFIGURATION

         name            origin    length      used     unused   attr    fill
----------------------  --------  ---------  --------  --------  ----  --------
  FLASH                 00000000   00100000  00077220  00088de0  R  X
  SRAM                  20000000   00040000  000180a0  00027f60  RW X


SEGMENT ALLOCATION MAP

run origin  load origin   length   init length attrs members
----------  ----------- ---------- ----------- ----- -------
00000000    00000000    00077220   00077220    r-x
  00000000    00000000    00000200   00000200    r-- .intvecs
  00000200    00000200    0006f5ec   0006f5ec    r-- .const
  0006f7ec    0006f7ec    000079d4   000079d4    r-x .text
  000771c0    000771c0    00000060   00000060    r-- .cinit
20000000    20000000    000180a0   00000000    rw-
  20000000    20000000    00017c20   00000000    rw- .bss
  20017c20    20017c20    00000400   00000000    rw- .stack
  20018020    20018020    00000080   00000000    rw- .data


SECTION ALLOCATION MAP

 output                                  attributes/
section   page    origin      length       input sections
--------  ----  ----------  ----------   ----------------
.intvecs   0    00000000    00000200     
                  00000000    00000200     startup_ccs.obj (.intvecs)

.init_array 
*          0    00000000    00000000     UNINITIALIZED

.const     0    00000200    0006f5ec     
                  00000200    0003a7e1     io_fs.obj (.const:.string:data_jquery_mobile_1_4_5_css)
                  0003a9e1    000176eb     io_fs.obj (.const:.string:data_jquery_1_11_3_min_js)
                  000520cc    00009f65     io_fs.obj (.const:.string:data_Vsonic_ON_png)
                  0005c031    0000925b     io_fs.obj (.const:.string:data_Vsonic_OFF_png)
                  0006528c    00001fb7     io_fs.obj (.const:.string:data_jquery_easing_1_3_js)
                  00067243    00001c61     io_fs.obj (.const:.string:data_NEC_MID_png)
                  00068ea4    00001be7     io_fs.obj (.const:.string:data_NEC_OFF_png)
                  0006aa8b    0000165d     io_fs.obj (.const:.string:data_JQuery_Functions_js)
                  0006c0e8    00001549     io_fs.obj (.const:.string:data_NEC_ON_png)
                  0006d631    000014d6     io_fs.obj (.const:.string:data_index_html)
                  0006eb07    00000001     --HOLE-- [fill = 0]
                  0006eb08    00000440     httpd.obj (.const:.string)
                  0006ef48    00000131     io_fs.obj (.const:.string:data_io_fsdata_h)
                  0006f079    00000003     --HOLE-- [fill = 0]
                  0006f07c    00000120     driverlib.lib : sysctl.obj (.const:g_pppui32XTALtoVCO)
                  0006f19c    00000102     rtsv7M4_T_le_v4SPD16_eabi.lib : ctype.obj (.const:.string:_ctypes_)
                  0006f29e    00000002     --HOLE-- [fill = 0]
                  0006f2a0    000000dc     io_fs.obj (.const)
                  0006f37c    0000009c     driverlib.lib : interrupt.obj (.const:g_pui32Regs)
                  0006f418    00000090                   : gpio.obj (.const:g_pui32GPIOBaseAddrs)
                  0006f4a8    0000008a     lwiplib.obj (.const:.string)
                  0006f532    00000002     --HOLE-- [fill = 0]
                  0006f534    00000088     httpd.obj (.const:g_psHTTPHeaders)
                  0006f5bc    00000070     driverlib.lib : interrupt.obj (.const)
                  0006f62c    0000006c                   : sysctl.obj (.const:g_pui32Xtals)
                  0006f698    00000068     httpd.obj (.const:g_psHTTPHeaderStrings)
                  0006f700    00000044     lwiplib.obj (.const)
                  0006f744    00000030     driverlib.lib : sysctl.obj (.const:g_sXTALtoMEMTIM)
                  0006f774    00000028     httpd.obj (.const:g_psDefaultFilenames)
                  0006f79c    0000001c     uartstdio.obj (.const)
                  0006f7b8    00000018     httpd.obj (.const)
                  0006f7d0    00000012     uartstdio.obj (.const:.string)
                  0006f7e2    00000002     --HOLE-- [fill = 0]
                  0006f7e4    00000008     driverlib.lib : sysctl.obj (.const)

.text      0    0006f7ec    000079d4     
                  0006f7ec    0000076c     lwiplib.obj (.text:tcp_receive)
                  0006ff58    00000678     io_fs.obj (.text:fs_open)
                  000705d0    0000049e     httpd.obj (.text:http_send_data)
                  00070a6e    00000002     startup_ccs.obj (.text:FaultISR)
                  00070a70    000003d0     lwiplib.obj (.text:tcp_input)
                  00070e40    000003b0     lwiplib.obj (.text:tcp_process)
                  000711f0    00000328     enet_io.obj (.text:main)
                  00071518    000002dc     lwiplib.obj (.text:tcp_write)
                  000717f4    000002bc     lwiplib.obj (.text:tcp_slowtmr)
                  00071ab0    00000245     ustdlib.obj (.text:uvsnprintf)
                  00071cf5    00000001     --HOLE-- [fill = 0]
                  00071cf6    00000002     startup_ccs.obj (.text:IntDefaultHandler)
                  00071cf8    00000214     pinout.obj (.text:PinoutSet)
                  00071f0c    000001fc     driverlib.lib : sysctl.obj (.text:SysCtlClockFreqSet)
                  00072108    000001c0     lwiplib.obj (.text:ip_input)
                  000722c8    000001c0     lwiplib.obj (.text:udp_input)
                  00072488    000001ac     lwiplib.obj (.text:icmp_input)
                  00072634    00000190     lwiplib.obj (.text:tcp_output)
                  000727c4    00000144     lwiplib.obj (.text:tcp_close_shutdown)
                  00072908    00000138     lwiplib.obj (.text:pbuf_alloc)
                  00072a40    00000130     driverlib.lib : gpio.obj (.text:GPIOPadConfigSet)
                  00072b70    00000130     lwiplib.obj (.text:tivaif_receive)
                  00072ca0    00000128     lwiplib.obj (.text:etharp_arp_input)
                  00072dc8    00000118     driverlib.lib : sysctl.obj (.text:SysCtlClockGet)
                  00072ee0    00000118     httpd.obj (.text:http_find_file)
                  00072ff8    00000114     lwiplib.obj (.text:etharp_output)
                  0007310c    00000114     lwiplib.obj (.text:etharp_query)
                  00073220    00000114     lwiplib.obj (.text:tcp_listen_input)
                  00073334    00000110     rtsv7M4_T_le_v4SPD16_eabi.lib : strtoul.obj (.text)
                  00073444    0000010c     io_fs.obj (.text:getParamURL)
                  00073550    000000fc     lwiplib.obj (.text:mem_malloc)
                  0007364c    000000f8     lwiplib.obj (.text:tivaif_transmit)
                  00073744    000000f4     httpd.obj (.text:get_http_headers)
                  00073838    000000f4     lwiplib.obj (.text:mem_trim)
                  0007392c    000000f0     lwiplib.obj (.text:ip_output_if)
                  00073a1c    000000ec     lwiplib.obj (.text:lwIPInit)
                  00073b08    000000e0     lwiplib.obj (.text:etharp_find_entry)
                  00073be8    000000d8     lwiplib.obj (.text:tcp_output_segment)
                  00073cc0    000000d4     lwiplib.obj (.text:tcp_alloc)
                  00073d94    000000cc     httpd.obj (.text:get_tag_insert)
                  00073e60    000000c4     lwiplib.obj (.text:InitDMADescriptors)
                  00073f24    000000c4     lwiplib.obj (.text:etharp_raw)
                  00073fe8    000000c0     lwiplib.obj (.text:tcp_create_segment)
                  000740a8    000000bc     lwiplib.obj (.text:tivaif_hwinit)
                  00074164    000000ac     lwiplib.obj (.text:tcp_zero_window_probe)
                  00074210    000000a8     lwiplib.obj (.text:tcp_enqueue_flags)
                  000742b8    000000a6     lwiplib.obj (.text:inet_chksum_pseudo)
                  0007435e    00000002     startup_ccs.obj (.text:NmiSR)
                  00074360    000000a4     lwiplib.obj (.text:ethernet_input)
                  00074404    0000009e     httpd.obj (.text:http_parse_request)
                  000744a2    0000009c     rtsv7M4_T_le_v4SPD16_eabi.lib : memcpy_t2.obj (.text)
                  0007453e    00000002     --HOLE-- [fill = 0]
                  00074540    0000009c     lwiplib.obj (.text:tcp_listen_with_backlog)
                  000745dc    00000094     rtsv7M4_T_le_v4SPD16_eabi.lib : auto_init.obj (.text)
                  00074670    00000092     lwiplib.obj (.text:pbuf_copy)
                  00074702    00000002     --HOLE-- [fill = 0]
                  00074704    00000090     lwiplib.obj (.text:tcp_abandon)
                  00074794    00000090     lwiplib.obj (.text:tcp_rst)
                  00074824    0000008c     io_fs.obj (.text:CheckResponeNEC)
                  000748b0    00000084     io.obj (.text:io_init)
                  00074934    00000084     lwiplib.obj (.text:lwIPPrivateInit)
                  000749b8    00000084     lwiplib.obj (.text:tcp_timewait_input)
                  00074a3c    00000080     io_fs.obj (.text:UARTIntHandler1)
                  00074abc    00000080     io_fs.obj (.text:UARTIntHandler2)
                  00074b3c    00000080     io_fs.obj (.text:UARTIntHandler3)
                  00074bbc    00000080     io_fs.obj (.text:UARTIntHandler4)
                  00074c3c    00000080     io_fs.obj (.text:UARTIntHandler5)
                  00074cbc    00000080     io_fs.obj (.text:UARTIntHandler6)
                  00074d3c    00000080     io_fs.obj (.text:UARTIntHandler7)
                  00074dbc    00000080     lwiplib.obj (.text:tcp_parseopt)
                  00074e3c    0000007c     lwiplib.obj (.text:tcp_bind)
                  00074eb8    0000007c     lwiplib.obj (.text:tivaif_process_phy_interrupt)
                  00074f34    00000078     rtsv7M4_T_le_v4SPD16_eabi.lib : memset_t2.obj (.text)
                  00074fac    00000078     lwiplib.obj (.text:tcp_oos_insert_segment)
                  00075024    00000074     lwiplib.obj (.text:etharp_update_arp_entry)
                  00075098    00000074     lwiplib.obj (.text:raw_input)
                  0007510c    00000072     httpd.obj (.text:extract_uri_parameters)
                  0007517e    00000002     --HOLE-- [fill = 0]
                  00075180    00000070     lwiplib.obj (.text:tcp_fasttmr)
                  000751f0    0000006c     lwiplib.obj (.text:icmp_send_response)
                  0007525c    0000006a     lwiplib.obj (.text:pbuf_copy_partial)
                  000752c6    00000002     --HOLE-- [fill = 0]
                  000752c8    00000069     httpd.obj (.text:http_init_file)
                  00075331    00000003     --HOLE-- [fill = 0]
                  00075334    00000068     enet_io.obj (.text:lwIPHostTimerHandler)
                  0007539c    00000068     lwiplib.obj (.text:memp_init)
                  00075404    00000068     lwiplib.obj (.text:tcp_output_alloc_header)
                  0007546c    00000068     lwiplib.obj (.text:tcp_process_refused_data)
                  000754d4    00000064     lwiplib.obj (.text:lwip_standard_chksum)
                  00075538    00000064     lwiplib.obj (.text:mem_free)
                  0007559c    00000064     lwiplib.obj (.text:plug_holes)
                  00075600    00000062     httpd.obj (.text:http_recv)
                  00075662    00000062     lwiplib.obj (.text:pbuf_header)
                  000756c4    00000060     driverlib.lib : interrupt.obj (.text:IntEnable)
                  00075724    00000060     uartstdio.obj (.text:UARTStdioConfig)
                  00075784    00000060     lwiplib.obj (.text:sys_timeout)
                  000757e4    0000005e     rtsv7M4_T_le_v4SPD16_eabi.lib : copy_decompress_rle.obj (.text)
                  00075842    00000002     --HOLE-- [fill = 0]
                  00075844    0000005c     lwiplib.obj (.text:lwIPEthernetIntHandler)
                  000758a0    0000005c     lwiplib.obj (.text:mem_init)
                  000758fc    0000005c     lwiplib.obj (.text:netif_set_ipaddr)
                  00075958    0000005c     lwiplib.obj (.text:tcp_keepalive)
                  000759b4    0000005c     lwiplib.obj (.text:tcp_pcb_remove)
                  00075a10    0000005c     lwiplib.obj (.text:tcp_send_empty_ack)
                  00075a6c    0000005a     lwiplib.obj (.text:pbuf_realloc)
                  00075ac6    00000002     --HOLE-- [fill = 0]
                  00075ac8    00000058     driverlib.lib : emac.obj (.text:EMACPHYConfigSet)
                  00075b20    00000058     httpd.obj (.text:http_accept)
                  00075b78    00000058     lwiplib.obj (.text:memp_malloc)
                  00075bd0    00000056     lwiplib.obj (.text:inet_chksum_pbuf)
                  00075c26    00000054     lwiplib.obj (.text:tcp_rexmit)
                  00075c7a    00000052     lwiplib.obj (.text:pbuf_free)
                  00075ccc    00000052     lwiplib.obj (.text:tivaif_process_transmit)
                  00075d1e    00000002     --HOLE-- [fill = 0]
                  00075d20    00000050     driverlib.lib : sysctl.obj (.text:SysCtlPeripheralReset)
                  00075d70    00000050     httpd.obj (.text:http_close_conn)
                  00075dc0    00000050     io.obj (.text:io_set_timer)
                  00075e10    00000050     lwiplib.obj (.text:lwIPServiceTimers)
                  00075e60    00000050     lwiplib.obj (.text:netif_add)
                  00075eb0    00000050     lwiplib.obj (.text:tcp_new_port)
                  00075f00    0000004e     httpd.obj (.text:strnstr)
                  00075f4e    0000004e     lwiplib.obj (.text:tcp_pbuf_prealloc)
                  00075f9c    0000004c     lwiplib.obj (.text:ip_route)
                  00075fe8    0000004c     lwiplib.obj (.text:tcp_write_checks)
                  00076034    0000004c     lwiplib.obj (.text:tivaif_interrupt)
                  00076080    0000004b     httpd.obj (.text:http_get_404_file)
                  000760cb    00000001     --HOLE-- [fill = 0]
                  000760cc    00000048     driverlib.lib : gpio.obj (.text:GPIOPinConfigure)
                  00076114    00000048                   : sysctl.obj (.text:_SysCtlFrequencyGet)
                  0007615c    00000048     lwiplib.obj (.text:etharp_output_to_arp_index)
                  000761a4    00000048     lwiplib.obj (.text:ip_output)
                  000761ec    00000048     rtsv7M4_T_le_v4SPD16_eabi.lib : boot.obj (.text)
                  00076234    00000048     lwiplib.obj (.text:tcp_kill_prio)
                  0007627c    00000048     lwiplib.obj (.text:tcp_rexmit_fast)
                  000762c4    00000044     httpd.obj (.text:http_write)
                  00076308    00000044     rtsv7M4_T_le_v4SPD16_eabi.lib : cpy_tbl.obj (.text)
                  0007634c    00000044                                   : exit.obj (.text)
                  00076390    00000044     lwiplib.obj (.text:tcp_send_fin)
                  000763d4    00000044     lwiplib.obj (.text:tivaif_check_pbuf)
                  00076418    00000042     rtsv7M4_T_le_v4SPD16_eabi.lib : u_divt2.obj (.text)
                  0007645a    00000042     lwiplib.obj (.text:tcp_pcb_purge)
                  0007649c    00000040     driverlib.lib : uart.obj (.text:UARTConfigSetExpClk)
                  000764dc    00000040     lwiplib.obj (.text:etharp_tmr)
                  0007651c    0000003a     driverlib.lib : emac.obj (.text:EMACIntEnable)
                  00076556    0000003a     io_fs.obj (.text:fs_read)
                  00076590    00000038     io_fs.obj (.text:GetFifo)
                  000765c8    00000038     httpd.obj (.text:httpd_init_addr)
                  00076600    00000038     lwiplib.obj (.text:memp_free)
                  00076638    00000038     lwiplib.obj (.text:tcpip_tcp_timer)
                  00076670    00000034     driverlib.lib : emac.obj (.text:EMACConfigGet)
                  000766a4    00000034                   : emac.obj (.text:EMACConfigSet)
                  000766d8    00000034                   : emac.obj (.text:EMACIntClear)
                  0007670c    00000034     io_fs.obj (.text:PutFifo)
                  00076740    00000034     driverlib.lib : sysctl.obj (.text:SysCtlPeripheralEnable)
                  00076774    00000034                   : sysctl.obj (.text:SysCtlPeripheralReady)
                  000767a8    00000034     httpd.obj (.text:http_poll)
                  000767dc    00000034     rtsv7M4_T_le_v4SPD16_eabi.lib : strstr.obj (.text)
                  00076810    00000034     lwiplib.obj (.text:tcp_kill_timewait)
                  00076844    00000034     lwiplib.obj (.text:tcp_timer_needed)
                  00076878    00000034     lwiplib.obj (.text:tivaif_init)
                  000768ac    00000032     lwiplib.obj (.text:ip4_addr_isbroadcast)
                  000768de    00000032     lwiplib.obj (.text:tcp_recved)
                  00076910    00000030     enet_io.obj (.text:DisplayIPAddress)
                  00076940    00000030     lwiplib.obj (.text:tcp_update_rcv_ann_wnd)
                  00076970    00000030     ustdlib.obj (.text:ustrncmp)
                  000769a0    0000002c     driverlib.lib : emac.obj (.text:EMACIntStatus)
                  000769cc    0000002c     lwiplib.obj (.text:etharp_request)
                  000769f8    0000002c     lwiplib.obj (.text:tcp_rexmit_rto)
                  00076a24    0000002a     driverlib.lib : gpio.obj (.text:GPIODirModeSet)
                  00076a4e    00000002     --HOLE-- [fill = 0]
                  00076a50    00000028     enet_io.obj (.text:AnimTimerIntHandler)
                  00076a78    00000026     driverlib.lib : emac.obj (.text:EMACPHYRead)
                  00076a9e    00000026                   : emac.obj (.text:EMACPHYWrite)
                  00076ac4    00000026     httpd.obj (.text:http_state_free)
                  00076aea    00000026     rtsv7M4_T_le_v4SPD16_eabi.lib : strncmp.obj (.text)
                  00076b10    00000024     driverlib.lib : interrupt.obj (.text:IntPrioritySet)
                  00076b34    00000024     lwiplib.obj (.text:etharp_free_entry)
                  00076b58    00000024     lwiplib.obj (.text:netif_set_link_up)
                  00076b7c    00000024     lwiplib.obj (.text:netif_set_up)
                  00076ba0    00000024     lwiplib.obj (.text:pbuf_cat)
                  00076bc4    00000024     lwiplib.obj (.text:tcp_seg_copy)
                  00076be8    00000022     httpd.obj (.text:http_state_alloc)
                  00076c0a    00000022     rtsv7M4_T_le_v4SPD16_eabi.lib : memcmp.obj (.text)
                  00076c2c    00000022     ustdlib.obj (.text:ustrncpy)
                  00076c4e    00000020     lwiplib.obj (.text:etharp_send_ip)
                  00076c6e    00000002     --HOLE-- [fill = 0]
                  00076c70    00000020     lwiplib.obj (.text:lwIPTimer)
                  00076c90    00000020     lwiplib.obj (.text:sys_timeouts_init)
                  00076cb0    00000020     lwiplib.obj (.text:tcp_eff_send_mss)
                  00076cd0    00000020     lwiplib.obj (.text:tcp_recv_null)
                  00076cf0    00000020     lwiplib.obj (.text:tcp_tmr)
                  00076d10    00000020     ustdlib.obj (.text:usprintf)
                  00076d30    0000001e     driverlib.lib : emac.obj (.text:EMACAddrGet)
                  00076d4e    00000002     --HOLE-- [fill = 0]
                  00076d50    0000001c                   : uart.obj (.text:UARTDisable)
                  00076d6c    0000001c                   : sysctl.obj (.text:_SysCtlMemTimingGet)
                  00076d88    0000001c     lwiplib.obj (.text:netif_set_addr)
                  00076da4    0000001a     lwiplib.obj (.text:lwip_htonl)
                  00076dbe    00000002     --HOLE-- [fill = 0]
                  00076dc0    00000018     lwiplib.obj (.text:arp_timer)
                  00076dd8    00000018     io_fs.obj (.text:initFifo)
                  00076df0    00000018     lwiplib.obj (.text:pbuf_pool_is_empty)
                  00076e08    00000018     rtsv7M4_T_le_v4SPD16_eabi.lib : args_main.obj (.text)
                  00076e20    00000018                                   : strcmp.obj (.text)
                  00076e38    00000018     lwiplib.obj (.text:tcp_next_iss)
                  00076e50    00000018     lwiplib.obj (.text:tcp_seg_free)
                  00076e68    00000016     driverlib.lib : emac.obj (.text:EMACReset)
                  00076e7e    00000016                   : emac.obj (.text:EMACRxEnable)
                  00076e94    00000016                   : emac.obj (.text:EMACTxEnable)
                  00076eaa    00000016     httpd.obj (.text:http_sent)
                  00076ec0    00000016     lwiplib.obj (.text:pbuf_ref)
                  00076ed6    00000016     rtsv7M4_T_le_v4SPD16_eabi.lib : strchr.obj (.text)
                  00076eec    00000014     driverlib.lib : flash.obj (.text:FlashUserGet)
                  00076f00    00000014                   : systick.obj (.text:SysTickEnable)
                  00076f14    00000014                   : systick.obj (.text:SysTickIntEnable)
                  00076f28    00000014                   : uart.obj (.text:UARTEnable)
                  00076f3c    00000014     rtsv7M4_T_le_v4SPD16_eabi.lib : _lock.obj (.text)
                  00076f50    00000014                                   : strlen.obj (.text)
                  00076f64    00000014     lwiplib.obj (.text:sys_arch_unprotect)
                  00076f78    00000014     lwiplib.obj (.text:tcp_close)
                  00076f8c    00000012     driverlib.lib : gpio.obj (.text:GPIOPinTypeEthernetLED)
                  00076f9e    00000012                   : gpio.obj (.text:GPIOPinTypeUART)
                  00076fb0    00000012     rtsv7M4_T_le_v4SPD16_eabi.lib : copy_zero_init.obj (.text:decompress:ZI)
                  00076fc2    00000012     lwiplib.obj (.text:netif_set_link_down)
                  00076fd4    00000012     lwiplib.obj (.text:pbuf_clen)
                  00076fe6    00000012     lwiplib.obj (.text:tcp_segs_free)
                  00076ff8    00000010     driverlib.lib : emac.obj (.text:EMACFrameFilterSet)
                  00077008    00000010                   : systick.obj (.text:SysTickPeriodSet)
                  00077018    00000010                   : watchdog.obj (.text:WatchdogLockState)
                  00077028    00000010     lwiplib.obj (.text:lwip_init)
                  00077038    00000010     lwiplib.obj (.text:sys_arch_protect)
                  00077048    0000000e     rtsv7M4_T_le_v4SPD16_eabi.lib : copy_decompress_none.obj (.text:decompress:none)
                  00077056    0000000c     driverlib.lib : cpu.obj (.text:CPUcpsie)
                  00077062    00000002     --HOLE-- [fill = 0]
                  00077064    0000000c                   : sysctl.obj (.text:SysCtlMOSCConfigSet)
                  00077070    0000000c                   : watchdog.obj (.text:WatchdogUnlock)
                  0007707c    0000000c     httpd.obj (.text:httpd_init)
                  00077088    0000000c     lwiplib.obj (.text:inet_chksum)
                  00077094    0000000c     lwiplib.obj (.text:lwIPLocalIPAddrGet)
                  000770a0    0000000c     lwiplib.obj (.text:lwip_htons)
                  000770ac    0000000c     lwiplib.obj (.text:netif_set_default)
                  000770b8    0000000c     lwiplib.obj (.text:netif_set_gw)
                  000770c4    0000000c     lwiplib.obj (.text:netif_set_netmask)
                  000770d0    0000000c     lwiplib.obj (.text:sys_now)
                  000770dc    0000000a     driverlib.lib : interrupt.obj (.text:IntMasterEnable)
                  000770e6    0000000a                   : uart.obj (.text:UARTCharPut)
                  000770f0    0000000a                   : uart.obj (.text:UARTIntDisable)
                  000770fa    0000000a                   : watchdog.obj (.text:WatchdogEnable)
                  00077104    0000000a                   : watchdog.obj (.text:WatchdogResetDisable)
                  0007710e    0000000a                   : watchdog.obj (.text:WatchdogResetEnable)
                  00077118    0000000a     lwiplib.obj (.text:tcp_poll)
                  00077122    00000008     driverlib.lib : emac.obj (.text:EMACTxDMAPollDemand)
                  0007712a    00000008                   : uart.obj (.text:UARTIntEnable)
                  00077132    00000008     io_fs.obj (.text:fs_bytes_left)
                  0007713a    00000008     httpd.obj (.text:http_err)
                  00077142    00000008     lwiplib.obj (.text:icmp_dest_unreach)
                  0007714a    00000006     driverlib.lib : emac.obj (.text:EMACRxDMADescriptorListSet)
                  00077150    00000006                   : emac.obj (.text:EMACTimestampIntStatus)
                  00077156    00000006                   : emac.obj (.text:EMACTxDMADescriptorListSet)
                  0007715c    00000006                   : gpio.obj (.text:GPIOPinRead)
                  00077162    00000006                   : gpio.obj (.text:GPIOPinWrite)
                  00077168    00000006     startup_ccs.obj (.text:ResetISR)
                  0007716e    00000006     driverlib.lib : sysctl.obj (.text:SysCtlDelay)
                  00077174    00000006     enet_io.obj (.text:SysTickIntHandler)
                  0007717a    00000006     driverlib.lib : uart.obj (.text:UARTFIFOLevelSet)
                  00077180    00000006     rtsv7M4_T_le_v4SPD16_eabi.lib : copy_decompress_rle.obj (.text:decompress:rle24)
                  00077186    00000006     lwiplib.obj (.text:tcp_abort)
                  0007718c    00000006     lwiplib.obj (.text:tcp_accept_null)
                  00077192    00000006     lwiplib.obj (.text:tcp_err)
                  00077198    00000006     lwiplib.obj (.text:tcp_new)
                  0007719e    00000006     lwiplib.obj (.text:tcp_recv)
                  000771a4    00000004     driverlib.lib : timer.obj (.text:TimerIntClear)
                  000771a8    00000004                   : watchdog.obj (.text:WatchdogReloadSet)
                  000771ac    00000004     io_fs.obj (.text:fs_close)
                  000771b0    00000004     lwiplib.obj (.text:tcp_accept)
                  000771b4    00000004     lwiplib.obj (.text:tcp_arg)
                  000771b8    00000004     lwiplib.obj (.text:tcp_sent)
                  000771bc    00000004     lwiplib.obj (.text:tcp_setprio)

.cinit     0    000771c0    00000060     
                  000771c0    0000003c     (.cinit..data.load) [load image, compression = rle]
                  000771fc    0000000c     (__TI_handler_table)
                  00077208    00000008     (.cinit..bss.load) [load image, compression = zero_init]
                  00077210    00000010     (__TI_cinit_table)

.bss       0    20000000    00017c20     UNINITIALIZED
                  20000000    0001001c     lwiplib.obj (.bss:ram_heap)
                  2001001c    000073d4     lwiplib.obj (.bss:memp_memory)
                  200173f0    00000360     lwiplib.obj (.bss:g_pTxDescriptors)
                  20017750    00000120     lwiplib.obj (.bss:g_pRxDescriptors)
                  20017870    00000120     lwiplib.obj (.bss:lwip_stats)
                  20017990    000000c8     lwiplib.obj (.bss:arp_table)
                  20017a58    00000034     io_fs.obj (.bss:FIFO)
                  20017a8c    00000034     io_fs.obj (.bss:ackCmdHex)
                  20017ac0    00000034     io_fs.obj (.bss:onCmdHex)
                  20017af4    00000030     lwiplib.obj (.bss:g_sNetIF)
                  20017b24    00000020     (.common:memp_tab)
                  20017b44    00000010     (.common:inseg)
                  20017b54    00000004     (.common:GETPT)
                  20017b58    00000004     (.common:PUTPT)
                  20017b5c    00000004     (.common:TypeResponse$1)
                  20017b60    00000004     (.common:TypeResponse$2)
                  20017b64    00000004     (.common:TypeResponse$3)
                  20017b68    00000004     (.common:TypeResponse$4)
                  20017b6c    00000004     (.common:TypeResponse$5)
                  20017b70    00000004     (.common:TypeResponse$6)
                  20017b74    00000004     (.common:TypeResponse$7)
                  20017b78    00000004     (.common:ackno)
                  20017b7c    00000004     (.common:current_header)
                  20017b80    00000004     (.common:current_iphdr_dest)
                  20017b84    00000004     (.common:current_iphdr_src)
                  20017b88    00000004     (.common:current_netif)
                  20017b8c    00000004     (.common:g_iNumCGIs)
                  20017b90    00000004     (.common:g_pCGIs)
                  20017b94    00000004     (.common:g_pfnTimerHandler)
                  20017b98    00000004     (.common:g_ui32AbnormalInts)
                  20017b9c    00000004     (.common:g_ui32GWAddr)
                  20017ba0    00000004     (.common:g_ui32IPAddr)
                  20017ba4    00000004     (.common:g_ui32IPAddress)
                  20017ba8    00000004     (.common:g_ui32NetMask)
                  20017bac    00000004     (.common:g_ui32NormalInts)
                  20017bb0    00000004     (.common:g_ui32SysClock)
                  20017bb4    00000004     (.common:g_ulFlags)
                  20017bb8    00000004     (.common:iphdr)
                  20017bbc    00000004     (.common:lfree)
                  20017bc0    00000004     (.common:netif_default)
                  20017bc4    00000004     (.common:netif_list)
                  20017bc8    00000004     (.common:next_timeout)
                  20017bcc    00000004     (.common:numberCmd)
                  20017bd0    00000004     (.common:numberCmdAck)
                  20017bd4    00000004     (.common:ram)
                  20017bd8    00000004     (.common:ram_end)
                  20017bdc    00000004     (.common:raw_pcbs)
                  20017be0    00000004     (.common:recv_data)
                  20017be4    00000004     (.common:seqno)
                  20017be8    00000004     (.common:tcp_active_pcbs)
                  20017bec    00000004     (.common:tcp_bound_pcbs)
                  20017bf0    00000004     (.common:tcp_input_pcb)
                  20017bf4    00000004     (.common:tcp_listen_pcbs)
                  20017bf8    00000004     (.common:tcp_ticks)
                  20017bfc    00000004     (.common:tcp_tmp_pcb)
                  20017c00    00000004     (.common:tcp_tw_pcbs)
                  20017c04    00000004     (.common:tcphdr)
                  20017c08    00000004     (.common:tcpip_tcp_timer_active)
                  20017c0c    00000004     (.common:timeouts_last_time)
                  20017c10    00000004     (.common:udp_pcbs)
                  20017c14    00000002     (.common:ip_id)
                  20017c16    00000002     (.common:tcplen)
                  20017c18    00000001     (.common:etharp_cached_entry)
                  20017c19    00000001     (.common:flags)
                  20017c1a    00000001     (.common:netif_num)
                  20017c1b    00000001     (.common:pbuf_free_ooseq_pending)
                  20017c1c    00000001     (.common:recv_flags)
                  20017c1d    00000001     (.common:tcp_active_pcbs_changed)
                  20017c1e    00000001     (.common:tcp_timer)
                  20017c1f    00000001     (.common:tcp_timer_ctr)

.stack     0    20017c20    00000400     UNINITIALIZED
                  20017c20    00000400     --HOLE--

.data      0    20018020    00000080     UNINITIALIZED
                  20018020    00000048     lwiplib.obj (.data)
                  20018068    0000000c     httpd.obj (.data)
                  20018074    00000008     io_fs.obj (.data)
                  2001807c    00000008     rtsv7M4_T_le_v4SPD16_eabi.lib : _lock.obj (.data)
                  20018084    00000008                                   : exit.obj (.data)
                  2001808c    00000005     uartstdio.obj (.data)
                  20018091    00000003     --HOLE--
                  20018094    00000004     io.obj (.data)
                  20018098    00000004     rtsv7M4_T_le_v4SPD16_eabi.lib : errno.obj (.data)
                  2001809c    00000004                                   : stkdepth_vars.obj (.data)


LINKER GENERATED COPY TABLES

__TI_cinit_table @ 00077210 records: 2, size/record: 8, table size: 16
	.data: load addr=000771c0, load size=0000003c bytes, run addr=20018020, run size=00000080 bytes, compression=rle
	.bss: load addr=00077208, load size=00000008 bytes, run addr=20000000, run size=00017c20 bytes, compression=zero_init


LINKER GENERATED HANDLER TABLE

__TI_handler_table @ 000771fc records: 3, size/record: 4, table size: 12
	index: 0, handler: __TI_decompress_rle24
	index: 1, handler: __TI_decompress_none
	index: 2, handler: __TI_zero_init


GLOBAL SYMBOLS: SORTED ALPHABETICALLY BY Name 

address    name
--------   ----
00076a51   AnimTimerIntHandler
0007634d   C$$EXIT
00077057   CPUcpsie
00074825   CheckResponeNEC
00076911   DisplayIPAddress
00076d31   EMACAddrGet
00076671   EMACConfigGet
000766a5   EMACConfigSet
00076ff9   EMACFrameFilterSet
000766d9   EMACIntClear
0007651d   EMACIntEnable
000769a1   EMACIntStatus
00075ac9   EMACPHYConfigSet
00076a79   EMACPHYRead
00076a9f   EMACPHYWrite
00076e69   EMACReset
0007714b   EMACRxDMADescriptorListSet
00076e7f   EMACRxEnable
00077151   EMACTimestampIntStatus
00077157   EMACTxDMADescriptorListSet
00077123   EMACTxDMAPollDemand
00076e95   EMACTxEnable
20017a58   FIFO
20018074   Flag
00076eed   FlashUserGet
20017b54   GETPT
00076a25   GPIODirModeSet
00072a41   GPIOPadConfigSet
000760cd   GPIOPinConfigure
0007715d   GPIOPinRead
00076f8d   GPIOPinTypeEthernetLED
00076f9f   GPIOPinTypeUART
00077163   GPIOPinWrite
00076591   GetFifo
00073e61   InitDMADescriptors
000756c5   IntEnable
000770dd   IntMasterEnable
00076b11   IntPrioritySet
20017b58   PUTPT
00071cf9   PinoutSet
0007670d   PutFifo
00077169   ResetISR
UNDEFED    SHT$$INIT_ARRAY$$Base
UNDEFED    SHT$$INIT_ARRAY$$Limit
00071f0d   SysCtlClockFreqSet
00072dc9   SysCtlClockGet
0007716f   SysCtlDelay
00077065   SysCtlMOSCConfigSet
00076741   SysCtlPeripheralEnable
00076775   SysCtlPeripheralReady
00075d21   SysCtlPeripheralReset
00076f01   SysTickEnable
00076f15   SysTickIntEnable
00077175   SysTickIntHandler
00077009   SysTickPeriodSet
000771a5   TimerIntClear
000770e7   UARTCharPut
0007649d   UARTConfigSetExpClk
00076d51   UARTDisable
00076f29   UARTEnable
0007717b   UARTFIFOLevelSet
000770f1   UARTIntDisable
0007712b   UARTIntEnable
00074a3d   UARTIntHandler1
00074abd   UARTIntHandler2
00074b3d   UARTIntHandler3
00074bbd   UARTIntHandler4
00074c3d   UARTIntHandler5
00074cbd   UARTIntHandler6
00074d3d   UARTIntHandler7
00075725   UARTStdioConfig
000770fb   WatchdogEnable
00077019   WatchdogLockState
000771a9   WatchdogReloadSet
00077105   WatchdogResetDisable
0007710f   WatchdogResetEnable
00077071   WatchdogUnlock
20018098   _Errno
20018020   __STACK_END
00000400   __STACK_SIZE
20018020   __STACK_TOP
00077210   __TI_CINIT_Base
00077220   __TI_CINIT_Limit
000771fc   __TI_Handler_Table_Base
00077208   __TI_Handler_Table_Limit
00000001   __TI_args_main
000745dd   __TI_auto_init
20018084   __TI_cleanup_ptr
00077049   __TI_decompress_none
00077181   __TI_decompress_rle24
20018088   __TI_dtors_ptr
00000000   __TI_static_base__
00076fb1   __TI_zero_init
00074f35   __aeabi_memclr
00074f35   __aeabi_memclr4
00074f35   __aeabi_memclr8
000744a3   __aeabi_memcpy
000744a3   __aeabi_memcpy4
000744a3   __aeabi_memcpy8
00074f37   __aeabi_memset
00074f37   __aeabi_memset4
00074f37   __aeabi_memset8
00076419   __aeabi_uidivmod
ffffffff   __binit__
ffffffff   __c_args__
20017c20   __stack
00076e09   _args_main
000761ed   _c_int00
0006f19c   _ctypes_
2001807c   _lock
00076f4b   _nop
00076f43   _register_lock
00076f3d   _register_unlock
20018080   _unlock
00076351   abort
20017a8c   ackCmdHex
ffffffff   binit
00076309   copy_in
20017b7c   current_header
20017b80   current_iphdr_dest
20017b84   current_iphdr_src
20017b88   current_netif
20018078   delayToWaitResopnseProj
00072ff9   etharp_output
0007310d   etharp_query
000769cd   etharp_request
000764dd   etharp_tmr
0006f738   ethbroadcast
00074361   ethernet_input
0006f73e   ethzero
00076359   exit
0006f304   file_JQuery_Functions_js
0006f2f0   file_NEC_MID_png
0006f2dc   file_NEC_OFF_png
0006f2c8   file_NEC_ON_png
0006f2b4   file_Vsonic_OFF_png
0006f2a0   file_Vsonic_ON_png
0006f368   file_index_html
0006f354   file_io_fsdata_h
0006f340   file_jquery_1_11_3_min_js
0006f32c   file_jquery_easing_1_3_js
0006f318   file_jquery_mobile_1_4_5_css
00077133   fs_bytes_left
000771ad   fs_close
0006ff59   fs_open
00076557   fs_read
20018034   g_RxDescList
20018024   g_TxDescList
20017b8c   g_iNumCGIs
2001806c   g_iNumTags
20017b90   g_pCGIs
20017750   g_pRxDescriptors
200173f0   g_pTxDescriptors
0006f7b8   g_pcSSIExtensions
0006f7c8   g_pcTagLeadIn
0006f7cc   g_pcTagLeadOut
20018068   g_pfnSSIHandler
20017b94   g_pfnTimerHandler
00000000   g_pfnVectors
20018070   g_ppcTags
0006f774   g_psDefaultFilenames
20017b98   g_ui32AbnormalInts
20017ba4   g_ui32IPAddress
20018050   g_ui32LocalTimer
20017bac   g_ui32NormalInts
20017bb0   g_ui32SysClock
20018094   g_ulAnimSpeed
00073445   getParamURL
0007707d   httpd_init
00077143   icmp_dest_unreach
00072489   icmp_input
00077089   inet_chksum
00075bd1   inet_chksum_pbuf
000742b9   inet_chksum_pseudo
00076dd9   initFifo
000748b1   io_init
000768ad   ip4_addr_isbroadcast
0006f730   ip_addr_any
0006f734   ip_addr_broadcast
00072109   ip_input
000761a5   ip_output
0007392d   ip_output_if
00075f9d   ip_route
00075845   lwIPEthernetIntHandler
00075335   lwIPHostTimerHandler
00073a1d   lwIPInit
00077095   lwIPLocalIPAddrGet
00076c71   lwIPTimer
00076da5   lwip_htonl
000770a1   lwip_htons
00077029   lwip_init
00076da5   lwip_ntohl
000770a1   lwip_ntohs
20017870   lwip_stats
000711f1   main
2001809c   main_func_sp
00075539   mem_free
000758a1   mem_init
00073551   mem_malloc
00073839   mem_trim
00076c0b   memcmp
000744a3   memcpy
00076601   memp_free
0007539d   memp_init
00075b79   memp_malloc
00074f3d   memset
00075e61   netif_add
20017bc0   netif_default
20017bc4   netif_list
00076d89   netif_set_addr
000770ad   netif_set_default
000770b9   netif_set_gw
000758fd   netif_set_ipaddr
00076fc3   netif_set_link_down
00076b59   netif_set_link_up
000770c5   netif_set_netmask
00076b7d   netif_set_up
20017bcc   numberCmd
20017bd0   numberCmdAck
20017ac0   onCmdHex
00072909   pbuf_alloc
00076ba1   pbuf_cat
00076fd5   pbuf_clen
00074671   pbuf_copy
0007525d   pbuf_copy_partial
00075c7b   pbuf_free
20017c1b   pbuf_free_ooseq_pending
00075663   pbuf_header
00075a6d   pbuf_realloc
00076ec1   pbuf_ref
20000000   ram_heap
00075099   raw_input
00076ed7   strchr
00076e21   strcmp
00076f51   strlen
00076aeb   strncmp
000767dd   strstr
00073335   strtoul
00077039   sys_arch_protect
00076f65   sys_arch_unprotect
000770d1   sys_now
00075785   sys_timeout
00076c91   sys_timeouts_init
00074705   tcp_abandon
00077187   tcp_abort
000771b1   tcp_accept
20017be8   tcp_active_pcbs
20017c1d   tcp_active_pcbs_changed
00073cc1   tcp_alloc
000771b5   tcp_arg
0006f4a8   tcp_backoff
00074e3d   tcp_bind
20017bec   tcp_bound_pcbs
00076f79   tcp_close
00076cb1   tcp_eff_send_mss
00074211   tcp_enqueue_flags
00077193   tcp_err
00075181   tcp_fasttmr
00070a71   tcp_input
20017bf0   tcp_input_pcb
00075959   tcp_keepalive
20017bf4   tcp_listen_pcbs
00074541   tcp_listen_with_backlog
00077199   tcp_new
00076e39   tcp_next_iss
00072635   tcp_output
0006f720   tcp_pcb_lists
0007645b   tcp_pcb_purge
000759b5   tcp_pcb_remove
0006f4b5   tcp_persist_backoff
00077119   tcp_poll
0007546d   tcp_process_refused_data
0007719f   tcp_recv
00076cd1   tcp_recv_null
000768df   tcp_recved
00075c27   tcp_rexmit
0007627d   tcp_rexmit_fast
000769f9   tcp_rexmit_rto
00074795   tcp_rst
00076bc5   tcp_seg_copy
00076e51   tcp_seg_free
00076fe7   tcp_segs_free
00075a11   tcp_send_empty_ack
00076391   tcp_send_fin
000771b9   tcp_sent
000771bd   tcp_setprio
000717f5   tcp_slowtmr
20017bf8   tcp_ticks
00076845   tcp_timer_needed
20017bfc   tcp_tmp_pcb
00076cf1   tcp_tmr
20017c00   tcp_tw_pcbs
00076941   tcp_update_rcv_ann_wnd
00071519   tcp_write
00074165   tcp_zero_window_probe
00076879   tivaif_init
00076035   tivaif_interrupt
00074eb9   tivaif_process_phy_interrupt
000722c9   udp_input
20017c10   udp_pcbs
00076d11   usprintf
00076971   ustrncmp
00076c2d   ustrncpy
00071ab1   uvsnprintf


GLOBAL SYMBOLS: SORTED BY Symbol Address 

address    name
--------   ----
00000000   __TI_static_base__
00000000   g_pfnVectors
00000001   __TI_args_main
00000400   __STACK_SIZE
0006f19c   _ctypes_
0006f2a0   file_Vsonic_ON_png
0006f2b4   file_Vsonic_OFF_png
0006f2c8   file_NEC_ON_png
0006f2dc   file_NEC_OFF_png
0006f2f0   file_NEC_MID_png
0006f304   file_JQuery_Functions_js
0006f318   file_jquery_mobile_1_4_5_css
0006f32c   file_jquery_easing_1_3_js
0006f340   file_jquery_1_11_3_min_js
0006f354   file_io_fsdata_h
0006f368   file_index_html
0006f4a8   tcp_backoff
0006f4b5   tcp_persist_backoff
0006f720   tcp_pcb_lists
0006f730   ip_addr_any
0006f734   ip_addr_broadcast
0006f738   ethbroadcast
0006f73e   ethzero
0006f774   g_psDefaultFilenames
0006f7b8   g_pcSSIExtensions
0006f7c8   g_pcTagLeadIn
0006f7cc   g_pcTagLeadOut
0006ff59   fs_open
00070a71   tcp_input
000711f1   main
00071519   tcp_write
000717f5   tcp_slowtmr
00071ab1   uvsnprintf
00071cf9   PinoutSet
00071f0d   SysCtlClockFreqSet
00072109   ip_input
000722c9   udp_input
00072489   icmp_input
00072635   tcp_output
00072909   pbuf_alloc
00072a41   GPIOPadConfigSet
00072dc9   SysCtlClockGet
00072ff9   etharp_output
0007310d   etharp_query
00073335   strtoul
00073445   getParamURL
00073551   mem_malloc
00073839   mem_trim
0007392d   ip_output_if
00073a1d   lwIPInit
00073cc1   tcp_alloc
00073e61   InitDMADescriptors
00074165   tcp_zero_window_probe
00074211   tcp_enqueue_flags
000742b9   inet_chksum_pseudo
00074361   ethernet_input
000744a3   __aeabi_memcpy
000744a3   __aeabi_memcpy4
000744a3   __aeabi_memcpy8
000744a3   memcpy
00074541   tcp_listen_with_backlog
000745dd   __TI_auto_init
00074671   pbuf_copy
00074705   tcp_abandon
00074795   tcp_rst
00074825   CheckResponeNEC
000748b1   io_init
00074a3d   UARTIntHandler1
00074abd   UARTIntHandler2
00074b3d   UARTIntHandler3
00074bbd   UARTIntHandler4
00074c3d   UARTIntHandler5
00074cbd   UARTIntHandler6
00074d3d   UARTIntHandler7
00074e3d   tcp_bind
00074eb9   tivaif_process_phy_interrupt
00074f35   __aeabi_memclr
00074f35   __aeabi_memclr4
00074f35   __aeabi_memclr8
00074f37   __aeabi_memset
00074f37   __aeabi_memset4
00074f37   __aeabi_memset8
00074f3d   memset
00075099   raw_input
00075181   tcp_fasttmr
0007525d   pbuf_copy_partial
00075335   lwIPHostTimerHandler
0007539d   memp_init
0007546d   tcp_process_refused_data
00075539   mem_free
00075663   pbuf_header
000756c5   IntEnable
00075725   UARTStdioConfig
00075785   sys_timeout
00075845   lwIPEthernetIntHandler
000758a1   mem_init
000758fd   netif_set_ipaddr
00075959   tcp_keepalive
000759b5   tcp_pcb_remove
00075a11   tcp_send_empty_ack
00075a6d   pbuf_realloc
00075ac9   EMACPHYConfigSet
00075b79   memp_malloc
00075bd1   inet_chksum_pbuf
00075c27   tcp_rexmit
00075c7b   pbuf_free
00075d21   SysCtlPeripheralReset
00075e61   netif_add
00075f9d   ip_route
00076035   tivaif_interrupt
000760cd   GPIOPinConfigure
000761a5   ip_output
000761ed   _c_int00
0007627d   tcp_rexmit_fast
00076309   copy_in
0007634d   C$$EXIT
00076351   abort
00076359   exit
00076391   tcp_send_fin
00076419   __aeabi_uidivmod
0007645b   tcp_pcb_purge
0007649d   UARTConfigSetExpClk
000764dd   etharp_tmr
0007651d   EMACIntEnable
00076557   fs_read
00076591   GetFifo
00076601   memp_free
00076671   EMACConfigGet
000766a5   EMACConfigSet
000766d9   EMACIntClear
0007670d   PutFifo
00076741   SysCtlPeripheralEnable
00076775   SysCtlPeripheralReady
000767dd   strstr
00076845   tcp_timer_needed
00076879   tivaif_init
000768ad   ip4_addr_isbroadcast
000768df   tcp_recved
00076911   DisplayIPAddress
00076941   tcp_update_rcv_ann_wnd
00076971   ustrncmp
000769a1   EMACIntStatus
000769cd   etharp_request
000769f9   tcp_rexmit_rto
00076a25   GPIODirModeSet
00076a51   AnimTimerIntHandler
00076a79   EMACPHYRead
00076a9f   EMACPHYWrite
00076aeb   strncmp
00076b11   IntPrioritySet
00076b59   netif_set_link_up
00076b7d   netif_set_up
00076ba1   pbuf_cat
00076bc5   tcp_seg_copy
00076c0b   memcmp
00076c2d   ustrncpy
00076c71   lwIPTimer
00076c91   sys_timeouts_init
00076cb1   tcp_eff_send_mss
00076cd1   tcp_recv_null
00076cf1   tcp_tmr
00076d11   usprintf
00076d31   EMACAddrGet
00076d51   UARTDisable
00076d89   netif_set_addr
00076da5   lwip_htonl
00076da5   lwip_ntohl
00076dd9   initFifo
00076e09   _args_main
00076e21   strcmp
00076e39   tcp_next_iss
00076e51   tcp_seg_free
00076e69   EMACReset
00076e7f   EMACRxEnable
00076e95   EMACTxEnable
00076ec1   pbuf_ref
00076ed7   strchr
00076eed   FlashUserGet
00076f01   SysTickEnable
00076f15   SysTickIntEnable
00076f29   UARTEnable
00076f3d   _register_unlock
00076f43   _register_lock
00076f4b   _nop
00076f51   strlen
00076f65   sys_arch_unprotect
00076f79   tcp_close
00076f8d   GPIOPinTypeEthernetLED
00076f9f   GPIOPinTypeUART
00076fb1   __TI_zero_init
00076fc3   netif_set_link_down
00076fd5   pbuf_clen
00076fe7   tcp_segs_free
00076ff9   EMACFrameFilterSet
00077009   SysTickPeriodSet
00077019   WatchdogLockState
00077029   lwip_init
00077039   sys_arch_protect
00077049   __TI_decompress_none
00077057   CPUcpsie
00077065   SysCtlMOSCConfigSet
00077071   WatchdogUnlock
0007707d   httpd_init
00077089   inet_chksum
00077095   lwIPLocalIPAddrGet
000770a1   lwip_htons
000770a1   lwip_ntohs
000770ad   netif_set_default
000770b9   netif_set_gw
000770c5   netif_set_netmask
000770d1   sys_now
000770dd   IntMasterEnable
000770e7   UARTCharPut
000770f1   UARTIntDisable
000770fb   WatchdogEnable
00077105   WatchdogResetDisable
0007710f   WatchdogResetEnable
00077119   tcp_poll
00077123   EMACTxDMAPollDemand
0007712b   UARTIntEnable
00077133   fs_bytes_left
00077143   icmp_dest_unreach
0007714b   EMACRxDMADescriptorListSet
00077151   EMACTimestampIntStatus
00077157   EMACTxDMADescriptorListSet
0007715d   GPIOPinRead
00077163   GPIOPinWrite
00077169   ResetISR
0007716f   SysCtlDelay
00077175   SysTickIntHandler
0007717b   UARTFIFOLevelSet
00077181   __TI_decompress_rle24
00077187   tcp_abort
00077193   tcp_err
00077199   tcp_new
0007719f   tcp_recv
000771a5   TimerIntClear
000771a9   WatchdogReloadSet
000771ad   fs_close
000771b1   tcp_accept
000771b5   tcp_arg
000771b9   tcp_sent
000771bd   tcp_setprio
000771fc   __TI_Handler_Table_Base
00077208   __TI_Handler_Table_Limit
00077210   __TI_CINIT_Base
00077220   __TI_CINIT_Limit
20000000   ram_heap
200173f0   g_pTxDescriptors
20017750   g_pRxDescriptors
20017870   lwip_stats
20017a58   FIFO
20017a8c   ackCmdHex
20017ac0   onCmdHex
20017b54   GETPT
20017b58   PUTPT
20017b7c   current_header
20017b80   current_iphdr_dest
20017b84   current_iphdr_src
20017b88   current_netif
20017b8c   g_iNumCGIs
20017b90   g_pCGIs
20017b94   g_pfnTimerHandler
20017b98   g_ui32AbnormalInts
20017ba4   g_ui32IPAddress
20017bac   g_ui32NormalInts
20017bb0   g_ui32SysClock
20017bc0   netif_default
20017bc4   netif_list
20017bcc   numberCmd
20017bd0   numberCmdAck
20017be8   tcp_active_pcbs
20017bec   tcp_bound_pcbs
20017bf0   tcp_input_pcb
20017bf4   tcp_listen_pcbs
20017bf8   tcp_ticks
20017bfc   tcp_tmp_pcb
20017c00   tcp_tw_pcbs
20017c10   udp_pcbs
20017c1b   pbuf_free_ooseq_pending
20017c1d   tcp_active_pcbs_changed
20017c20   __stack
20018020   __STACK_END
20018020   __STACK_TOP
20018024   g_TxDescList
20018034   g_RxDescList
20018050   g_ui32LocalTimer
20018068   g_pfnSSIHandler
2001806c   g_iNumTags
20018070   g_ppcTags
20018074   Flag
20018078   delayToWaitResopnseProj
2001807c   _lock
20018080   _unlock
20018084   __TI_cleanup_ptr
20018088   __TI_dtors_ptr
20018094   g_ulAnimSpeed
20018098   _Errno
2001809c   main_func_sp
ffffffff   __binit__
ffffffff   __c_args__
ffffffff   binit
UNDEFED    SHT$$INIT_ARRAY$$Base
UNDEFED    SHT$$INIT_ARRAY$$Limit

[304 symbols]
