<?xml version="1.0"?>
<link_info>
   <banner>TI ARM Linker PC v5.1.6</banner>
   <copyright>Copyright (c) 1996-2014 Texas Instruments Incorporated</copyright>
   <link_time>0x575595f1</link_time>
   <link_errors>0x0</link_errors>
   <output_file>enet_io_FIFO.out</output_file>
   <entry_point>
      <name>_c_int00</name>
      <address>0x761ed</address>
   </entry_point>
   <input_file_list>
      <input_file id="fl-2">
         <path>.\</path>
         <kind>object</kind>
         <file>cgifuncs.obj</file>
         <name>cgifuncs.obj</name>
      </input_file>
      <input_file id="fl-3">
         <path>.\</path>
         <kind>object</kind>
         <file>enet_io.obj</file>
         <name>enet_io.obj</name>
      </input_file>
      <input_file id="fl-4">
         <path>.\</path>
         <kind>object</kind>
         <file>io.obj</file>
         <name>io.obj</name>
      </input_file>
      <input_file id="fl-5">
         <path>.\</path>
         <kind>object</kind>
         <file>io_fs.obj</file>
         <name>io_fs.obj</name>
      </input_file>
      <input_file id="fl-6">
         <path>.\</path>
         <kind>object</kind>
         <file>startup_ccs.obj</file>
         <name>startup_ccs.obj</name>
      </input_file>
      <input_file id="fl-7">
         <path>.\utils\</path>
         <kind>object</kind>
         <file>locator.obj</file>
         <name>locator.obj</name>
      </input_file>
      <input_file id="fl-8">
         <path>.\utils\</path>
         <kind>object</kind>
         <file>lwiplib.obj</file>
         <name>lwiplib.obj</name>
      </input_file>
      <input_file id="fl-9">
         <path>.\utils\</path>
         <kind>object</kind>
         <file>uartstdio.obj</file>
         <name>uartstdio.obj</name>
      </input_file>
      <input_file id="fl-a">
         <path>.\utils\</path>
         <kind>object</kind>
         <file>ustdlib.obj</file>
         <name>ustdlib.obj</name>
      </input_file>
      <input_file id="fl-b">
         <path>.\third_party\lwip-1.4.1\apps\httpserver_raw\</path>
         <kind>object</kind>
         <file>httpd.obj</file>
         <name>httpd.obj</name>
      </input_file>
      <input_file id="fl-c">
         <path>.\drivers\</path>
         <kind>object</kind>
         <file>pinout.obj</file>
         <name>pinout.obj</name>
      </input_file>
      <input_file id="fl-13a">
         <path>c:\ti\ccsv6\tools\compiler\arm_5.1.6\lib\</path>
         <kind>archive</kind>
         <file>rtsv7M4_T_le_v4SPD16_eabi.lib</file>
         <name>boot.obj</name>
      </input_file>
      <input_file id="fl-13b">
         <path>c:\ti\ccsv6\tools\compiler\arm_5.1.6\lib\</path>
         <kind>archive</kind>
         <file>rtsv7M4_T_le_v4SPD16_eabi.lib</file>
         <name>copy_decompress_none.obj</name>
      </input_file>
      <input_file id="fl-13c">
         <path>c:\ti\ccsv6\tools\compiler\arm_5.1.6\lib\</path>
         <kind>archive</kind>
         <file>rtsv7M4_T_le_v4SPD16_eabi.lib</file>
         <name>copy_decompress_rle.obj</name>
      </input_file>
      <input_file id="fl-13d">
         <path>c:\ti\ccsv6\tools\compiler\arm_5.1.6\lib\</path>
         <kind>archive</kind>
         <file>rtsv7M4_T_le_v4SPD16_eabi.lib</file>
         <name>copy_zero_init.obj</name>
      </input_file>
      <input_file id="fl-13e">
         <path>c:\ti\ccsv6\tools\compiler\arm_5.1.6\lib\</path>
         <kind>archive</kind>
         <file>rtsv7M4_T_le_v4SPD16_eabi.lib</file>
         <name>exit.obj</name>
      </input_file>
      <input_file id="fl-13f">
         <path>c:\ti\ccsv6\tools\compiler\arm_5.1.6\lib\</path>
         <kind>archive</kind>
         <file>rtsv7M4_T_le_v4SPD16_eabi.lib</file>
         <name>memcmp.obj</name>
      </input_file>
      <input_file id="fl-140">
         <path>c:\ti\ccsv6\tools\compiler\arm_5.1.6\lib\</path>
         <kind>archive</kind>
         <file>rtsv7M4_T_le_v4SPD16_eabi.lib</file>
         <name>memcpy_t2.obj</name>
      </input_file>
      <input_file id="fl-141">
         <path>c:\ti\ccsv6\tools\compiler\arm_5.1.6\lib\</path>
         <kind>archive</kind>
         <file>rtsv7M4_T_le_v4SPD16_eabi.lib</file>
         <name>memset_t2.obj</name>
      </input_file>
      <input_file id="fl-142">
         <path>c:\ti\ccsv6\tools\compiler\arm_5.1.6\lib\</path>
         <kind>archive</kind>
         <file>rtsv7M4_T_le_v4SPD16_eabi.lib</file>
         <name>stkdepth_vars.obj</name>
      </input_file>
      <input_file id="fl-143">
         <path>c:\ti\ccsv6\tools\compiler\arm_5.1.6\lib\</path>
         <kind>archive</kind>
         <file>rtsv7M4_T_le_v4SPD16_eabi.lib</file>
         <name>strchr.obj</name>
      </input_file>
      <input_file id="fl-144">
         <path>c:\ti\ccsv6\tools\compiler\arm_5.1.6\lib\</path>
         <kind>archive</kind>
         <file>rtsv7M4_T_le_v4SPD16_eabi.lib</file>
         <name>strcmp.obj</name>
      </input_file>
      <input_file id="fl-145">
         <path>c:\ti\ccsv6\tools\compiler\arm_5.1.6\lib\</path>
         <kind>archive</kind>
         <file>rtsv7M4_T_le_v4SPD16_eabi.lib</file>
         <name>strlen.obj</name>
      </input_file>
      <input_file id="fl-146">
         <path>c:\ti\ccsv6\tools\compiler\arm_5.1.6\lib\</path>
         <kind>archive</kind>
         <file>rtsv7M4_T_le_v4SPD16_eabi.lib</file>
         <name>strncmp.obj</name>
      </input_file>
      <input_file id="fl-147">
         <path>c:\ti\ccsv6\tools\compiler\arm_5.1.6\lib\</path>
         <kind>archive</kind>
         <file>rtsv7M4_T_le_v4SPD16_eabi.lib</file>
         <name>strstr.obj</name>
      </input_file>
      <input_file id="fl-148">
         <path>c:\ti\ccsv6\tools\compiler\arm_5.1.6\lib\</path>
         <kind>archive</kind>
         <file>rtsv7M4_T_le_v4SPD16_eabi.lib</file>
         <name>strtoul.obj</name>
      </input_file>
      <input_file id="fl-149">
         <path>c:\ti\ccsv6\tools\compiler\arm_5.1.6\lib\</path>
         <kind>archive</kind>
         <file>rtsv7M4_T_le_v4SPD16_eabi.lib</file>
         <name>u_divt2.obj</name>
      </input_file>
      <input_file id="fl-14a">
         <path>c:\ti\ccsv6\tools\compiler\arm_5.1.6\lib\</path>
         <kind>archive</kind>
         <file>rtsv7M4_T_le_v4SPD16_eabi.lib</file>
         <name>_lock.obj</name>
      </input_file>
      <input_file id="fl-14b">
         <path>c:\ti\ccsv6\tools\compiler\arm_5.1.6\lib\</path>
         <kind>archive</kind>
         <file>rtsv7M4_T_le_v4SPD16_eabi.lib</file>
         <name>args_main.obj</name>
      </input_file>
      <input_file id="fl-14c">
         <path>c:\ti\ccsv6\tools\compiler\arm_5.1.6\lib\</path>
         <kind>archive</kind>
         <file>rtsv7M4_T_le_v4SPD16_eabi.lib</file>
         <name>auto_init.obj</name>
      </input_file>
      <input_file id="fl-14d">
         <path>c:\ti\ccsv6\tools\compiler\arm_5.1.6\lib\</path>
         <kind>archive</kind>
         <file>rtsv7M4_T_le_v4SPD16_eabi.lib</file>
         <name>cpy_tbl.obj</name>
      </input_file>
      <input_file id="fl-14e">
         <path>c:\ti\ccsv6\tools\compiler\arm_5.1.6\lib\</path>
         <kind>archive</kind>
         <file>rtsv7M4_T_le_v4SPD16_eabi.lib</file>
         <name>ctype.obj</name>
      </input_file>
      <input_file id="fl-14f">
         <path>c:\ti\ccsv6\tools\compiler\arm_5.1.6\lib\</path>
         <kind>archive</kind>
         <file>rtsv7M4_T_le_v4SPD16_eabi.lib</file>
         <name>errno.obj</name>
      </input_file>
      <input_file id="fl-150">
         <path>C:\ti\TivaWare_C_Series-2.1.0.12573\examples\boards\ek-tm4c1294xl\enet_io\ccs\..\..\..\..\..\driverlib\ccs\Debug\</path>
         <kind>archive</kind>
         <file>driverlib.lib</file>
         <name>watchdog.obj</name>
      </input_file>
      <input_file id="fl-151">
         <path>C:\ti\TivaWare_C_Series-2.1.0.12573\examples\boards\ek-tm4c1294xl\enet_io\ccs\..\..\..\..\..\driverlib\ccs\Debug\</path>
         <kind>archive</kind>
         <file>driverlib.lib</file>
         <name>uart.obj</name>
      </input_file>
      <input_file id="fl-152">
         <path>C:\ti\TivaWare_C_Series-2.1.0.12573\examples\boards\ek-tm4c1294xl\enet_io\ccs\..\..\..\..\..\driverlib\ccs\Debug\</path>
         <kind>archive</kind>
         <file>driverlib.lib</file>
         <name>timer.obj</name>
      </input_file>
      <input_file id="fl-153">
         <path>C:\ti\TivaWare_C_Series-2.1.0.12573\examples\boards\ek-tm4c1294xl\enet_io\ccs\..\..\..\..\..\driverlib\ccs\Debug\</path>
         <kind>archive</kind>
         <file>driverlib.lib</file>
         <name>systick.obj</name>
      </input_file>
      <input_file id="fl-154">
         <path>C:\ti\TivaWare_C_Series-2.1.0.12573\examples\boards\ek-tm4c1294xl\enet_io\ccs\..\..\..\..\..\driverlib\ccs\Debug\</path>
         <kind>archive</kind>
         <file>driverlib.lib</file>
         <name>sysctl.obj</name>
      </input_file>
      <input_file id="fl-155">
         <path>C:\ti\TivaWare_C_Series-2.1.0.12573\examples\boards\ek-tm4c1294xl\enet_io\ccs\..\..\..\..\..\driverlib\ccs\Debug\</path>
         <kind>archive</kind>
         <file>driverlib.lib</file>
         <name>interrupt.obj</name>
      </input_file>
      <input_file id="fl-156">
         <path>C:\ti\TivaWare_C_Series-2.1.0.12573\examples\boards\ek-tm4c1294xl\enet_io\ccs\..\..\..\..\..\driverlib\ccs\Debug\</path>
         <kind>archive</kind>
         <file>driverlib.lib</file>
         <name>gpio.obj</name>
      </input_file>
      <input_file id="fl-157">
         <path>C:\ti\TivaWare_C_Series-2.1.0.12573\examples\boards\ek-tm4c1294xl\enet_io\ccs\..\..\..\..\..\driverlib\ccs\Debug\</path>
         <kind>archive</kind>
         <file>driverlib.lib</file>
         <name>flash.obj</name>
      </input_file>
      <input_file id="fl-158">
         <path>C:\ti\TivaWare_C_Series-2.1.0.12573\examples\boards\ek-tm4c1294xl\enet_io\ccs\..\..\..\..\..\driverlib\ccs\Debug\</path>
         <kind>archive</kind>
         <file>driverlib.lib</file>
         <name>emac.obj</name>
      </input_file>
      <input_file id="fl-159">
         <path>C:\ti\TivaWare_C_Series-2.1.0.12573\examples\boards\ek-tm4c1294xl\enet_io\ccs\..\..\..\..\..\driverlib\ccs\Debug\</path>
         <kind>archive</kind>
         <file>driverlib.lib</file>
         <name>cpu.obj</name>
      </input_file>
      <input_file id="fl-15a">
         <path>C:\ti\TivaWare_C_Series-2.1.0.12573\examples\boards\ek-tm4c1294xl\enet_io\ccs\..\..\..\..\..\driverlib\ccs\Debug\</path>
         <kind>archive</kind>
         <file>driverlib.lib</file>
         <name>sw_crc.obj</name>
      </input_file>
   </input_file_list>
   <object_component_list>
      <object_component id="oc-e">
         <name>.intvecs</name>
         <load_address>0x0</load_address>
         <run_address>0x0</run_address>
         <size>0x200</size>
         <input_file_ref idref="fl-6"/>
      </object_component>
      <object_component id="oc-7f5">
         <name>.text:tcp_receive</name>
         <load_address>0x6f7ec</load_address>
         <run_address>0x6f7ec</run_address>
         <size>0x76c</size>
         <input_file_ref idref="fl-8"/>
      </object_component>
      <object_component id="oc-8f2">
         <name>.text:fs_open</name>
         <load_address>0x6ff58</load_address>
         <run_address>0x6ff58</run_address>
         <size>0x678</size>
         <input_file_ref idref="fl-5"/>
      </object_component>
      <object_component id="oc-7b2">
         <name>.text:http_send_data</name>
         <load_address>0x705d0</load_address>
         <run_address>0x705d0</run_address>
         <size>0x49e</size>
         <input_file_ref idref="fl-b"/>
      </object_component>
      <object_component id="oc-35">
         <name>.text:FaultISR</name>
         <load_address>0x70a6e</load_address>
         <run_address>0x70a6e</run_address>
         <size>0x2</size>
         <input_file_ref idref="fl-6"/>
      </object_component>
      <object_component id="oc-538">
         <name>.text:tcp_input</name>
         <load_address>0x70a70</load_address>
         <run_address>0x70a70</run_address>
         <size>0x3d0</size>
         <input_file_ref idref="fl-8"/>
      </object_component>
      <object_component id="oc-687">
         <name>.text:tcp_process</name>
         <load_address>0x70e40</load_address>
         <run_address>0x70e40</run_address>
         <size>0x3b0</size>
         <input_file_ref idref="fl-8"/>
      </object_component>
      <object_component id="oc-118">
         <name>.text:main</name>
         <load_address>0x711f0</load_address>
         <run_address>0x711f0</run_address>
         <size>0x328</size>
         <input_file_ref idref="fl-3"/>
      </object_component>
      <object_component id="oc-915">
         <name>.text:tcp_write</name>
         <load_address>0x71518</load_address>
         <run_address>0x71518</run_address>
         <size>0x2dc</size>
         <input_file_ref idref="fl-8"/>
      </object_component>
      <object_component id="oc-328">
         <name>.text:tcp_slowtmr</name>
         <load_address>0x717f4</load_address>
         <run_address>0x717f4</run_address>
         <size>0x2bc</size>
         <input_file_ref idref="fl-8"/>
      </object_component>
      <object_component id="oc-552">
         <name>.text:uvsnprintf</name>
         <load_address>0x71ab0</load_address>
         <run_address>0x71ab0</run_address>
         <size>0x245</size>
         <input_file_ref idref="fl-a"/>
      </object_component>
      <object_component id="oc-3b">
         <name>.text:IntDefaultHandler</name>
         <load_address>0x71cf6</load_address>
         <run_address>0x71cf6</run_address>
         <size>0x2</size>
         <input_file_ref idref="fl-6"/>
      </object_component>
      <object_component id="oc-207">
         <name>.text:PinoutSet</name>
         <load_address>0x71cf8</load_address>
         <run_address>0x71cf8</run_address>
         <size>0x214</size>
         <input_file_ref idref="fl-c"/>
      </object_component>
      <object_component id="oc-201">
         <name>.text:SysCtlClockFreqSet</name>
         <load_address>0x71f0c</load_address>
         <run_address>0x71f0c</run_address>
         <size>0x1fc</size>
         <input_file_ref idref="fl-154"/>
      </object_component>
      <object_component id="oc-3f1">
         <name>.text:ip_input</name>
         <load_address>0x72108</load_address>
         <run_address>0x72108</run_address>
         <size>0x1c0</size>
         <input_file_ref idref="fl-8"/>
      </object_component>
      <object_component id="oc-532">
         <name>.text:udp_input</name>
         <load_address>0x722c8</load_address>
         <run_address>0x722c8</run_address>
         <size>0x1c0</size>
         <input_file_ref idref="fl-8"/>
      </object_component>
      <object_component id="oc-53e">
         <name>.text:icmp_input</name>
         <load_address>0x72488</load_address>
         <run_address>0x72488</run_address>
         <size>0x1ac</size>
         <input_file_ref idref="fl-8"/>
      </object_component>
      <object_component id="oc-418">
         <name>.text:tcp_output</name>
         <load_address>0x72634</load_address>
         <run_address>0x72634</run_address>
         <size>0x190</size>
         <input_file_ref idref="fl-8"/>
      </object_component>
      <object_component id="oc-81e">
         <name>.text:tcp_close_shutdown</name>
         <load_address>0x727c4</load_address>
         <run_address>0x727c4</run_address>
         <size>0x144</size>
         <input_file_ref idref="fl-8"/>
      </object_component>
      <object_component id="oc-2ff">
         <name>.text:pbuf_alloc</name>
         <load_address>0x72908</load_address>
         <run_address>0x72908</run_address>
         <size>0x138</size>
         <input_file_ref idref="fl-8"/>
      </object_component>
      <object_component id="oc-34b">
         <name>.text:GPIOPadConfigSet</name>
         <load_address>0x72a40</load_address>
         <run_address>0x72a40</run_address>
         <size>0x130</size>
         <input_file_ref idref="fl-156"/>
      </object_component>
      <object_component id="oc-19d">
         <name>.text:tivaif_receive</name>
         <load_address>0x72b70</load_address>
         <run_address>0x72b70</run_address>
         <size>0x130</size>
         <input_file_ref idref="fl-8"/>
      </object_component>
      <object_component id="oc-3e5">
         <name>.text:etharp_arp_input</name>
         <load_address>0x72ca0</load_address>
         <run_address>0x72ca0</run_address>
         <size>0x128</size>
         <input_file_ref idref="fl-8"/>
      </object_component>
      <object_component id="oc-cc">
         <name>.text:SysCtlClockGet</name>
         <load_address>0x72dc8</load_address>
         <run_address>0x72dc8</run_address>
         <size>0x118</size>
         <input_file_ref idref="fl-154"/>
      </object_component>
      <object_component id="oc-874">
         <name>.text:http_find_file</name>
         <load_address>0x72ee0</load_address>
         <run_address>0x72ee0</run_address>
         <size>0x118</size>
         <input_file_ref idref="fl-b"/>
      </object_component>
      <object_component id="oc-5c5">
         <name>.text:etharp_output</name>
         <load_address>0x72ff8</load_address>
         <run_address>0x72ff8</run_address>
         <size>0x114</size>
         <input_file_ref idref="fl-8"/>
      </object_component>
      <object_component id="oc-764">
         <name>.text:etharp_query</name>
         <load_address>0x7310c</load_address>
         <run_address>0x7310c</run_address>
         <size>0x114</size>
         <input_file_ref idref="fl-8"/>
      </object_component>
      <object_component id="oc-67b">
         <name>.text:tcp_listen_input</name>
         <load_address>0x73220</load_address>
         <run_address>0x73220</run_address>
         <size>0x114</size>
         <input_file_ref idref="fl-8"/>
      </object_component>
      <object_component id="oc-99d">
         <name>.text</name>
         <load_address>0x73334</load_address>
         <run_address>0x73334</run_address>
         <size>0x110</size>
         <input_file_ref idref="fl-148"/>
      </object_component>
      <object_component id="oc-942">
         <name>.text:getParamURL</name>
         <load_address>0x73444</load_address>
         <run_address>0x73444</run_address>
         <size>0x10c</size>
         <input_file_ref idref="fl-5"/>
      </object_component>
      <object_component id="oc-404">
         <name>.text:mem_malloc</name>
         <load_address>0x73550</load_address>
         <run_address>0x73550</run_address>
         <size>0xfc</size>
         <input_file_ref idref="fl-8"/>
      </object_component>
      <object_component id="oc-5cb">
         <name>.text:tivaif_transmit</name>
         <load_address>0x7364c</load_address>
         <run_address>0x7364c</run_address>
         <size>0xf8</size>
         <input_file_ref idref="fl-8"/>
      </object_component>
      <object_component id="oc-979">
         <name>.text:get_http_headers</name>
         <load_address>0x73744</load_address>
         <run_address>0x73744</run_address>
         <size>0xf4</size>
         <input_file_ref idref="fl-b"/>
      </object_component>
      <object_component id="oc-664">
         <name>.text:mem_trim</name>
         <load_address>0x73838</load_address>
         <run_address>0x73838</run_address>
         <size>0xf4</size>
         <input_file_ref idref="fl-8"/>
      </object_component>
      <object_component id="oc-6b5">
         <name>.text:ip_output_if</name>
         <load_address>0x7392c</load_address>
         <run_address>0x7392c</run_address>
         <size>0xf0</size>
         <input_file_ref idref="fl-8"/>
      </object_component>
      <object_component id="oc-23d">
         <name>.text:lwIPInit</name>
         <load_address>0x73a1c</load_address>
         <run_address>0x73a1c</run_address>
         <size>0xec</size>
         <input_file_ref idref="fl-8"/>
      </object_component>
      <object_component id="oc-64f">
         <name>.text:etharp_find_entry</name>
         <load_address>0x73b08</load_address>
         <run_address>0x73b08</run_address>
         <size>0xe0</size>
         <input_file_ref idref="fl-8"/>
      </object_component>
      <object_component id="oc-565">
         <name>.text:tcp_output_segment</name>
         <load_address>0x73be8</load_address>
         <run_address>0x73be8</run_address>
         <size>0xd8</size>
         <input_file_ref idref="fl-8"/>
      </object_component>
      <object_component id="oc-5d2">
         <name>.text:tcp_alloc</name>
         <load_address>0x73cc0</load_address>
         <run_address>0x73cc0</run_address>
         <size>0xd4</size>
         <input_file_ref idref="fl-8"/>
      </object_component>
      <object_component id="oc-893">
         <name>.text:get_tag_insert</name>
         <load_address>0x73d94</load_address>
         <run_address>0x73d94</run_address>
         <size>0xcc</size>
         <input_file_ref idref="fl-b"/>
      </object_component>
      <object_component id="oc-727">
         <name>.text:InitDMADescriptors</name>
         <load_address>0x73e60</load_address>
         <run_address>0x73e60</run_address>
         <size>0xc4</size>
         <input_file_ref idref="fl-8"/>
      </object_component>
      <object_component id="oc-4ef">
         <name>.text:etharp_raw</name>
         <load_address>0x73f24</load_address>
         <run_address>0x73f24</run_address>
         <size>0xc4</size>
         <input_file_ref idref="fl-8"/>
      </object_component>
      <object_component id="oc-8a4">
         <name>.text:tcp_create_segment</name>
         <load_address>0x73fe8</load_address>
         <run_address>0x73fe8</run_address>
         <size>0xc0</size>
         <input_file_ref idref="fl-8"/>
      </object_component>
      <object_component id="oc-5bf">
         <name>.text:tivaif_hwinit</name>
         <load_address>0x740a8</load_address>
         <run_address>0x740a8</run_address>
         <size>0xbc</size>
         <input_file_ref idref="fl-8"/>
      </object_component>
      <object_component id="oc-42e">
         <name>.text:tcp_zero_window_probe</name>
         <load_address>0x74164</load_address>
         <run_address>0x74164</run_address>
         <size>0xac</size>
         <input_file_ref idref="fl-8"/>
      </object_component>
      <object_component id="oc-7d6">
         <name>.text:tcp_enqueue_flags</name>
         <load_address>0x74210</load_address>
         <run_address>0x74210</run_address>
         <size>0xa8</size>
         <input_file_ref idref="fl-8"/>
      </object_component>
      <object_component id="oc-587">
         <name>.text:inet_chksum_pseudo</name>
         <load_address>0x742b8</load_address>
         <run_address>0x742b8</run_address>
         <size>0xa6</size>
         <input_file_ref idref="fl-8"/>
      </object_component>
      <object_component id="oc-2f">
         <name>.text:NmiSR</name>
         <load_address>0x7435e</load_address>
         <run_address>0x7435e</run_address>
         <size>0x2</size>
         <input_file_ref idref="fl-6"/>
      </object_component>
      <object_component id="oc-2f9">
         <name>.text:ethernet_input</name>
         <load_address>0x74360</load_address>
         <run_address>0x74360</run_address>
         <size>0xa4</size>
         <input_file_ref idref="fl-8"/>
      </object_component>
      <object_component id="oc-7ac">
         <name>.text:http_parse_request</name>
         <load_address>0x74404</load_address>
         <run_address>0x74404</run_address>
         <size>0x9e</size>
         <input_file_ref idref="fl-b"/>
      </object_component>
      <object_component id="oc-95">
         <name>.text</name>
         <load_address>0x744a2</load_address>
         <run_address>0x744a2</run_address>
         <size>0x9c</size>
         <input_file_ref idref="fl-140"/>
      </object_component>
      <object_component id="oc-4bf">
         <name>.text:tcp_listen_with_backlog</name>
         <load_address>0x74540</load_address>
         <run_address>0x74540</run_address>
         <size>0x9c</size>
         <input_file_ref idref="fl-8"/>
      </object_component>
      <object_component id="oc-80">
         <name>.text</name>
         <load_address>0x745dc</load_address>
         <run_address>0x745dc</run_address>
         <size>0x94</size>
         <input_file_ref idref="fl-14c"/>
      </object_component>
      <object_component id="oc-6af">
         <name>.text:pbuf_copy</name>
         <load_address>0x74670</load_address>
         <run_address>0x74670</run_address>
         <size>0x92</size>
         <input_file_ref idref="fl-8"/>
      </object_component>
      <object_component id="oc-7dc">
         <name>.text:tcp_abandon</name>
         <load_address>0x74704</load_address>
         <run_address>0x74704</run_address>
         <size>0x90</size>
         <input_file_ref idref="fl-8"/>
      </object_component>
      <object_component id="oc-446">
         <name>.text:tcp_rst</name>
         <load_address>0x74794</load_address>
         <run_address>0x74794</run_address>
         <size>0x90</size>
         <input_file_ref idref="fl-8"/>
      </object_component>
      <object_component id="oc-95a">
         <name>.text:CheckResponeNEC</name>
         <load_address>0x74824</load_address>
         <run_address>0x74824</run_address>
         <size>0x8c</size>
         <input_file_ref idref="fl-5"/>
      </object_component>
      <object_component id="oc-24f">
         <name>.text:io_init</name>
         <load_address>0x748b0</load_address>
         <run_address>0x748b0</run_address>
         <size>0x84</size>
         <input_file_ref idref="fl-4"/>
      </object_component>
      <object_component id="oc-37c">
         <name>.text:lwIPPrivateInit</name>
         <load_address>0x74934</load_address>
         <run_address>0x74934</run_address>
         <size>0x84</size>
         <input_file_ref idref="fl-8"/>
      </object_component>
      <object_component id="oc-681">
         <name>.text:tcp_timewait_input</name>
         <load_address>0x749b8</load_address>
         <run_address>0x749b8</run_address>
         <size>0x84</size>
         <input_file_ref idref="fl-8"/>
      </object_component>
      <object_component id="oc-47">
         <name>.text:UARTIntHandler1</name>
         <load_address>0x74a3c</load_address>
         <run_address>0x74a3c</run_address>
         <size>0x80</size>
         <input_file_ref idref="fl-5"/>
      </object_component>
      <object_component id="oc-53">
         <name>.text:UARTIntHandler2</name>
         <load_address>0x74abc</load_address>
         <run_address>0x74abc</run_address>
         <size>0x80</size>
         <input_file_ref idref="fl-5"/>
      </object_component>
      <object_component id="oc-5f">
         <name>.text:UARTIntHandler3</name>
         <load_address>0x74b3c</load_address>
         <run_address>0x74b3c</run_address>
         <size>0x80</size>
         <input_file_ref idref="fl-5"/>
      </object_component>
      <object_component id="oc-65">
         <name>.text:UARTIntHandler4</name>
         <load_address>0x74bbc</load_address>
         <run_address>0x74bbc</run_address>
         <size>0x80</size>
         <input_file_ref idref="fl-5"/>
      </object_component>
      <object_component id="oc-6b">
         <name>.text:UARTIntHandler5</name>
         <load_address>0x74c3c</load_address>
         <run_address>0x74c3c</run_address>
         <size>0x80</size>
         <input_file_ref idref="fl-5"/>
      </object_component>
      <object_component id="oc-71">
         <name>.text:UARTIntHandler6</name>
         <load_address>0x74cbc</load_address>
         <run_address>0x74cbc</run_address>
         <size>0x80</size>
         <input_file_ref idref="fl-5"/>
      </object_component>
      <object_component id="oc-77">
         <name>.text:UARTIntHandler7</name>
         <load_address>0x74d3c</load_address>
         <run_address>0x74d3c</run_address>
         <size>0x80</size>
         <input_file_ref idref="fl-5"/>
      </object_component>
      <object_component id="oc-7d0">
         <name>.text:tcp_parseopt</name>
         <load_address>0x74dbc</load_address>
         <run_address>0x74dbc</run_address>
         <size>0x80</size>
         <input_file_ref idref="fl-8"/>
      </object_component>
      <object_component id="oc-4b9">
         <name>.text:tcp_bind</name>
         <load_address>0x74e3c</load_address>
         <run_address>0x74e3c</run_address>
         <size>0x7c</size>
         <input_file_ref idref="fl-8"/>
      </object_component>
      <object_component id="oc-191">
         <name>.text:tivaif_process_phy_interrupt</name>
         <load_address>0x74eb8</load_address>
         <run_address>0x74eb8</run_address>
         <size>0x7c</size>
         <input_file_ref idref="fl-8"/>
      </object_component>
      <object_component id="oc-791">
         <name>.text</name>
         <load_address>0x74f34</load_address>
         <run_address>0x74f34</run_address>
         <size>0x78</size>
         <input_file_ref idref="fl-141"/>
      </object_component>
      <object_component id="oc-8c0">
         <name>.text:tcp_oos_insert_segment</name>
         <load_address>0x74fac</load_address>
         <run_address>0x74fac</run_address>
         <size>0x78</size>
         <input_file_ref idref="fl-8"/>
      </object_component>
      <object_component id="oc-506">
         <name>.text:etharp_update_arp_entry</name>
         <load_address>0x75024</load_address>
         <run_address>0x75024</run_address>
         <size>0x74</size>
         <input_file_ref idref="fl-8"/>
      </object_component>
      <object_component id="oc-526">
         <name>.text:raw_input</name>
         <load_address>0x75098</load_address>
         <run_address>0x75098</run_address>
         <size>0x74</size>
         <input_file_ref idref="fl-8"/>
      </object_component>
      <object_component id="oc-8ec">
         <name>.text:extract_uri_parameters</name>
         <load_address>0x7510c</load_address>
         <run_address>0x7510c</run_address>
         <size>0x72</size>
         <input_file_ref idref="fl-b"/>
      </object_component>
      <object_component id="oc-322">
         <name>.text:tcp_fasttmr</name>
         <load_address>0x75180</load_address>
         <run_address>0x75180</run_address>
         <size>0x70</size>
         <input_file_ref idref="fl-8"/>
      </object_component>
      <object_component id="oc-670">
         <name>.text:icmp_send_response</name>
         <load_address>0x751f0</load_address>
         <run_address>0x751f0</run_address>
         <size>0x6c</size>
         <input_file_ref idref="fl-8"/>
      </object_component>
      <object_component id="oc-581">
         <name>.text:pbuf_copy_partial</name>
         <load_address>0x7525c</load_address>
         <run_address>0x7525c</run_address>
         <size>0x6a</size>
         <input_file_ref idref="fl-8"/>
      </object_component>
      <object_component id="oc-904">
         <name>.text:http_init_file</name>
         <load_address>0x752c8</load_address>
         <run_address>0x752c8</run_address>
         <size>0x69</size>
         <input_file_ref idref="fl-b"/>
      </object_component>
      <object_component id="oc-1a6">
         <name>.text:lwIPHostTimerHandler</name>
         <load_address>0x75334</load_address>
         <run_address>0x75334</run_address>
         <size>0x68</size>
         <input_file_ref idref="fl-3"/>
      </object_component>
      <object_component id="oc-5a5">
         <name>.text:memp_init</name>
         <load_address>0x7539c</load_address>
         <run_address>0x7539c</run_address>
         <size>0x68</size>
         <input_file_ref idref="fl-8"/>
      </object_component>
      <object_component id="oc-57b">
         <name>.text:tcp_output_alloc_header</name>
         <load_address>0x75404</load_address>
         <run_address>0x75404</run_address>
         <size>0x68</size>
         <input_file_ref idref="fl-8"/>
      </object_component>
      <object_component id="oc-41e">
         <name>.text:tcp_process_refused_data</name>
         <load_address>0x7546c</load_address>
         <run_address>0x7546c</run_address>
         <size>0x68</size>
         <input_file_ref idref="fl-8"/>
      </object_component>
      <object_component id="oc-65d">
         <name>.text:lwip_standard_chksum</name>
         <load_address>0x754d4</load_address>
         <run_address>0x754d4</run_address>
         <size>0x64</size>
         <input_file_ref idref="fl-8"/>
      </object_component>
      <object_component id="oc-3d1">
         <name>.text:mem_free</name>
         <load_address>0x75538</load_address>
         <run_address>0x75538</run_address>
         <size>0x64</size>
         <input_file_ref idref="fl-8"/>
      </object_component>
      <object_component id="oc-4f8">
         <name>.text:plug_holes</name>
         <load_address>0x7559c</load_address>
         <run_address>0x7559c</run_address>
         <size>0x64</size>
         <input_file_ref idref="fl-8"/>
      </object_component>
      <object_component id="oc-612">
         <name>.text:http_recv</name>
         <load_address>0x75600</load_address>
         <run_address>0x75600</run_address>
         <size>0x62</size>
         <input_file_ref idref="fl-b"/>
      </object_component>
      <object_component id="oc-3eb">
         <name>.text:pbuf_header</name>
         <load_address>0x75662</load_address>
         <run_address>0x75662</run_address>
         <size>0x62</size>
         <input_file_ref idref="fl-8"/>
      </object_component>
      <object_component id="oc-255">
         <name>.text:IntEnable</name>
         <load_address>0x756c4</load_address>
         <run_address>0x756c4</run_address>
         <size>0x60</size>
         <input_file_ref idref="fl-155"/>
      </object_component>
      <object_component id="oc-20d">
         <name>.text:UARTStdioConfig</name>
         <load_address>0x75724</load_address>
         <run_address>0x75724</run_address>
         <size>0x60</size>
         <input_file_ref idref="fl-9"/>
      </object_component>
      <object_component id="oc-6fa">
         <name>.text:sys_timeout</name>
         <load_address>0x75784</load_address>
         <run_address>0x75784</run_address>
         <size>0x60</size>
         <input_file_ref idref="fl-8"/>
      </object_component>
      <object_component id="oc-a8">
         <name>.text</name>
         <load_address>0x757e4</load_address>
         <run_address>0x757e4</run_address>
         <size>0x5e</size>
         <input_file_ref idref="fl-13c"/>
      </object_component>
      <object_component id="oc-59">
         <name>.text:lwIPEthernetIntHandler</name>
         <load_address>0x75844</load_address>
         <run_address>0x75844</run_address>
         <size>0x5c</size>
         <input_file_ref idref="fl-8"/>
      </object_component>
      <object_component id="oc-59f">
         <name>.text:mem_init</name>
         <load_address>0x758a0</load_address>
         <run_address>0x758a0</run_address>
         <size>0x5c</size>
         <input_file_ref idref="fl-8"/>
      </object_component>
      <object_component id="oc-70e">
         <name>.text:netif_set_ipaddr</name>
         <load_address>0x758fc</load_address>
         <run_address>0x758fc</run_address>
         <size>0x5c</size>
         <input_file_ref idref="fl-8"/>
      </object_component>
      <object_component id="oc-434">
         <name>.text:tcp_keepalive</name>
         <load_address>0x75958</load_address>
         <run_address>0x75958</run_address>
         <size>0x5c</size>
         <input_file_ref idref="fl-8"/>
      </object_component>
      <object_component id="oc-696">
         <name>.text:tcp_pcb_remove</name>
         <load_address>0x759b4</load_address>
         <run_address>0x759b4</run_address>
         <size>0x5c</size>
         <input_file_ref idref="fl-8"/>
      </object_component>
      <object_component id="oc-55f">
         <name>.text:tcp_send_empty_ack</name>
         <load_address>0x75a10</load_address>
         <run_address>0x75a10</run_address>
         <size>0x5c</size>
         <input_file_ref idref="fl-8"/>
      </object_component>
      <object_component id="oc-51a">
         <name>.text:pbuf_realloc</name>
         <load_address>0x75a6c</load_address>
         <run_address>0x75a6c</run_address>
         <size>0x5a</size>
         <input_file_ref idref="fl-8"/>
      </object_component>
      <object_component id="oc-376">
         <name>.text:EMACPHYConfigSet</name>
         <load_address>0x75ac8</load_address>
         <run_address>0x75ac8</run_address>
         <size>0x58</size>
         <input_file_ref idref="fl-158"/>
      </object_component>
      <object_component id="oc-4d1">
         <name>.text:http_accept</name>
         <load_address>0x75b20</load_address>
         <run_address>0x75b20</run_address>
         <size>0x58</size>
         <input_file_ref idref="fl-b"/>
      </object_component>
      <object_component id="oc-3f8">
         <name>.text:memp_malloc</name>
         <load_address>0x75b78</load_address>
         <run_address>0x75b78</run_address>
         <size>0x58</size>
         <input_file_ref idref="fl-8"/>
      </object_component>
      <object_component id="oc-6a9">
         <name>.text:inet_chksum_pbuf</name>
         <load_address>0x75bd0</load_address>
         <run_address>0x75bd0</run_address>
         <size>0x56</size>
         <input_file_ref idref="fl-8"/>
      </object_component>
      <object_component id="oc-7fb">
         <name>.text:tcp_rexmit</name>
         <load_address>0x75c26</load_address>
         <run_address>0x75c26</run_address>
         <size>0x54</size>
         <input_file_ref idref="fl-8"/>
      </object_component>
      <object_component id="oc-2ec">
         <name>.text:pbuf_free</name>
         <load_address>0x75c7a</load_address>
         <run_address>0x75c7a</run_address>
         <size>0x52</size>
         <input_file_ref idref="fl-8"/>
      </object_component>
      <object_component id="oc-197">
         <name>.text:tivaif_process_transmit</name>
         <load_address>0x75ccc</load_address>
         <run_address>0x75ccc</run_address>
         <size>0x52</size>
         <input_file_ref idref="fl-8"/>
      </object_component>
      <object_component id="oc-472">
         <name>.text:SysCtlPeripheralReset</name>
         <load_address>0x75d20</load_address>
         <run_address>0x75d20</run_address>
         <size>0x50</size>
         <input_file_ref idref="fl-154"/>
      </object_component>
      <object_component id="oc-7b8">
         <name>.text:http_close_conn</name>
         <load_address>0x75d70</load_address>
         <run_address>0x75d70</run_address>
         <size>0x50</size>
         <input_file_ref idref="fl-b"/>
      </object_component>
      <object_component id="oc-395">
         <name>.text:io_set_timer</name>
         <load_address>0x75dc0</load_address>
         <run_address>0x75dc0</run_address>
         <size>0x50</size>
         <input_file_ref idref="fl-4"/>
      </object_component>
      <object_component id="oc-f8">
         <name>.text:lwIPServiceTimers</name>
         <load_address>0x75e10</load_address>
         <run_address>0x75e10</run_address>
         <size>0x50</size>
         <input_file_ref idref="fl-8"/>
      </object_component>
      <object_component id="oc-491">
         <name>.text:netif_add</name>
         <load_address>0x75e60</load_address>
         <run_address>0x75e60</run_address>
         <size>0x50</size>
         <input_file_ref idref="fl-8"/>
      </object_component>
      <object_component id="oc-5da">
         <name>.text:tcp_new_port</name>
         <load_address>0x75eb0</load_address>
         <run_address>0x75eb0</run_address>
         <size>0x50</size>
         <input_file_ref idref="fl-8"/>
      </object_component>
      <object_component id="oc-868">
         <name>.text:strnstr</name>
         <load_address>0x75f00</load_address>
         <run_address>0x75f00</run_address>
         <size>0x4e</size>
         <input_file_ref idref="fl-b"/>
      </object_component>
      <object_component id="oc-98d">
         <name>.text:tcp_pbuf_prealloc</name>
         <load_address>0x75f4e</load_address>
         <run_address>0x75f4e</run_address>
         <size>0x4e</size>
         <input_file_ref idref="fl-8"/>
      </object_component>
      <object_component id="oc-6d4">
         <name>.text:ip_route</name>
         <load_address>0x75f9c</load_address>
         <run_address>0x75f9c</run_address>
         <size>0x4c</size>
         <input_file_ref idref="fl-8"/>
      </object_component>
      <object_component id="oc-987">
         <name>.text:tcp_write_checks</name>
         <load_address>0x75fe8</load_address>
         <run_address>0x75fe8</run_address>
         <size>0x4c</size>
         <input_file_ref idref="fl-8"/>
      </object_component>
      <object_component id="oc-f2">
         <name>.text:tivaif_interrupt</name>
         <load_address>0x76034</load_address>
         <run_address>0x76034</run_address>
         <size>0x4c</size>
         <input_file_ref idref="fl-8"/>
      </object_component>
      <object_component id="oc-8f8">
         <name>.text:http_get_404_file</name>
         <load_address>0x76080</load_address>
         <run_address>0x76080</run_address>
         <size>0x4b</size>
         <input_file_ref idref="fl-b"/>
      </object_component>
      <object_component id="oc-219">
         <name>.text:GPIOPinConfigure</name>
         <load_address>0x760cc</load_address>
         <run_address>0x760cc</run_address>
         <size>0x48</size>
         <input_file_ref idref="fl-156"/>
      </object_component>
      <object_component id="oc-33e">
         <name>.text:_SysCtlFrequencyGet</name>
         <load_address>0x76114</load_address>
         <run_address>0x76114</run_address>
         <size>0x48</size>
         <input_file_ref idref="fl-154"/>
      </object_component>
      <object_component id="oc-75e">
         <name>.text:etharp_output_to_arp_index</name>
         <load_address>0x7615c</load_address>
         <run_address>0x7615c</run_address>
         <size>0x48</size>
         <input_file_ref idref="fl-8"/>
      </object_component>
      <object_component id="oc-58d">
         <name>.text:ip_output</name>
         <load_address>0x761a4</load_address>
         <run_address>0x761a4</run_address>
         <size>0x48</size>
         <input_file_ref idref="fl-8"/>
      </object_component>
      <object_component id="oc-11">
         <name>.text</name>
         <load_address>0x761ec</load_address>
         <run_address>0x761ec</run_address>
         <size>0x48</size>
         <input_file_ref idref="fl-13a"/>
      </object_component>
      <object_component id="oc-78b">
         <name>.text:tcp_kill_prio</name>
         <load_address>0x76234</load_address>
         <run_address>0x76234</run_address>
         <size>0x48</size>
         <input_file_ref idref="fl-8"/>
      </object_component>
      <object_component id="oc-8af">
         <name>.text:tcp_rexmit_fast</name>
         <load_address>0x7627c</load_address>
         <run_address>0x7627c</run_address>
         <size>0x48</size>
         <input_file_ref idref="fl-8"/>
      </object_component>
      <object_component id="oc-881">
         <name>.text:http_write</name>
         <load_address>0x762c4</load_address>
         <run_address>0x762c4</run_address>
         <size>0x44</size>
         <input_file_ref idref="fl-b"/>
      </object_component>
      <object_component id="oc-111">
         <name>.text</name>
         <load_address>0x76308</load_address>
         <run_address>0x76308</run_address>
         <size>0x44</size>
         <input_file_ref idref="fl-14d"/>
      </object_component>
      <object_component id="oc-8b">
         <name>.text</name>
         <load_address>0x7634c</load_address>
         <run_address>0x7634c</run_address>
         <size>0x44</size>
         <input_file_ref idref="fl-13e"/>
      </object_component>
      <object_component id="oc-8cc">
         <name>.text:tcp_send_fin</name>
         <load_address>0x76390</load_address>
         <run_address>0x76390</run_address>
         <size>0x44</size>
         <input_file_ref idref="fl-8"/>
      </object_component>
      <object_component id="oc-772">
         <name>.text:tivaif_check_pbuf</name>
         <load_address>0x763d4</load_address>
         <run_address>0x763d4</run_address>
         <size>0x44</size>
         <input_file_ref idref="fl-8"/>
      </object_component>
      <object_component id="oc-6c4">
         <name>.text</name>
         <load_address>0x76418</load_address>
         <run_address>0x76418</run_address>
         <size>0x42</size>
         <input_file_ref idref="fl-149"/>
      </object_component>
      <object_component id="oc-440">
         <name>.text:tcp_pcb_purge</name>
         <load_address>0x7645a</load_address>
         <run_address>0x7645a</run_address>
         <size>0x42</size>
         <input_file_ref idref="fl-8"/>
      </object_component>
      <object_component id="oc-948">
         <name>.text:UARTConfigSetExpClk</name>
         <load_address>0x7649c</load_address>
         <run_address>0x7649c</run_address>
         <size>0x40</size>
         <input_file_ref idref="fl-151"/>
      </object_component>
      <object_component id="oc-1ac">
         <name>.text:etharp_tmr</name>
         <load_address>0x764dc</load_address>
         <run_address>0x764dc</run_address>
         <size>0x40</size>
         <input_file_ref idref="fl-8"/>
      </object_component>
      <object_component id="oc-751">
         <name>.text:EMACIntEnable</name>
         <load_address>0x7651c</load_address>
         <run_address>0x7651c</run_address>
         <size>0x3a</size>
         <input_file_ref idref="fl-158"/>
      </object_component>
      <object_component id="oc-88d">
         <name>.text:fs_read</name>
         <load_address>0x76556</load_address>
         <run_address>0x76556</run_address>
         <size>0x3a</size>
         <input_file_ref idref="fl-5"/>
      </object_component>
      <object_component id="oc-9ba">
         <name>.text:GetFifo</name>
         <load_address>0x76590</load_address>
         <run_address>0x76590</run_address>
         <size>0x38</size>
         <input_file_ref idref="fl-5"/>
      </object_component>
      <object_component id="oc-386">
         <name>.text:httpd_init_addr</name>
         <load_address>0x765c8</load_address>
         <run_address>0x765c8</run_address>
         <size>0x38</size>
         <input_file_ref idref="fl-b"/>
      </object_component>
      <object_component id="oc-3d7">
         <name>.text:memp_free</name>
         <load_address>0x76600</load_address>
         <run_address>0x76600</run_address>
         <size>0x38</size>
         <input_file_ref idref="fl-8"/>
      </object_component>
      <object_component id="oc-79f">
         <name>.text:tcpip_tcp_timer</name>
         <load_address>0x76638</load_address>
         <run_address>0x76638</run_address>
         <size>0x38</size>
         <input_file_ref idref="fl-8"/>
      </object_component>
      <object_component id="oc-2df">
         <name>.text:EMACConfigGet</name>
         <load_address>0x76670</load_address>
         <run_address>0x76670</run_address>
         <size>0x34</size>
         <input_file_ref idref="fl-158"/>
      </object_component>
      <object_component id="oc-2e5">
         <name>.text:EMACConfigSet</name>
         <load_address>0x766a4</load_address>
         <run_address>0x766a4</run_address>
         <size>0x34</size>
         <input_file_ref idref="fl-158"/>
      </object_component>
      <object_component id="oc-73f">
         <name>.text:EMACIntClear</name>
         <load_address>0x766d8</load_address>
         <run_address>0x766d8</run_address>
         <size>0x34</size>
         <input_file_ref idref="fl-158"/>
      </object_component>
      <object_component id="oc-c0">
         <name>.text:PutFifo</name>
         <load_address>0x7670c</load_address>
         <run_address>0x7670c</run_address>
         <size>0x34</size>
         <input_file_ref idref="fl-5"/>
      </object_component>
      <object_component id="oc-213">
         <name>.text:SysCtlPeripheralEnable</name>
         <load_address>0x76740</load_address>
         <run_address>0x76740</run_address>
         <size>0x34</size>
         <input_file_ref idref="fl-154"/>
      </object_component>
      <object_component id="oc-478">
         <name>.text:SysCtlPeripheralReady</name>
         <load_address>0x76774</load_address>
         <run_address>0x76774</run_address>
         <size>0x34</size>
         <input_file_ref idref="fl-154"/>
      </object_component>
      <object_component id="oc-624">
         <name>.text:http_poll</name>
         <load_address>0x767a8</load_address>
         <run_address>0x767a8</run_address>
         <size>0x34</size>
         <input_file_ref idref="fl-b"/>
      </object_component>
      <object_component id="oc-8fe">
         <name>.text</name>
         <load_address>0x767dc</load_address>
         <run_address>0x767dc</run_address>
         <size>0x34</size>
         <input_file_ref idref="fl-147"/>
      </object_component>
      <object_component id="oc-785">
         <name>.text:tcp_kill_timewait</name>
         <load_address>0x76810</load_address>
         <run_address>0x76810</run_address>
         <size>0x34</size>
         <input_file_ref idref="fl-8"/>
      </object_component>
      <object_component id="oc-5e0">
         <name>.text:tcp_timer_needed</name>
         <load_address>0x76844</load_address>
         <run_address>0x76844</run_address>
         <size>0x34</size>
         <input_file_ref idref="fl-8"/>
      </object_component>
      <object_component id="oc-4a3">
         <name>.text:tivaif_init</name>
         <load_address>0x76878</load_address>
         <run_address>0x76878</run_address>
         <size>0x34</size>
         <input_file_ref idref="fl-8"/>
      </object_component>
      <object_component id="oc-520">
         <name>.text:ip4_addr_isbroadcast</name>
         <load_address>0x768ac</load_address>
         <run_address>0x768ac</run_address>
         <size>0x32</size>
         <input_file_ref idref="fl-8"/>
      </object_component>
      <object_component id="oc-6e3">
         <name>.text:tcp_recved</name>
         <load_address>0x768de</load_address>
         <run_address>0x768de</run_address>
         <size>0x32</size>
         <input_file_ref idref="fl-8"/>
      </object_component>
      <object_component id="oc-30f">
         <name>.text:DisplayIPAddress</name>
         <load_address>0x76910</load_address>
         <run_address>0x76910</run_address>
         <size>0x30</size>
         <input_file_ref idref="fl-3"/>
      </object_component>
      <object_component id="oc-825">
         <name>.text:tcp_update_rcv_ann_wnd</name>
         <load_address>0x76940</load_address>
         <run_address>0x76940</run_address>
         <size>0x30</size>
         <input_file_ref idref="fl-8"/>
      </object_component>
      <object_component id="oc-930">
         <name>.text:ustrncmp</name>
         <load_address>0x76970</load_address>
         <run_address>0x76970</run_address>
         <size>0x30</size>
         <input_file_ref idref="fl-a"/>
      </object_component>
      <object_component id="oc-739">
         <name>.text:EMACIntStatus</name>
         <load_address>0x769a0</load_address>
         <run_address>0x769a0</run_address>
         <size>0x2c</size>
         <input_file_ref idref="fl-158"/>
      </object_component>
      <object_component id="oc-3bc">
         <name>.text:etharp_request</name>
         <load_address>0x769cc</load_address>
         <run_address>0x769cc</run_address>
         <size>0x2c</size>
         <input_file_ref idref="fl-8"/>
      </object_component>
      <object_component id="oc-428">
         <name>.text:tcp_rexmit_rto</name>
         <load_address>0x769f8</load_address>
         <run_address>0x769f8</run_address>
         <size>0x2c</size>
         <input_file_ref idref="fl-8"/>
      </object_component>
      <object_component id="oc-369">
         <name>.text:GPIODirModeSet</name>
         <load_address>0x76a24</load_address>
         <run_address>0x76a24</run_address>
         <size>0x2a</size>
         <input_file_ref idref="fl-156"/>
      </object_component>
      <object_component id="oc-4d">
         <name>.text:AnimTimerIntHandler</name>
         <load_address>0x76a50</load_address>
         <run_address>0x76a50</run_address>
         <size>0x28</size>
         <input_file_ref idref="fl-3"/>
      </object_component>
      <object_component id="oc-2cd">
         <name>.text:EMACPHYRead</name>
         <load_address>0x76a78</load_address>
         <run_address>0x76a78</run_address>
         <size>0x26</size>
         <input_file_ref idref="fl-158"/>
      </object_component>
      <object_component id="oc-72d">
         <name>.text:EMACPHYWrite</name>
         <load_address>0x76a9e</load_address>
         <run_address>0x76a9e</run_address>
         <size>0x26</size>
         <input_file_ref idref="fl-158"/>
      </object_component>
      <object_component id="oc-7bf">
         <name>.text:http_state_free</name>
         <load_address>0x76ac4</load_address>
         <run_address>0x76ac4</run_address>
         <size>0x26</size>
         <input_file_ref idref="fl-b"/>
      </object_component>
      <object_component id="oc-86e">
         <name>.text</name>
         <load_address>0x76aea</load_address>
         <run_address>0x76aea</run_address>
         <size>0x26</size>
         <input_file_ref idref="fl-146"/>
      </object_component>
      <object_component id="oc-249">
         <name>.text:IntPrioritySet</name>
         <load_address>0x76b10</load_address>
         <run_address>0x76b10</run_address>
         <size>0x24</size>
         <input_file_ref idref="fl-155"/>
      </object_component>
      <object_component id="oc-318">
         <name>.text:etharp_free_entry</name>
         <load_address>0x76b34</load_address>
         <run_address>0x76b34</run_address>
         <size>0x24</size>
         <input_file_ref idref="fl-8"/>
      </object_component>
      <object_component id="oc-2d9">
         <name>.text:netif_set_link_up</name>
         <load_address>0x76b58</load_address>
         <run_address>0x76b58</run_address>
         <size>0x24</size>
         <input_file_ref idref="fl-8"/>
      </object_component>
      <object_component id="oc-49d">
         <name>.text:netif_set_up</name>
         <load_address>0x76b7c</load_address>
         <run_address>0x76b7c</run_address>
         <size>0x24</size>
         <input_file_ref idref="fl-8"/>
      </object_component>
      <object_component id="oc-2f3">
         <name>.text:pbuf_cat</name>
         <load_address>0x76ba0</load_address>
         <run_address>0x76ba0</run_address>
         <size>0x24</size>
         <input_file_ref idref="fl-8"/>
      </object_component>
      <object_component id="oc-8ba">
         <name>.text:tcp_seg_copy</name>
         <load_address>0x76bc4</load_address>
         <run_address>0x76bc4</run_address>
         <size>0x24</size>
         <input_file_ref idref="fl-8"/>
      </object_component>
      <object_component id="oc-5f4">
         <name>.text:http_state_alloc</name>
         <load_address>0x76be8</load_address>
         <run_address>0x76be8</run_address>
         <size>0x22</size>
         <input_file_ref idref="fl-b"/>
      </object_component>
      <object_component id="oc-3df">
         <name>.text</name>
         <load_address>0x76c0a</load_address>
         <run_address>0x76c0a</run_address>
         <size>0x22</size>
         <input_file_ref idref="fl-13f"/>
      </object_component>
      <object_component id="oc-6be">
         <name>.text:ustrncpy</name>
         <load_address>0x76c2c</load_address>
         <run_address>0x76c2c</run_address>
         <size>0x22</size>
         <input_file_ref idref="fl-a"/>
      </object_component>
      <object_component id="oc-655">
         <name>.text:etharp_send_ip</name>
         <load_address>0x76c4e</load_address>
         <run_address>0x76c4e</run_address>
         <size>0x20</size>
         <input_file_ref idref="fl-8"/>
      </object_component>
      <object_component id="oc-b9">
         <name>.text:lwIPTimer</name>
         <load_address>0x76c70</load_address>
         <run_address>0x76c70</run_address>
         <size>0x20</size>
         <input_file_ref idref="fl-8"/>
      </object_component>
      <object_component id="oc-5ab">
         <name>.text:sys_timeouts_init</name>
         <load_address>0x76c90</load_address>
         <run_address>0x76c90</run_address>
         <size>0x20</size>
         <input_file_ref idref="fl-8"/>
      </object_component>
      <object_component id="oc-6ce">
         <name>.text:tcp_eff_send_mss</name>
         <load_address>0x76cb0</load_address>
         <run_address>0x76cb0</run_address>
         <size>0x20</size>
         <input_file_ref idref="fl-8"/>
      </object_component>
      <object_component id="oc-573">
         <name>.text:tcp_recv_null</name>
         <load_address>0x76cd0</load_address>
         <run_address>0x76cd0</run_address>
         <size>0x20</size>
         <input_file_ref idref="fl-8"/>
      </object_component>
      <object_component id="oc-1b2">
         <name>.text:tcp_tmr</name>
         <load_address>0x76cf0</load_address>
         <run_address>0x76cf0</run_address>
         <size>0x20</size>
         <input_file_ref idref="fl-8"/>
      </object_component>
      <object_component id="oc-40e">
         <name>.text:usprintf</name>
         <load_address>0x76d10</load_address>
         <run_address>0x76d10</run_address>
         <size>0x20</size>
         <input_file_ref idref="fl-a"/>
      </object_component>
      <object_component id="oc-721">
         <name>.text:EMACAddrGet</name>
         <load_address>0x76d30</load_address>
         <run_address>0x76d30</run_address>
         <size>0x1e</size>
         <input_file_ref idref="fl-158"/>
      </object_component>
      <object_component id="oc-9a9">
         <name>.text:UARTDisable</name>
         <load_address>0x76d50</load_address>
         <run_address>0x76d50</run_address>
         <size>0x1c</size>
         <input_file_ref idref="fl-151"/>
      </object_component>
      <object_component id="oc-338">
         <name>.text:_SysCtlMemTimingGet</name>
         <load_address>0x76d6c</load_address>
         <run_address>0x76d6c</run_address>
         <size>0x1c</size>
         <input_file_ref idref="fl-154"/>
      </object_component>
      <object_component id="oc-5b3">
         <name>.text:netif_set_addr</name>
         <load_address>0x76d88</load_address>
         <run_address>0x76d88</run_address>
         <size>0x1c</size>
         <input_file_ref idref="fl-8"/>
      </object_component>
      <object_component id="oc-48b">
         <name>.text:lwip_htonl</name>
         <load_address>0x76da4</load_address>
         <run_address>0x76da4</run_address>
         <size>0x1a</size>
         <input_file_ref idref="fl-8"/>
      </object_component>
      <object_component id="oc-706">
         <name>.text:arp_timer</name>
         <load_address>0x76dc0</load_address>
         <run_address>0x76dc0</run_address>
         <size>0x18</size>
         <input_file_ref idref="fl-8"/>
      </object_component>
      <object_component id="oc-94e">
         <name>.text:initFifo</name>
         <load_address>0x76dd8</load_address>
         <run_address>0x76dd8</run_address>
         <size>0x18</size>
         <input_file_ref idref="fl-5"/>
      </object_component>
      <object_component id="oc-3fe">
         <name>.text:pbuf_pool_is_empty</name>
         <load_address>0x76df0</load_address>
         <run_address>0x76df0</run_address>
         <size>0x18</size>
         <input_file_ref idref="fl-8"/>
      </object_component>
      <object_component id="oc-85">
         <name>.text</name>
         <load_address>0x76e08</load_address>
         <run_address>0x76e08</run_address>
         <size>0x18</size>
         <input_file_ref idref="fl-14b"/>
      </object_component>
      <object_component id="oc-8e6">
         <name>.text</name>
         <load_address>0x76e20</load_address>
         <run_address>0x76e20</run_address>
         <size>0x18</size>
         <input_file_ref idref="fl-144"/>
      </object_component>
      <object_component id="oc-796">
         <name>.text:tcp_next_iss</name>
         <load_address>0x76e38</load_address>
         <run_address>0x76e38</run_address>
         <size>0x18</size>
         <input_file_ref idref="fl-8"/>
      </object_component>
      <object_component id="oc-56b">
         <name>.text:tcp_seg_free</name>
         <load_address>0x76e50</load_address>
         <run_address>0x76e50</run_address>
         <size>0x18</size>
         <input_file_ref idref="fl-8"/>
      </object_component>
      <object_component id="oc-47e">
         <name>.text:EMACReset</name>
         <load_address>0x76e68</load_address>
         <run_address>0x76e68</run_address>
         <size>0x16</size>
         <input_file_ref idref="fl-158"/>
      </object_component>
      <object_component id="oc-74b">
         <name>.text:EMACRxEnable</name>
         <load_address>0x76e7e</load_address>
         <run_address>0x76e7e</run_address>
         <size>0x16</size>
         <input_file_ref idref="fl-158"/>
      </object_component>
      <object_component id="oc-745">
         <name>.text:EMACTxEnable</name>
         <load_address>0x76e94</load_address>
         <run_address>0x76e94</run_address>
         <size>0x16</size>
         <input_file_ref idref="fl-158"/>
      </object_component>
      <object_component id="oc-61e">
         <name>.text:http_sent</name>
         <load_address>0x76eaa</load_address>
         <run_address>0x76eaa</run_address>
         <size>0x16</size>
         <input_file_ref idref="fl-b"/>
      </object_component>
      <object_component id="oc-76c">
         <name>.text:pbuf_ref</name>
         <load_address>0x76ec0</load_address>
         <run_address>0x76ec0</run_address>
         <size>0x16</size>
         <input_file_ref idref="fl-8"/>
      </object_component>
      <object_component id="oc-8e0">
         <name>.text</name>
         <load_address>0x76ed6</load_address>
         <run_address>0x76ed6</run_address>
         <size>0x16</size>
         <input_file_ref idref="fl-143"/>
      </object_component>
      <object_component id="oc-237">
         <name>.text:FlashUserGet</name>
         <load_address>0x76eec</load_address>
         <run_address>0x76eec</run_address>
         <size>0x14</size>
         <input_file_ref idref="fl-157"/>
      </object_component>
      <object_component id="oc-22b">
         <name>.text:SysTickEnable</name>
         <load_address>0x76f00</load_address>
         <run_address>0x76f00</run_address>
         <size>0x14</size>
         <input_file_ref idref="fl-153"/>
      </object_component>
      <object_component id="oc-231">
         <name>.text:SysTickIntEnable</name>
         <load_address>0x76f14</load_address>
         <run_address>0x76f14</run_address>
         <size>0x14</size>
         <input_file_ref idref="fl-153"/>
      </object_component>
      <object_component id="oc-9af">
         <name>.text:UARTEnable</name>
         <load_address>0x76f28</load_address>
         <run_address>0x76f28</run_address>
         <size>0x14</size>
         <input_file_ref idref="fl-151"/>
      </object_component>
      <object_component id="oc-28f">
         <name>.text</name>
         <load_address>0x76f3c</load_address>
         <run_address>0x76f3c</run_address>
         <size>0x14</size>
         <input_file_ref idref="fl-14a"/>
      </object_component>
      <object_component id="oc-87b">
         <name>.text</name>
         <load_address>0x76f50</load_address>
         <run_address>0x76f50</run_address>
         <size>0x14</size>
         <input_file_ref idref="fl-145"/>
      </object_component>
      <object_component id="oc-3cb">
         <name>.text:sys_arch_unprotect</name>
         <load_address>0x76f64</load_address>
         <run_address>0x76f64</run_address>
         <size>0x14</size>
         <input_file_ref idref="fl-8"/>
      </object_component>
      <object_component id="oc-6dd">
         <name>.text:tcp_close</name>
         <load_address>0x76f78</load_address>
         <run_address>0x76f78</run_address>
         <size>0x14</size>
         <input_file_ref idref="fl-8"/>
      </object_component>
      <object_component id="oc-351">
         <name>.text:GPIOPinTypeEthernetLED</name>
         <load_address>0x76f8c</load_address>
         <run_address>0x76f8c</run_address>
         <size>0x12</size>
         <input_file_ref idref="fl-156"/>
      </object_component>
      <object_component id="oc-21f">
         <name>.text:GPIOPinTypeUART</name>
         <load_address>0x76f9e</load_address>
         <run_address>0x76f9e</run_address>
         <size>0x12</size>
         <input_file_ref idref="fl-156"/>
      </object_component>
      <object_component id="oc-1c">
         <name>.text:decompress:ZI</name>
         <load_address>0x76fb0</load_address>
         <run_address>0x76fb0</run_address>
         <size>0x12</size>
         <input_file_ref idref="fl-13d"/>
      </object_component>
      <object_component id="oc-2d3">
         <name>.text:netif_set_link_down</name>
         <load_address>0x76fc2</load_address>
         <run_address>0x76fc2</run_address>
         <size>0x12</size>
         <input_file_ref idref="fl-8"/>
      </object_component>
      <object_component id="oc-778">
         <name>.text:pbuf_clen</name>
         <load_address>0x76fd4</load_address>
         <run_address>0x76fd4</run_address>
         <size>0x12</size>
         <input_file_ref idref="fl-8"/>
      </object_component>
      <object_component id="oc-43a">
         <name>.text:tcp_segs_free</name>
         <load_address>0x76fe6</load_address>
         <run_address>0x76fe6</run_address>
         <size>0x12</size>
         <input_file_ref idref="fl-8"/>
      </object_component>
      <object_component id="oc-733">
         <name>.text:EMACFrameFilterSet</name>
         <load_address>0x76ff8</load_address>
         <run_address>0x76ff8</run_address>
         <size>0x10</size>
         <input_file_ref idref="fl-158"/>
      </object_component>
      <object_component id="oc-225">
         <name>.text:SysTickPeriodSet</name>
         <load_address>0x77008</load_address>
         <run_address>0x77008</run_address>
         <size>0x10</size>
         <input_file_ref idref="fl-153"/>
      </object_component>
      <object_component id="oc-261">
         <name>.text:WatchdogLockState</name>
         <load_address>0x77018</load_address>
         <run_address>0x77018</run_address>
         <size>0x10</size>
         <input_file_ref idref="fl-150"/>
      </object_component>
      <object_component id="oc-485">
         <name>.text:lwip_init</name>
         <load_address>0x77028</load_address>
         <run_address>0x77028</run_address>
         <size>0x10</size>
         <input_file_ref idref="fl-8"/>
      </object_component>
      <object_component id="oc-3c5">
         <name>.text:sys_arch_protect</name>
         <load_address>0x77038</load_address>
         <run_address>0x77038</run_address>
         <size>0x10</size>
         <input_file_ref idref="fl-8"/>
      </object_component>
      <object_component id="oc-16">
         <name>.text:decompress:none</name>
         <load_address>0x77048</load_address>
         <run_address>0x77048</run_address>
         <size>0xe</size>
         <input_file_ref idref="fl-13b"/>
      </object_component>
      <object_component id="oc-84e">
         <name>.text:CPUcpsie</name>
         <load_address>0x77056</load_address>
         <run_address>0x77056</run_address>
         <size>0xc</size>
         <input_file_ref idref="fl-159"/>
      </object_component>
      <object_component id="oc-1fb">
         <name>.text:SysCtlMOSCConfigSet</name>
         <load_address>0x77064</load_address>
         <run_address>0x77064</run_address>
         <size>0xc</size>
         <input_file_ref idref="fl-154"/>
      </object_component>
      <object_component id="oc-267">
         <name>.text:WatchdogUnlock</name>
         <load_address>0x77070</load_address>
         <run_address>0x77070</run_address>
         <size>0xc</size>
         <input_file_ref idref="fl-150"/>
      </object_component>
      <object_component id="oc-243">
         <name>.text:httpd_init</name>
         <load_address>0x7707c</load_address>
         <run_address>0x7707c</run_address>
         <size>0xc</size>
         <input_file_ref idref="fl-b"/>
      </object_component>
      <object_component id="oc-514">
         <name>.text:inet_chksum</name>
         <load_address>0x77088</load_address>
         <run_address>0x77088</run_address>
         <size>0xc</size>
         <input_file_ref idref="fl-8"/>
      </object_component>
      <object_component id="oc-309">
         <name>.text:lwIPLocalIPAddrGet</name>
         <load_address>0x77094</load_address>
         <run_address>0x77094</run_address>
         <size>0xc</size>
         <input_file_ref idref="fl-8"/>
      </object_component>
      <object_component id="oc-50c">
         <name>.text:lwip_htons</name>
         <load_address>0x770a0</load_address>
         <run_address>0x770a0</run_address>
         <size>0xc</size>
         <input_file_ref idref="fl-8"/>
      </object_component>
      <object_component id="oc-497">
         <name>.text:netif_set_default</name>
         <load_address>0x770ac</load_address>
         <run_address>0x770ac</run_address>
         <size>0xc</size>
         <input_file_ref idref="fl-8"/>
      </object_component>
      <object_component id="oc-71a">
         <name>.text:netif_set_gw</name>
         <load_address>0x770b8</load_address>
         <run_address>0x770b8</run_address>
         <size>0xc</size>
         <input_file_ref idref="fl-8"/>
      </object_component>
      <object_component id="oc-714">
         <name>.text:netif_set_netmask</name>
         <load_address>0x770c4</load_address>
         <run_address>0x770c4</run_address>
         <size>0xc</size>
         <input_file_ref idref="fl-8"/>
      </object_component>
      <object_component id="oc-700">
         <name>.text:sys_now</name>
         <load_address>0x770d0</load_address>
         <run_address>0x770d0</run_address>
         <size>0xc</size>
         <input_file_ref idref="fl-8"/>
      </object_component>
      <object_component id="oc-757">
         <name>.text:IntMasterEnable</name>
         <load_address>0x770dc</load_address>
         <run_address>0x770dc</run_address>
         <size>0xa</size>
         <input_file_ref idref="fl-155"/>
      </object_component>
      <object_component id="oc-954">
         <name>.text:UARTCharPut</name>
         <load_address>0x770e6</load_address>
         <run_address>0x770e6</run_address>
         <size>0xa</size>
         <input_file_ref idref="fl-151"/>
      </object_component>
      <object_component id="oc-96b">
         <name>.text:UARTIntDisable</name>
         <load_address>0x770f0</load_address>
         <run_address>0x770f0</run_address>
         <size>0xa</size>
         <input_file_ref idref="fl-151"/>
      </object_component>
      <object_component id="oc-279">
         <name>.text:WatchdogEnable</name>
         <load_address>0x770fa</load_address>
         <run_address>0x770fa</run_address>
         <size>0xa</size>
         <input_file_ref idref="fl-150"/>
      </object_component>
      <object_component id="oc-93c">
         <name>.text:WatchdogResetDisable</name>
         <load_address>0x77104</load_address>
         <run_address>0x77104</run_address>
         <size>0xa</size>
         <input_file_ref idref="fl-150"/>
      </object_component>
      <object_component id="oc-273">
         <name>.text:WatchdogResetEnable</name>
         <load_address>0x7710e</load_address>
         <run_address>0x7710e</run_address>
         <size>0xa</size>
         <input_file_ref idref="fl-150"/>
      </object_component>
      <object_component id="oc-606">
         <name>.text:tcp_poll</name>
         <load_address>0x77118</load_address>
         <run_address>0x77118</run_address>
         <size>0xa</size>
         <input_file_ref idref="fl-8"/>
      </object_component>
      <object_component id="oc-77e">
         <name>.text:EMACTxDMAPollDemand</name>
         <load_address>0x77122</load_address>
         <run_address>0x77122</run_address>
         <size>0x8</size>
         <input_file_ref idref="fl-158"/>
      </object_component>
      <object_component id="oc-936">
         <name>.text:UARTIntEnable</name>
         <load_address>0x7712a</load_address>
         <run_address>0x7712a</run_address>
         <size>0x8</size>
         <input_file_ref idref="fl-151"/>
      </object_component>
      <object_component id="oc-887">
         <name>.text:fs_bytes_left</name>
         <load_address>0x77132</load_address>
         <run_address>0x77132</run_address>
         <size>0x8</size>
         <input_file_ref idref="fl-5"/>
      </object_component>
      <object_component id="oc-618">
         <name>.text:http_err</name>
         <load_address>0x7713a</load_address>
         <run_address>0x7713a</run_address>
         <size>0x8</size>
         <input_file_ref idref="fl-b"/>
      </object_component>
      <object_component id="oc-52c">
         <name>.text:icmp_dest_unreach</name>
         <load_address>0x77142</load_address>
         <run_address>0x77142</run_address>
         <size>0x8</size>
         <input_file_ref idref="fl-8"/>
      </object_component>
      <object_component id="oc-83a">
         <name>.text:EMACRxDMADescriptorListSet</name>
         <load_address>0x7714a</load_address>
         <run_address>0x7714a</run_address>
         <size>0x6</size>
         <input_file_ref idref="fl-158"/>
      </object_component>
      <object_component id="oc-ec">
         <name>.text:EMACTimestampIntStatus</name>
         <load_address>0x77150</load_address>
         <run_address>0x77150</run_address>
         <size>0x6</size>
         <input_file_ref idref="fl-158"/>
      </object_component>
      <object_component id="oc-840">
         <name>.text:EMACTxDMADescriptorListSet</name>
         <load_address>0x77156</load_address>
         <run_address>0x77156</run_address>
         <size>0x6</size>
         <input_file_ref idref="fl-158"/>
      </object_component>
      <object_component id="oc-27f">
         <name>.text:GPIOPinRead</name>
         <load_address>0x7715c</load_address>
         <run_address>0x7715c</run_address>
         <size>0x6</size>
         <input_file_ref idref="fl-156"/>
      </object_component>
      <object_component id="oc-c6">
         <name>.text:GPIOPinWrite</name>
         <load_address>0x77162</load_address>
         <run_address>0x77162</run_address>
         <size>0x6</size>
         <input_file_ref idref="fl-156"/>
      </object_component>
      <object_component id="oc-29">
         <name>.text:ResetISR</name>
         <load_address>0x77168</load_address>
         <run_address>0x77168</run_address>
         <size>0x6</size>
         <input_file_ref idref="fl-6"/>
      </object_component>
      <object_component id="oc-d2">
         <name>.text:SysCtlDelay</name>
         <load_address>0x7716e</load_address>
         <run_address>0x7716e</run_address>
         <size>0x6</size>
         <input_file_ref idref="fl-154"/>
      </object_component>
      <object_component id="oc-41">
         <name>.text:SysTickIntHandler</name>
         <load_address>0x77174</load_address>
         <run_address>0x77174</run_address>
         <size>0x6</size>
         <input_file_ref idref="fl-3"/>
      </object_component>
      <object_component id="oc-25b">
         <name>.text:UARTFIFOLevelSet</name>
         <load_address>0x7717a</load_address>
         <run_address>0x7717a</run_address>
         <size>0x6</size>
         <input_file_ref idref="fl-151"/>
      </object_component>
      <object_component id="oc-22">
         <name>.text:decompress:rle24</name>
         <load_address>0x77180</load_address>
         <run_address>0x77180</run_address>
         <size>0x6</size>
         <input_file_ref idref="fl-13c"/>
      </object_component>
      <object_component id="oc-68d">
         <name>.text:tcp_abort</name>
         <load_address>0x77186</load_address>
         <run_address>0x77186</run_address>
         <size>0x6</size>
         <input_file_ref idref="fl-8"/>
      </object_component>
      <object_component id="oc-5ea">
         <name>.text:tcp_accept_null</name>
         <load_address>0x7718c</load_address>
         <run_address>0x7718c</run_address>
         <size>0x6</size>
         <input_file_ref idref="fl-8"/>
      </object_component>
      <object_component id="oc-600">
         <name>.text:tcp_err</name>
         <load_address>0x77192</load_address>
         <run_address>0x77192</run_address>
         <size>0x6</size>
         <input_file_ref idref="fl-8"/>
      </object_component>
      <object_component id="oc-4ad">
         <name>.text:tcp_new</name>
         <load_address>0x77198</load_address>
         <run_address>0x77198</run_address>
         <size>0x6</size>
         <input_file_ref idref="fl-8"/>
      </object_component>
      <object_component id="oc-5fa">
         <name>.text:tcp_recv</name>
         <load_address>0x7719e</load_address>
         <run_address>0x7719e</run_address>
         <size>0x6</size>
[...]
         <object_component_ref idref="oc-696"/>
      </symbol>
      <symbol id="sm-cc1">
         <name>g_RxDescList</name>
         <value>0x20018034</value>
         <object_component_ref idref="oc-13d"/>
      </symbol>
      <symbol id="sm-cc2">
         <name>g_TxDescList</name>
         <value>0x20018024</value>
         <object_component_ref idref="oc-13d"/>
      </symbol>
      <symbol id="sm-cc3">
         <name>sys_timeout</name>
         <value>0x75785</value>
         <object_component_ref idref="oc-6fa"/>
      </symbol>
      <symbol id="sm-cc4">
         <name>etharp_tmr</name>
         <value>0x764dd</value>
         <object_component_ref idref="oc-1ac"/>
      </symbol>
      <symbol id="sm-cc5">
         <name>tcp_abort</name>
         <value>0x77187</value>
         <object_component_ref idref="oc-68d"/>
      </symbol>
      <symbol id="sm-cc6">
         <name>mem_trim</name>
         <value>0x73839</value>
         <object_component_ref idref="oc-664"/>
      </symbol>
      <symbol id="sm-cc7">
         <name>tcp_setprio</name>
         <value>0x771bd</value>
         <object_component_ref idref="oc-4b3"/>
      </symbol>
      <symbol id="sm-cc8">
         <name>lwip_stats</name>
         <value>0x20017870</value>
         <object_component_ref idref="oc-305"/>
      </symbol>
      <symbol id="sm-cf6">
         <name>UARTStdioConfig</name>
         <value>0x75725</value>
         <object_component_ref idref="oc-20d"/>
      </symbol>
      <symbol id="sm-d4b">
         <name>uvsnprintf</name>
         <value>0x71ab1</value>
         <object_component_ref idref="oc-552"/>
      </symbol>
      <symbol id="sm-d4c">
         <name>ustrncpy</name>
         <value>0x76c2d</value>
         <object_component_ref idref="oc-6be"/>
      </symbol>
      <symbol id="sm-d4d">
         <name>usprintf</name>
         <value>0x76d11</value>
         <object_component_ref idref="oc-40e"/>
      </symbol>
      <symbol id="sm-d4e">
         <name>ustrncmp</name>
         <value>0x76971</value>
         <object_component_ref idref="oc-930"/>
      </symbol>
      <symbol id="sm-f1c">
         <name>g_pCGIs</name>
         <value>0x20017b90</value>
      </symbol>
      <symbol id="sm-f1d">
         <name>g_iNumCGIs</name>
         <value>0x20017b8c</value>
      </symbol>
      <symbol id="sm-f1e">
         <name>g_iNumTags</name>
         <value>0x2001806c</value>
         <object_component_ref idref="oc-91e"/>
      </symbol>
      <symbol id="sm-f1f">
         <name>g_pcSSIExtensions</name>
         <value>0x6f7b8</value>
         <object_component_ref idref="oc-90c"/>
      </symbol>
      <symbol id="sm-f20">
         <name>httpd_init</name>
         <value>0x7707d</value>
         <object_component_ref idref="oc-243"/>
      </symbol>
      <symbol id="sm-f21">
         <name>g_ppcTags</name>
         <value>0x20018070</value>
         <object_component_ref idref="oc-91e"/>
      </symbol>
      <symbol id="sm-f22">
         <name>g_pcTagLeadIn</name>
         <value>0x6f7c8</value>
         <object_component_ref idref="oc-90c"/>
      </symbol>
      <symbol id="sm-f23">
         <name>g_pfnSSIHandler</name>
         <value>0x20018068</value>
         <object_component_ref idref="oc-91e"/>
      </symbol>
      <symbol id="sm-f24">
         <name>g_psDefaultFilenames</name>
         <value>0x6f774</value>
         <object_component_ref idref="oc-90f"/>
      </symbol>
      <symbol id="sm-f25">
         <name>g_pcTagLeadOut</name>
         <value>0x6f7cc</value>
         <object_component_ref idref="oc-90c"/>
      </symbol>
      <symbol id="sm-f43">
         <name>PinoutSet</name>
         <value>0x71cf9</value>
         <object_component_ref idref="oc-207"/>
      </symbol>
      <symbol id="sm-f53">
         <name>_c_int00</name>
         <value>0x761ed</value>
         <object_component_ref idref="oc-11"/>
      </symbol>
      <symbol id="sm-f54">
         <name>__stack</name>
         <value>0x20017c20</value>
         <object_component_ref idref="oc-28"/>
      </symbol>
      <symbol id="sm-f6b">
         <name>__TI_decompress_none</name>
         <value>0x77049</value>
         <object_component_ref idref="oc-16"/>
      </symbol>
      <symbol id="sm-f8f">
         <name>__TI_decompress_rle24</name>
         <value>0x77181</value>
         <object_component_ref idref="oc-22"/>
      </symbol>
      <symbol id="sm-fa3">
         <name>__TI_zero_init</name>
         <value>0x76fb1</value>
         <object_component_ref idref="oc-1c"/>
      </symbol>
      <symbol id="sm-fc2">
         <name>C$$EXIT</name>
         <value>0x7634d</value>
         <object_component_ref idref="oc-8b"/>
      </symbol>
      <symbol id="sm-fc3">
         <name>abort</name>
         <value>0x76351</value>
         <object_component_ref idref="oc-8b"/>
      </symbol>
      <symbol id="sm-fc4">
         <name>exit</name>
         <value>0x76359</value>
         <object_component_ref idref="oc-8b"/>
      </symbol>
      <symbol id="sm-fc5">
         <name>__TI_dtors_ptr</name>
         <value>0x20018088</value>
         <object_component_ref idref="oc-123"/>
      </symbol>
      <symbol id="sm-fc6">
         <name>__TI_cleanup_ptr</name>
         <value>0x20018084</value>
         <object_component_ref idref="oc-123"/>
      </symbol>
      <symbol id="sm-fd6">
         <name>memcmp</name>
         <value>0x76c0b</value>
         <object_component_ref idref="oc-3df"/>
      </symbol>
      <symbol id="sm-ff1">
         <name>memcpy</name>
         <value>0x744a3</value>
         <object_component_ref idref="oc-95"/>
      </symbol>
      <symbol id="sm-ff2">
         <name>__aeabi_memcpy</name>
         <value>0x744a3</value>
         <object_component_ref idref="oc-95"/>
      </symbol>
      <symbol id="sm-ff3">
         <name>__aeabi_memcpy8</name>
         <value>0x744a3</value>
         <object_component_ref idref="oc-95"/>
      </symbol>
      <symbol id="sm-ff4">
         <name>__aeabi_memcpy4</name>
         <value>0x744a3</value>
         <object_component_ref idref="oc-95"/>
      </symbol>
      <symbol id="sm-1003">
         <name>__aeabi_memset</name>
         <value>0x74f37</value>
         <object_component_ref idref="oc-791"/>
      </symbol>
      <symbol id="sm-1004">
         <name>memset</name>
         <value>0x74f3d</value>
         <object_component_ref idref="oc-791"/>
      </symbol>
      <symbol id="sm-1005">
         <name>__aeabi_memset8</name>
         <value>0x74f37</value>
         <object_component_ref idref="oc-791"/>
      </symbol>
      <symbol id="sm-1006">
         <name>__aeabi_memset4</name>
         <value>0x74f37</value>
         <object_component_ref idref="oc-791"/>
      </symbol>
      <symbol id="sm-1007">
         <name>__aeabi_memclr8</name>
         <value>0x74f35</value>
         <object_component_ref idref="oc-791"/>
      </symbol>
      <symbol id="sm-1008">
         <name>__aeabi_memclr4</name>
         <value>0x74f35</value>
         <object_component_ref idref="oc-791"/>
      </symbol>
      <symbol id="sm-1009">
         <name>__aeabi_memclr</name>
         <value>0x74f35</value>
         <object_component_ref idref="oc-791"/>
      </symbol>
      <symbol id="sm-1011">
         <name>main_func_sp</name>
         <value>0x2001809c</value>
         <object_component_ref idref="oc-91"/>
      </symbol>
      <symbol id="sm-1021">
         <name>strchr</name>
         <value>0x76ed7</value>
         <object_component_ref idref="oc-8e0"/>
      </symbol>
      <symbol id="sm-1030">
         <name>strcmp</name>
         <value>0x76e21</value>
         <object_component_ref idref="oc-8e6"/>
      </symbol>
      <symbol id="sm-103e">
         <name>strlen</name>
         <value>0x76f51</value>
         <object_component_ref idref="oc-87b"/>
      </symbol>
      <symbol id="sm-104e">
         <name>strncmp</name>
         <value>0x76aeb</value>
         <object_component_ref idref="oc-86e"/>
      </symbol>
      <symbol id="sm-1061">
         <name>strstr</name>
         <value>0x767dd</value>
         <object_component_ref idref="oc-8fe"/>
      </symbol>
      <symbol id="sm-1082">
         <name>strtoul</name>
         <value>0x73335</value>
         <object_component_ref idref="oc-99d"/>
      </symbol>
      <symbol id="sm-1092">
         <name>__aeabi_uidivmod</name>
         <value>0x76419</value>
         <object_component_ref idref="oc-6c4"/>
      </symbol>
      <symbol id="sm-10ab">
         <name>_nop</name>
         <value>0x76f4b</value>
         <object_component_ref idref="oc-28f"/>
      </symbol>
      <symbol id="sm-10ac">
         <name>_lock</name>
         <value>0x2001807c</value>
         <object_component_ref idref="oc-120"/>
      </symbol>
      <symbol id="sm-10ad">
         <name>_unlock</name>
         <value>0x20018080</value>
         <object_component_ref idref="oc-120"/>
      </symbol>
      <symbol id="sm-10ae">
         <name>_register_lock</name>
         <value>0x76f43</value>
         <object_component_ref idref="oc-28f"/>
      </symbol>
      <symbol id="sm-10af">
         <name>_register_unlock</name>
         <value>0x76f3d</value>
         <object_component_ref idref="oc-28f"/>
      </symbol>
      <symbol id="sm-10c3">
         <name>_args_main</name>
         <value>0x76e09</value>
         <object_component_ref idref="oc-85"/>
      </symbol>
      <symbol id="sm-10e0">
         <name>__TI_auto_init</name>
         <value>0x745dd</value>
         <object_component_ref idref="oc-80"/>
      </symbol>
      <symbol id="sm-10f9">
         <name>copy_in</name>
         <value>0x76309</value>
         <object_component_ref idref="oc-111"/>
      </symbol>
      <symbol id="sm-1104">
         <name>_ctypes_</name>
         <value>0x6f19c</value>
         <object_component_ref idref="oc-9f3"/>
      </symbol>
      <symbol id="sm-110c">
         <name>_Errno</name>
         <value>0x20018098</value>
         <object_component_ref idref="oc-9f6"/>
      </symbol>
      <symbol id="sm-114d">
         <name>WatchdogUnlock</name>
         <value>0x77071</value>
         <object_component_ref idref="oc-267"/>
      </symbol>
      <symbol id="sm-114e">
         <name>WatchdogResetDisable</name>
         <value>0x77105</value>
         <object_component_ref idref="oc-93c"/>
      </symbol>
      <symbol id="sm-114f">
         <name>WatchdogLockState</name>
         <value>0x77019</value>
         <object_component_ref idref="oc-261"/>
      </symbol>
      <symbol id="sm-1150">
         <name>WatchdogReloadSet</name>
         <value>0x771a9</value>
         <object_component_ref idref="oc-26d"/>
      </symbol>
      <symbol id="sm-1151">
         <name>WatchdogResetEnable</name>
         <value>0x7710f</value>
         <object_component_ref idref="oc-273"/>
      </symbol>
      <symbol id="sm-1152">
         <name>WatchdogEnable</name>
         <value>0x770fb</value>
         <object_component_ref idref="oc-279"/>
      </symbol>
      <symbol id="sm-1198">
         <name>UARTConfigSetExpClk</name>
         <value>0x7649d</value>
         <object_component_ref idref="oc-948"/>
      </symbol>
      <symbol id="sm-1199">
         <name>UARTDisable</name>
         <value>0x76d51</value>
         <object_component_ref idref="oc-9a9"/>
      </symbol>
      <symbol id="sm-119a">
         <name>UARTIntEnable</name>
         <value>0x7712b</value>
         <object_component_ref idref="oc-936"/>
      </symbol>
      <symbol id="sm-119b">
         <name>UARTIntDisable</name>
         <value>0x770f1</value>
         <object_component_ref idref="oc-96b"/>
      </symbol>
      <symbol id="sm-119c">
         <name>UARTCharPut</name>
         <value>0x770e7</value>
         <object_component_ref idref="oc-954"/>
      </symbol>
      <symbol id="sm-119d">
         <name>UARTEnable</name>
         <value>0x76f29</value>
         <object_component_ref idref="oc-9af"/>
      </symbol>
      <symbol id="sm-119e">
         <name>UARTFIFOLevelSet</name>
         <value>0x7717b</value>
         <object_component_ref idref="oc-25b"/>
      </symbol>
      <symbol id="sm-11ab">
         <name>TimerIntClear</name>
         <value>0x771a5</value>
         <object_component_ref idref="oc-e1"/>
      </symbol>
      <symbol id="sm-11ce">
         <name>SysTickEnable</name>
         <value>0x76f01</value>
         <object_component_ref idref="oc-22b"/>
      </symbol>
      <symbol id="sm-11cf">
         <name>SysTickIntEnable</name>
         <value>0x76f15</value>
         <object_component_ref idref="oc-231"/>
      </symbol>
      <symbol id="sm-11d0">
         <name>SysTickPeriodSet</name>
         <value>0x77009</value>
         <object_component_ref idref="oc-225"/>
      </symbol>
      <symbol id="sm-128a">
         <name>SysCtlDelay</name>
         <value>0x7716f</value>
         <object_component_ref idref="oc-d2"/>
      </symbol>
      <symbol id="sm-128b">
         <name>SysCtlMOSCConfigSet</name>
         <value>0x77065</value>
         <object_component_ref idref="oc-1fb"/>
      </symbol>
      <symbol id="sm-128c">
         <name>SysCtlPeripheralEnable</name>
         <value>0x76741</value>
         <object_component_ref idref="oc-213"/>
      </symbol>
      <symbol id="sm-128d">
         <name>SysCtlClockGet</name>
         <value>0x72dc9</value>
         <object_component_ref idref="oc-cc"/>
      </symbol>
      <symbol id="sm-128e">
         <name>SysCtlPeripheralReady</name>
         <value>0x76775</value>
         <object_component_ref idref="oc-478"/>
      </symbol>
      <symbol id="sm-128f">
         <name>SysCtlClockFreqSet</name>
         <value>0x71f0d</value>
         <object_component_ref idref="oc-201"/>
      </symbol>
      <symbol id="sm-1290">
         <name>SysCtlPeripheralReset</name>
         <value>0x75d21</value>
         <object_component_ref idref="oc-472"/>
      </symbol>
      <symbol id="sm-12cf">
         <name>IntPrioritySet</name>
         <value>0x76b11</value>
         <object_component_ref idref="oc-249"/>
      </symbol>
      <symbol id="sm-12d0">
         <name>IntEnable</name>
         <value>0x756c5</value>
         <object_component_ref idref="oc-255"/>
      </symbol>
      <symbol id="sm-12d1">
         <name>IntMasterEnable</name>
         <value>0x770dd</value>
         <object_component_ref idref="oc-757"/>
      </symbol>
      <symbol id="sm-1321">
         <name>GPIOPinConfigure</name>
         <value>0x760cd</value>
         <object_component_ref idref="oc-219"/>
      </symbol>
      <symbol id="sm-1322">
         <name>GPIOPinTypeUART</name>
         <value>0x76f9f</value>
         <object_component_ref idref="oc-21f"/>
      </symbol>
      <symbol id="sm-1323">
         <name>GPIOPinRead</name>
         <value>0x7715d</value>
         <object_component_ref idref="oc-27f"/>
      </symbol>
      <symbol id="sm-1324">
         <name>GPIODirModeSet</name>
         <value>0x76a25</value>
         <object_component_ref idref="oc-369"/>
      </symbol>
      <symbol id="sm-1325">
         <name>GPIOPinWrite</name>
         <value>0x77163</value>
         <object_component_ref idref="oc-c6"/>
      </symbol>
      <symbol id="sm-1326">
         <name>GPIOPadConfigSet</name>
         <value>0x72a41</value>
         <object_component_ref idref="oc-34b"/>
      </symbol>
      <symbol id="sm-1327">
         <name>GPIOPinTypeEthernetLED</name>
         <value>0x76f8d</value>
         <object_component_ref idref="oc-351"/>
      </symbol>
      <symbol id="sm-1336">
         <name>FlashUserGet</name>
         <value>0x76eed</value>
         <object_component_ref idref="oc-237"/>
      </symbol>
      <symbol id="sm-13f0">
         <name>EMACConfigSet</name>
         <value>0x766a5</value>
         <object_component_ref idref="oc-2e5"/>
      </symbol>
      <symbol id="sm-13f1">
         <name>EMACTxEnable</name>
         <value>0x76e95</value>
         <object_component_ref idref="oc-745"/>
      </symbol>
      <symbol id="sm-13f2">
         <name>EMACRxDMADescriptorListSet</name>
         <value>0x7714b</value>
         <object_component_ref idref="oc-83a"/>
      </symbol>
      <symbol id="sm-13f3">
         <name>EMACPHYConfigSet</name>
         <value>0x75ac9</value>
         <object_component_ref idref="oc-376"/>
      </symbol>
      <symbol id="sm-13f4">
         <name>EMACPHYRead</name>
         <value>0x76a79</value>
         <object_component_ref idref="oc-2cd"/>
      </symbol>
      <symbol id="sm-13f5">
         <name>EMACTimestampIntStatus</name>
         <value>0x77151</value>
         <object_component_ref idref="oc-ec"/>
      </symbol>
      <symbol id="sm-13f6">
         <name>EMACRxEnable</name>
         <value>0x76e7f</value>
         <object_component_ref idref="oc-74b"/>
      </symbol>
      <symbol id="sm-13f7">
         <name>EMACIntClear</name>
         <value>0x766d9</value>
         <object_component_ref idref="oc-73f"/>
      </symbol>
      <symbol id="sm-13f8">
         <name>EMACConfigGet</name>
         <value>0x76671</value>
         <object_component_ref idref="oc-2df"/>
      </symbol>
      <symbol id="sm-13f9">
         <name>EMACIntEnable</name>
         <value>0x7651d</value>
         <object_component_ref idref="oc-751"/>
      </symbol>
      <symbol id="sm-13fa">
         <name>EMACPHYWrite</name>
         <value>0x76a9f</value>
         <object_component_ref idref="oc-72d"/>
      </symbol>
      <symbol id="sm-13fb">
         <name>EMACReset</name>
         <value>0x76e69</value>
         <object_component_ref idref="oc-47e"/>
      </symbol>
      <symbol id="sm-13fc">
         <name>EMACFrameFilterSet</name>
         <value>0x76ff9</value>
         <object_component_ref idref="oc-733"/>
      </symbol>
      <symbol id="sm-13fd">
         <name>EMACTxDMAPollDemand</name>
         <value>0x77123</value>
         <object_component_ref idref="oc-77e"/>
      </symbol>
      <symbol id="sm-13fe">
         <name>EMACAddrGet</name>
         <value>0x76d31</value>
         <object_component_ref idref="oc-721"/>
      </symbol>
      <symbol id="sm-13ff">
         <name>EMACTxDMADescriptorListSet</name>
         <value>0x77157</value>
         <object_component_ref idref="oc-840"/>
      </symbol>
      <symbol id="sm-1400">
         <name>EMACIntStatus</name>
         <value>0x769a1</value>
         <object_component_ref idref="oc-739"/>
      </symbol>
      <symbol id="sm-140a">
         <name>CPUcpsie</name>
         <value>0x77057</value>
         <object_component_ref idref="oc-84e"/>
      </symbol>
      <symbol id="sm-140c">
         <name>__TI_static_base__</name>
         <value>0x0</value>
      </symbol>
      <symbol id="sm-140d">
         <name>__TI_args_main</name>
         <value>0x1</value>
      </symbol>
      <symbol id="sm-140e">
         <name>SHT$$INIT_ARRAY$$Limit</name>
         <value>0x0</value>
      </symbol>
      <symbol id="sm-140f">
         <name>SHT$$INIT_ARRAY$$Base</name>
         <value>0x0</value>
      </symbol>
      <symbol id="sm-1413">
         <name>lwip_ntohs</name>
         <value>0x770a1</value>
      </symbol>
      <symbol id="sm-1414">
         <name>lwip_ntohl</name>
         <value>0x76da5</value>
      </symbol>
   </symbol_table>
   <title>Link successful</title>
</link_info>
